../Middlewares/c_library_v2-master/common/../checksum.h:35:20:crc_accumulate	24	static
../Middlewares/c_library_v2-master/common/../checksum.h:52:20:crc_init	16	static
../Middlewares/c_library_v2-master/common/../checksum.h:65:24:crc_calculate	24	static
../Middlewares/c_library_v2-master/common/../checksum.h:85:20:crc_accumulate_buffer	32	static
../Middlewares/c_library_v2-master/common/../mavlink_sha256.h:91:21:mavlink_sha256_init	16	static
../Middlewares/c_library_v2-master/common/../mavlink_sha256.h:105:20:mavlink_sha256_calc	320	static
../Middlewares/c_library_v2-master/common/../mavlink_sha256.h:152:21:mavlink_sha256_update	120	static
../Middlewares/c_library_v2-master/common/../mavlink_sha256.h:192:21:mavlink_sha256_final_48	104	static
../Middlewares/c_library_v2-master/common/../mavlink_helpers.h:23:34:mavlink_get_channel_status	16	static
../Middlewares/c_library_v2-master/common/../mavlink_helpers.h:72:24:mavlink_sign_packet	144	static
../Middlewares/c_library_v2-master/common/../mavlink_helpers.h:109:24:_mav_trim_payload	16	static
../Middlewares/c_library_v2-master/common/../mavlink_helpers.h:212:25:mavlink_finalize_message_buffer	80	static
../Middlewares/c_library_v2-master/common/../mavlink_helpers.h:275:25:mavlink_finalize_message_chan	40	static
../Middlewares/c_library_v2-master/common/../mavlink_helpers.h:285:25:mavlink_finalize_message	32	static
../Middlewares/c_library_v2-master/common/../mavlink_helpers.h:428:25:mavlink_msg_to_send_buffer	32	static
../Middlewares/c_library_v2-master/common/./mavlink_msg_gps_raw_int.h:107:24:mavlink_msg_gps_raw_int_pack	96	static
../Middlewares/c_library_v2-master/common/./mavlink_msg_gps_raw_int.h:238:24:mavlink_msg_gps_raw_int_encode	160	static
../Middlewares/c_library_v2-master/common/../minimal/./mavlink_msg_heartbeat.h:66:24:mavlink_msg_heartbeat_pack	40	static
../Core/Src/GPS.c:59:6:GPS_Init	8	static
../Core/Src/GPS.c:64:6:Mavlink_TX_Heartbeat	344	static
../Core/Src/GPS.c:79:6:GPS_UART_CallBack	8	static
../Core/Src/GPS.c:98:5:GPS_validate	32	static
../Core/Src/GPS.c:136:6:GPS_parse	128	static
../Core/Src/GPS.c:169:7:GPS_nmea_to_dec	32	static
../Core/Src/GPS.c:180:6:Transmit_mavlink_data_GPS	400	static
