Archive member included to satisfy reference by file (symbol)

c:/st/stm32cubeide_1.12.0/stm32cubeide/plugins/com.st.stm32cube.ide.mcu.externaltools.gnu-tools-for-stm32.10.3-2021.10.win32_1.0.200.202301161003/tools/bin/../lib/gcc/arm-none-eabi/10.3.1/../../../../arm-none-eabi/lib/thumb/v7e-m+fp/hard\libc_nano.a(lib_a-assert.o)
                              ./Middlewares/kalman-clib-master/src/cholesky.o (__assert_func)
c:/st/stm32cubeide_1.12.0/stm32cubeide/plugins/com.st.stm32cube.ide.mcu.externaltools.gnu-tools-for-stm32.10.3-2021.10.win32_1.0.200.202301161003/tools/bin/../lib/gcc/arm-none-eabi/10.3.1/../../../../arm-none-eabi/lib/thumb/v7e-m+fp/hard\libc_nano.a(lib_a-errno.o)
                              ./Core/Src/syscalls.o (__errno)
c:/st/stm32cubeide_1.12.0/stm32cubeide/plugins/com.st.stm32cube.ide.mcu.externaltools.gnu-tools-for-stm32.10.3-2021.10.win32_1.0.200.202301161003/tools/bin/../lib/gcc/arm-none-eabi/10.3.1/../../../../arm-none-eabi/lib/thumb/v7e-m+fp/hard\libc_nano.a(lib_a-exit.o)
                              c:/st/stm32cubeide_1.12.0/stm32cubeide/plugins/com.st.stm32cube.ide.mcu.externaltools.gnu-tools-for-stm32.10.3-2021.10.win32_1.0.200.202301161003/tools/bin/../lib/gcc/arm-none-eabi/10.3.1/../../../../arm-none-eabi/lib/thumb/v7e-m+fp/hard/crt0.o (exit)
c:/st/stm32cubeide_1.12.0/stm32cubeide/plugins/com.st.stm32cube.ide.mcu.externaltools.gnu-tools-for-stm32.10.3-2021.10.win32_1.0.200.202301161003/tools/bin/../lib/gcc/arm-none-eabi/10.3.1/../../../../arm-none-eabi/lib/thumb/v7e-m+fp/hard\libc_nano.a(lib_a-fprintf.o)
                              c:/st/stm32cubeide_1.12.0/stm32cubeide/plugins/com.st.stm32cube.ide.mcu.externaltools.gnu-tools-for-stm32.10.3-2021.10.win32_1.0.200.202301161003/tools/bin/../lib/gcc/arm-none-eabi/10.3.1/../../../../arm-none-eabi/lib/thumb/v7e-m+fp/hard\libc_nano.a(lib_a-assert.o) (fiprintf)
c:/st/stm32cubeide_1.12.0/stm32cubeide/plugins/com.st.stm32cube.ide.mcu.externaltools.gnu-tools-for-stm32.10.3-2021.10.win32_1.0.200.202301161003/tools/bin/../lib/gcc/arm-none-eabi/10.3.1/../../../../arm-none-eabi/lib/thumb/v7e-m+fp/hard\libc_nano.a(lib_a-impure.o)
                              c:/st/stm32cubeide_1.12.0/stm32cubeide/plugins/com.st.stm32cube.ide.mcu.externaltools.gnu-tools-for-stm32.10.3-2021.10.win32_1.0.200.202301161003/tools/bin/../lib/gcc/arm-none-eabi/10.3.1/../../../../arm-none-eabi/lib/thumb/v7e-m+fp/hard\libc_nano.a(lib_a-exit.o) (_global_impure_ptr)
c:/st/stm32cubeide_1.12.0/stm32cubeide/plugins/com.st.stm32cube.ide.mcu.externaltools.gnu-tools-for-stm32.10.3-2021.10.win32_1.0.200.202301161003/tools/bin/../lib/gcc/arm-none-eabi/10.3.1/../../../../arm-none-eabi/lib/thumb/v7e-m+fp/hard\libc_nano.a(lib_a-init.o)
                              c:/st/stm32cubeide_1.12.0/stm32cubeide/plugins/com.st.stm32cube.ide.mcu.externaltools.gnu-tools-for-stm32.10.3-2021.10.win32_1.0.200.202301161003/tools/bin/../lib/gcc/arm-none-eabi/10.3.1/../../../../arm-none-eabi/lib/thumb/v7e-m+fp/hard/crt0.o (__libc_init_array)
c:/st/stm32cubeide_1.12.0/stm32cubeide/plugins/com.st.stm32cube.ide.mcu.externaltools.gnu-tools-for-stm32.10.3-2021.10.win32_1.0.200.202301161003/tools/bin/../lib/gcc/arm-none-eabi/10.3.1/../../../../arm-none-eabi/lib/thumb/v7e-m+fp/hard\libc_nano.a(lib_a-memcpy-stub.o)
                              ./Core/Src/GPS.o (memcpy)
c:/st/stm32cubeide_1.12.0/stm32cubeide/plugins/com.st.stm32cube.ide.mcu.externaltools.gnu-tools-for-stm32.10.3-2021.10.win32_1.0.200.202301161003/tools/bin/../lib/gcc/arm-none-eabi/10.3.1/../../../../arm-none-eabi/lib/thumb/v7e-m+fp/hard\libc_nano.a(lib_a-memset.o)
                              c:/st/stm32cubeide_1.12.0/stm32cubeide/plugins/com.st.stm32cube.ide.mcu.externaltools.gnu-tools-for-stm32.10.3-2021.10.win32_1.0.200.202301161003/tools/bin/../lib/gcc/arm-none-eabi/10.3.1/../../../../arm-none-eabi/lib/thumb/v7e-m+fp/hard/crt0.o (memset)
c:/st/stm32cubeide_1.12.0/stm32cubeide/plugins/com.st.stm32cube.ide.mcu.externaltools.gnu-tools-for-stm32.10.3-2021.10.win32_1.0.200.202301161003/tools/bin/../lib/gcc/arm-none-eabi/10.3.1/../../../../arm-none-eabi/lib/thumb/v7e-m+fp/hard\libc_nano.a(lib_a-nano-vfprintf.o)
                              c:/st/stm32cubeide_1.12.0/stm32cubeide/plugins/com.st.stm32cube.ide.mcu.externaltools.gnu-tools-for-stm32.10.3-2021.10.win32_1.0.200.202301161003/tools/bin/../lib/gcc/arm-none-eabi/10.3.1/../../../../arm-none-eabi/lib/thumb/v7e-m+fp/hard\libc_nano.a(lib_a-fprintf.o) (_vfprintf_r)
c:/st/stm32cubeide_1.12.0/stm32cubeide/plugins/com.st.stm32cube.ide.mcu.externaltools.gnu-tools-for-stm32.10.3-2021.10.win32_1.0.200.202301161003/tools/bin/../lib/gcc/arm-none-eabi/10.3.1/../../../../arm-none-eabi/lib/thumb/v7e-m+fp/hard\libc_nano.a(lib_a-nano-vfprintf_float.o)
[...]
Memory Configuration

Name             Origin             Length             Attributes
RAM              0x0000000020000000 0x0000000000020000 xrw
FLASH            0x0000000008000000 0x0000000000080000 xr
*default*        0x0000000000000000 0xffffffffffffffff

Linker script and memory map

LOAD c:/st/stm32cubeide_1.12.0/stm32cubeide/plugins/com.st.stm32cube.ide.mcu.externaltools.gnu-tools-for-stm32.10.3-2021.10.win32_1.0.200.202301161003/tools/bin/../lib/gcc/arm-none-eabi/10.3.1/thumb/v7e-m+fp/hard/crti.o
LOAD c:/st/stm32cubeide_1.12.0/stm32cubeide/plugins/com.st.stm32cube.ide.mcu.externaltools.gnu-tools-for-stm32.10.3-2021.10.win32_1.0.200.202301161003/tools/bin/../lib/gcc/arm-none-eabi/10.3.1/thumb/v7e-m+fp/hard/crtbegin.o
LOAD c:/st/stm32cubeide_1.12.0/stm32cubeide/plugins/com.st.stm32cube.ide.mcu.externaltools.gnu-tools-for-stm32.10.3-2021.10.win32_1.0.200.202301161003/tools/bin/../lib/gcc/arm-none-eabi/10.3.1/../../../../arm-none-eabi/lib/thumb/v7e-m+fp/hard/crt0.o
LOAD ./Core/Src/BMP180.o
LOAD ./Core/Src/GPS.o
LOAD ./Core/Src/MPU6050.o
LOAD ./Core/Src/freertos.o
LOAD ./Core/Src/gpio.o
LOAD ./Core/Src/i2c.o
LOAD ./Core/Src/main.o
LOAD ./Core/Src/stm32f4xx_hal_msp.o
LOAD ./Core/Src/stm32f4xx_it.o
LOAD ./Core/Src/syscalls.o
LOAD ./Core/Src/sysmem.o
LOAD ./Core/Src/system_stm32f4xx.o
LOAD ./Core/Src/usart.o
LOAD ./Core/Startup/startup_stm32f411vetx.o
LOAD ./Drivers/STM32F4xx_HAL_Driver/Src/stm32f4xx_hal.o
LOAD ./Drivers/STM32F4xx_HAL_Driver/Src/stm32f4xx_hal_cortex.o
LOAD ./Drivers/STM32F4xx_HAL_Driver/Src/stm32f4xx_hal_dma.o
LOAD ./Drivers/STM32F4xx_HAL_Driver/Src/stm32f4xx_hal_dma_ex.o
LOAD ./Drivers/STM32F4xx_HAL_Driver/Src/stm32f4xx_hal_exti.o
LOAD ./Drivers/STM32F4xx_HAL_Driver/Src/stm32f4xx_hal_flash.o
LOAD ./Drivers/STM32F4xx_HAL_Driver/Src/stm32f4xx_hal_flash_ex.o
LOAD ./Drivers/STM32F4xx_HAL_Driver/Src/stm32f4xx_hal_flash_ramfunc.o
LOAD ./Drivers/STM32F4xx_HAL_Driver/Src/stm32f4xx_hal_gpio.o
LOAD ./Drivers/STM32F4xx_HAL_Driver/Src/stm32f4xx_hal_i2c.o
LOAD ./Drivers/STM32F4xx_HAL_Driver/Src/stm32f4xx_hal_i2c_ex.o
LOAD ./Drivers/STM32F4xx_HAL_Driver/Src/stm32f4xx_hal_pwr.o
LOAD ./Drivers/STM32F4xx_HAL_Driver/Src/stm32f4xx_hal_pwr_ex.o
LOAD ./Drivers/STM32F4xx_HAL_Driver/Src/stm32f4xx_hal_rcc.o
LOAD ./Drivers/STM32F4xx_HAL_Driver/Src/stm32f4xx_hal_rcc_ex.o
LOAD ./Drivers/STM32F4xx_HAL_Driver/Src/stm32f4xx_hal_uart.o
LOAD ./Middlewares/Third_Party/FreeRTOS/Source/CMSIS_RTOS_V2/cmsis_os2.o
LOAD ./Middlewares/Third_Party/FreeRTOS/Source/croutine.o
LOAD ./Middlewares/Third_Party/FreeRTOS/Source/event_groups.o
LOAD ./Middlewares/Third_Party/FreeRTOS/Source/list.o
LOAD ./Middlewares/Third_Party/FreeRTOS/Source/queue.o
LOAD ./Middlewares/Third_Party/FreeRTOS/Source/stream_buffer.o
LOAD ./Middlewares/Third_Party/FreeRTOS/Source/tasks.o
LOAD ./Middlewares/Third_Party/FreeRTOS/Source/timers.o
LOAD ./Middlewares/Third_Party/FreeRTOS/Source/portable/GCC/ARM_CM4F/port.o
LOAD ./Middlewares/Third_Party/FreeRTOS/Source/portable/MemMang/heap_4.o
LOAD ./Middlewares/kalman-clib-master/src/cholesky.o
LOAD ./Middlewares/kalman-clib-master/src/kalman.o
LOAD ./Middlewares/kalman-clib-master/src/kalman_example.o
LOAD ./Middlewares/kalman-clib-master/src/kalman_example_gravity.o
LOAD ./Middlewares/kalman-clib-master/src/matrix.o
LOAD ./Middlewares/kalman-clib-master/src/matrix_unittests.o
START GROUP
LOAD c:/st/stm32cubeide_1.12.0/stm32cubeide/plugins/com.st.stm32cube.ide.mcu.externaltools.gnu-tools-for-stm32.10.3-2021.10.win32_1.0.200.202301161003/tools/bin/../lib/gcc/arm-none-eabi/10.3.1/../../../../arm-none-eabi/lib/thumb/v7e-m+fp/hard\libc_nano.a
LOAD c:/st/stm32cubeide_1.12.0/stm32cubeide/plugins/com.st.stm32cube.ide.mcu.externaltools.gnu-tools-for-stm32.10.3-2021.10.win32_1.0.200.202301161003/tools/bin/../lib/gcc/arm-none-eabi/10.3.1/../../../../arm-none-eabi/lib/thumb/v7e-m+fp/hard\libm.a
END GROUP
START GROUP
LOAD c:/st/stm32cubeide_1.12.0/stm32cubeide/plugins/com.st.stm32cube.ide.mcu.externaltools.gnu-tools-for-stm32.10.3-2021.10.win32_1.0.200.202301161003/tools/bin/../lib/gcc/arm-none-eabi/10.3.1/thumb/v7e-m+fp/hard\libgcc.a
LOAD c:/st/stm32cubeide_1.12.0/stm32cubeide/plugins/com.st.stm32cube.ide.mcu.externaltools.gnu-tools-for-stm32.10.3-2021.10.win32_1.0.200.202301161003/tools/bin/../lib/gcc/arm-none-eabi/10.3.1/../../../../arm-none-eabi/lib/thumb/v7e-m+fp/hard\libc_nano.a
END GROUP
START GROUP
LOAD c:/st/stm32cubeide_1.12.0/stm32cubeide/plugins/com.st.stm32cube.ide.mcu.externaltools.gnu-tools-for-stm32.10.3-2021.10.win32_1.0.200.202301161003/tools/bin/../lib/gcc/arm-none-eabi/10.3.1/thumb/v7e-m+fp/hard\libgcc.a
LOAD c:/st/stm32cubeide_1.12.0/stm32cubeide/plugins/com.st.stm32cube.ide.mcu.externaltools.gnu-tools-for-stm32.10.3-2021.10.win32_1.0.200.202301161003/tools/bin/../lib/gcc/arm-none-eabi/10.3.1/../../../../arm-none-eabi/lib/thumb/v7e-m+fp/hard\libc_nano.a
LOAD c:/st/stm32cubeide_1.12.0/stm32cubeide/plugins/com.st.stm32cube.ide.mcu.externaltools.gnu-tools-for-stm32.10.3-2021.10.win32_1.0.200.202301161003/tools/bin/../lib/gcc/arm-none-eabi/10.3.1/../../../../arm-none-eabi/lib/thumb/v7e-m+fp/hard\libnosys.a
END GROUP
START GROUP
LOAD c:/st/stm32cubeide_1.12.0/stm32cubeide/plugins/com.st.stm32cube.ide.mcu.externaltools.gnu-tools-for-stm32.10.3-2021.10.win32_1.0.200.202301161003/tools/bin/../lib/gcc/arm-none-eabi/10.3.1/thumb/v7e-m+fp/hard\libgcc.a
LOAD c:/st/stm32cubeide_1.12.0/stm32cubeide/plugins/com.st.stm32cube.ide.mcu.externaltools.gnu-tools-for-stm32.10.3-2021.10.win32_1.0.200.202301161003/tools/bin/../lib/gcc/arm-none-eabi/10.3.1/../../../../arm-none-eabi/lib/thumb/v7e-m+fp/hard\libc_nano.a
LOAD c:/st/stm32cubeide_1.12.0/stm32cubeide/plugins/com.st.stm32cube.ide.mcu.externaltools.gnu-tools-for-stm32.10.3-2021.10.win32_1.0.200.202301161003/tools/bin/../lib/gcc/arm-none-eabi/10.3.1/../../../../arm-none-eabi/lib/thumb/v7e-m+fp/hard\libnosys.a
END GROUP
LOAD c:/st/stm32cubeide_1.12.0/stm32cubeide/plugins/com.st.stm32cube.ide.mcu.externaltools.gnu-tools-for-stm32.10.3-2021.10.win32_1.0.200.202301161003/tools/bin/../lib/gcc/arm-none-eabi/10.3.1/thumb/v7e-m+fp/hard/crtend.o
LOAD c:/st/stm32cubeide_1.12.0/stm32cubeide/plugins/com.st.stm32cube.ide.mcu.externaltools.gnu-tools-for-stm32.10.3-2021.10.win32_1.0.200.202301161003/tools/bin/../lib/gcc/arm-none-eabi/10.3.1/thumb/v7e-m+fp/hard/crtn.o
                0x0000000020020000                _estack = (ORIGIN (RAM) + LENGTH (RAM))
                0x0000000000000200                _Min_Heap_Size = 0x200
                0x0000000000000400                _Min_Stack_Size = 0x400

.isr_vector     0x0000000008000000      0x198
                0x0000000008000000                . = ALIGN (0x4)
 *(.isr_vector)
 .isr_vector    0x0000000008000000      0x198 ./Core/Startup/startup_stm32f411vetx.o
                0x0000000008000000                g_pfnVectors
                0x0000000008000198                . = ALIGN (0x4)

.text           0x00000000080001a0    0x10a28
                0x00000000080001a0                . = ALIGN (0x4)
 *(.text)
 .text          0x00000000080001a0       0x40 c:/st/stm32cubeide_1.12.0/stm32cubeide/plugins/com.st.stm32cube.ide.mcu.externaltools.gnu-tools-for-stm32.10.3-2021.10.win32_1.0.200.202301161003/tools/bin/../lib/gcc/arm-none-eabi/10.3.1/thumb/v7e-m+fp/hard/crtbegin.o
 .text          0x00000000080001e0       0x14 c:/st/stm32cubeide_1.12.0/stm32cubeide/plugins/com.st.stm32cube.ide.mcu.externaltools.gnu-tools-for-stm32.10.3-2021.10.win32_1.0.200.202301161003/tools/bin/../lib/gcc/arm-none-eabi/10.3.1/../../../../arm-none-eabi/lib/thumb/v7e-m+fp/hard\libc_nano.a(lib_a-strcmp.o)
                0x00000000080001e0                strcmp
 .text          0x00000000080001f4       0x10 c:/st/stm32cubeide_1.12.0/stm32cubeide/plugins/com.st.stm32cube.ide.mcu.externaltools.gnu-tools-for-stm32.10.3-2021.10.win32_1.0.200.202301161003/tools/bin/../lib/gcc/arm-none-eabi/10.3.1/../../../../arm-none-eabi/lib/thumb/v7e-m+fp/hard\libc_nano.a(lib_a-strlen.o)
                0x00000000080001f4                strlen
 *fill*         0x0000000008000204        0xc 
 .text          0x0000000008000210       0xa0 c:/st/stm32cubeide_1.12.0/stm32cubeide/plugins/com.st.stm32cube.ide.mcu.externaltools.gnu-tools-for-stm32.10.3-2021.10.win32_1.0.200.202301161003/tools/bin/../lib/gcc/arm-none-eabi/10.3.1/../../../../arm-none-eabi/lib/thumb/v7e-m+fp/hard\libc_nano.a(lib_a-memchr.o)
                0x0000000008000210                memchr
 .text          0x00000000080002b0      0x378 c:/st/stm32cubeide_1.12.0/stm32cubeide/plugins/com.st.stm32cube.ide.mcu.externaltools.gnu-tools-for-stm32.10.3-2021.10.win32_1.0.200.202301161003/tools/bin/../lib/gcc/arm-none-eabi/10.3.1/thumb/v7e-m+fp/hard\libgcc.a(_arm_addsubdf3.o)
                0x00000000080002b0                __aeabi_drsub
                0x00000000080002b8                __aeabi_dsub
                0x00000000080002b8                __subdf3
                0x00000000080002bc                __aeabi_dadd
                0x00000000080002bc                __adddf3
                0x0000000008000534                __floatunsidf
                0x0000000008000534                __aeabi_ui2d
                0x0000000008000554                __floatsidf
                0x0000000008000554                __aeabi_i2d
                0x0000000008000578                __aeabi_f2d
                0x0000000008000578                __extendsfdf2
                0x00000000080005bc                __floatundidf
                0x00000000080005bc                __aeabi_ul2d
                0x00000000080005cc                __floatdidf
                0x00000000080005cc                __aeabi_l2d
 .text          0x0000000008000628      0x424 c:/st/stm32cubeide_1.12.0/stm32cubeide/plugins/com.st.stm32cube.ide.mcu.externaltools.gnu-tools-for-stm32.10.3-2021.10.win32_1.0.200.202301161003/tools/bin/../lib/gcc/arm-none-eabi/10.3.1/thumb/v7e-m+fp/hard\libgcc.a(_arm_muldivdf3.o)
                0x0000000008000628                __aeabi_dmul
                0x0000000008000628                __muldf3
                0x000000000800087c                __divdf3
                0x000000000800087c                __aeabi_ddiv
 .text          0x0000000008000a4c      0x110 c:/st/stm32cubeide_1.12.0/stm32cubeide/plugins/com.st.stm32cube.ide.mcu.externaltools.gnu-tools-for-stm32.10.3-2021.10.win32_1.0.200.202301161003/tools/bin/../lib/gcc/arm-none-eabi/10.3.1/thumb/v7e-m+fp/hard\libgcc.a(_arm_cmpdf2.o)
                0x0000000008000a4c                __gtdf2
                0x0000000008000a4c                __gedf2
                0x0000000008000a54                __ltdf2
                0x0000000008000a54                __ledf2
                0x0000000008000a5c                __nedf2
                0x0000000008000a5c                __eqdf2
                0x0000000008000a5c                __cmpdf2
                0x0000000008000ad8                __aeabi_cdrcmple
                0x0000000008000ae8                __aeabi_cdcmpeq
                0x0000000008000ae8                __aeabi_cdcmple
                0x0000000008000af8                __aeabi_dcmpeq
                0x0000000008000b0c                __aeabi_dcmplt
                0x0000000008000b20                __aeabi_dcmple
                0x0000000008000b34                __aeabi_dcmpge
                0x0000000008000b48                __aeabi_dcmpgt
 .text          0x0000000008000b5c       0x2c c:/st/stm32cubeide_1.12.0/stm32cubeide/plugins/com.st.stm32cube.ide.mcu.externaltools.gnu-tools-for-stm32.10.3-2021.10.win32_1.0.200.202301161003/tools/bin/../lib/gcc/arm-none-eabi/10.3.1/thumb/v7e-m+fp/hard\libgcc.a(_arm_unorddf2.o)
                0x0000000008000b5c                __unorddf2
                0x0000000008000b5c                __aeabi_dcmpun
 .text          0x0000000008000b88       0x50 c:/st/stm32cubeide_1.12.0/stm32cubeide/plugins/com.st.stm32cube.ide.mcu.externaltools.gnu-tools-for-stm32.10.3-2021.10.win32_1.0.200.202301161003/tools/bin/../lib/gcc/arm-none-eabi/10.3.1/thumb/v7e-m+fp/hard\libgcc.a(_arm_fixdfsi.o)
                0x0000000008000b88                __aeabi_d2iz
                0x0000000008000b88                __fixdfsi
 .text          0x0000000008000bd8       0x40 c:/st/stm32cubeide_1.12.0/stm32cubeide/plugins/com.st.stm32cube.ide.mcu.externaltools.gnu-tools-for-stm32.10.3-2021.10.win32_1.0.200.202301161003/tools/bin/../lib/gcc/arm-none-eabi/10.3.1/thumb/v7e-m+fp/hard\libgcc.a(_arm_fixunsdfsi.o)
                0x0000000008000bd8                __aeabi_d2uiz
                0x0000000008000bd8                __fixunsdfsi
 .text          0x0000000008000c18       0xa0 c:/st/stm32cubeide_1.12.0/stm32cubeide/plugins/com.st.stm32cube.ide.mcu.externaltools.gnu-tools-for-stm32.10.3-2021.10.win32_1.0.200.202301161003/tools/bin/../lib/gcc/arm-none-eabi/10.3.1/thumb/v7e-m+fp/hard\libgcc.a(_arm_truncdfsf2.o)
                0x0000000008000c18                __truncdfsf2
                0x0000000008000c18                __aeabi_d2f
 .text          0x0000000008000cb8       0x30 c:/st/stm32cubeide_1.12.0/stm32cubeide/plugins/com.st.stm32cube.ide.mcu.externaltools.gnu-tools-for-stm32.10.3-2021.10.win32_1.0.200.202301161003/tools/bin/../lib/gcc/arm-none-eabi/10.3.1/thumb/v7e-m+fp/hard\libgcc.a(_aeabi_uldivmod.o)
                0x0000000008000cb8                __aeabi_uldivmod
 .text          0x0000000008000ce8       0x30 c:/st/stm32cubeide_1.12.0/stm32cubeide/plugins/com.st.stm32cube.ide.mcu.externaltools.gnu-tools-for-stm32.10.3-2021.10.win32_1.0.200.202301161003/tools/bin/../lib/gcc/arm-none-eabi/10.3.1/thumb/v7e-m+fp/hard\libgcc.a(_fixdfdi.o)
                0x0000000008000ce8                __fixdfdi
                0x0000000008000ce8                __aeabi_d2lz
 .text          0x0000000008000d18       0x40 c:/st/stm32cubeide_1.12.0/stm32cubeide/plugins/com.st.stm32cube.ide.mcu.externaltools.gnu-tools-for-stm32.10.3-2021.10.win32_1.0.200.202301161003/tools/bin/../lib/gcc/arm-none-eabi/10.3.1/thumb/v7e-m+fp/hard\libgcc.a(_fixunssfdi.o)
                0x0000000008000d18                __fixunssfdi
                0x0000000008000d18                __aeabi_f2ulz
 .text          0x0000000008000d58       0x3c c:/st/stm32cubeide_1.12.0/stm32cubeide/plugins/com.st.stm32cube.ide.mcu.externaltools.gnu-tools-for-stm32.10.3-2021.10.win32_1.0.200.202301161003/tools/bin/../lib/gcc/arm-none-eabi/10.3.1/thumb/v7e-m+fp/hard\libgcc.a(_fixunsdfdi.o)
                0x0000000008000d58                __fixunsdfdi
                0x0000000008000d58                __aeabi_d2ulz
 .text          0x0000000008000d94      0x2d0 c:/st/stm32cubeide_1.12.0/stm32cubeide/plugins/com.st.stm32cube.ide.mcu.externaltools.gnu-tools-for-stm32.10.3-2021.10.win32_1.0.200.202301161003/tools/bin/../lib/gcc/arm-none-eabi/10.3.1/thumb/v7e-m+fp/hard\libgcc.a(_udivmoddi4.o)
                0x0000000008000d94                __udivmoddi4
 .text          0x0000000008001064        0x4 c:/st/stm32cubeide_1.12.0/stm32cubeide/plugins/com.st.stm32cube.ide.mcu.externaltools.gnu-tools-for-stm32.10.3-2021.10.win32_1.0.200.202301161003/tools/bin/../lib/gcc/arm-none-eabi/10.3.1/thumb/v7e-m+fp/hard\libgcc.a(_dvmd_tls.o)
                0x0000000008001064                __aeabi_idiv0
                0x0000000008001064                __aeabi_ldiv0
 *(.text*)
 .text.BMP180_Init
                0x0000000008001068       0x34 ./Core/Src/BMP180.o
                0x0000000008001068                BMP180_Init
 .text.BMP180_reset
                0x000000000800109c       0x38 ./Core/Src/BMP180.o
                0x000000000800109c                BMP180_reset
 .text.BMP180_ReadCalibration
                0x00000000080010d4      0x130 ./Core/Src/BMP180.o
                0x00000000080010d4                BMP180_ReadCalibration
 .text.BMP180_Read_UT
                0x0000000008001204       0x84 ./Core/Src/BMP180.o
                0x0000000008001204                BMP180_Read_UT
 .text.BMP180_Read_UP
                0x0000000008001288       0xfc ./Core/Src/BMP180.o
                0x0000000008001288                BMP180_Read_UP
 .text.BMP180_Calculate_RT
                0x0000000008001384       0x58 ./Core/Src/BMP180.o
                0x0000000008001384                BMP180_Calculate_RT
 .text.BMP180_Calculate_RP
                0x00000000080013dc      0x118 ./Core/Src/BMP180.o
                0x00000000080013dc                BMP180_Calculate_RP
 *fill*         0x00000000080014f4        0x4 
 .text.BMP180_Calculate_Altitude
                0x00000000080014f8       0x88 ./Core/Src/BMP180.o
                0x00000000080014f8                BMP180_Calculate_Altitude
 .text.crc_accumulate
                0x0000000008001580       0x64 ./Core/Src/GPS.o
 .text.crc_init
                0x00000000080015e4       0x1c ./Core/Src/GPS.o
 .text.crc_calculate
                0x0000000008001600       0x40 ./Core/Src/GPS.o
 .text.crc_accumulate_buffer
                0x0000000008001640       0x38 ./Core/Src/GPS.o
 .text.mavlink_sha256_init
                0x0000000008001678       0x70 ./Core/Src/GPS.o
 .text.mavlink_sha256_calc
                0x00000000080016e8      0x3c0 ./Core/Src/GPS.o
 .text.mavlink_sha256_update
                0x0000000008001aa8       0xfe ./Core/Src/GPS.o
 .text.mavlink_sha256_final_48
                0x0000000008001ba6      0x12e ./Core/Src/GPS.o
 .text.mavlink_get_channel_status
                0x0000000008001cd4       0x28 ./Core/Src/GPS.o
 .text.mavlink_sign_packet
                0x0000000008001cfc       0xcc ./Core/Src/GPS.o
 .text._mav_trim_payload
                0x0000000008001dc8       0x36 ./Core/Src/GPS.o
 .text.mavlink_finalize_message_buffer
                0x0000000008001dfe      0x26e ./Core/Src/GPS.o
 .text.mavlink_finalize_message_chan
                0x000000000800206c       0x48 ./Core/Src/GPS.o
 .text.mavlink_finalize_message
                0x00000000080020b4       0x3c ./Core/Src/GPS.o
 .text.mavlink_msg_to_send_buffer
                0x00000000080020f0      0x1be ./Core/Src/GPS.o
 .text.mavlink_msg_gps_raw_int_pack
                0x00000000080022ae       0xd8 ./Core/Src/GPS.o
 .text.mavlink_msg_gps_raw_int_encode
                0x0000000008002386       0xec ./Core/Src/GPS.o
 .text.mavlink_msg_heartbeat_pack
                0x0000000008002472       0x70 ./Core/Src/GPS.o
 *fill*         0x00000000080024e2        0x2 
 .text.GPS_Init
                0x00000000080024e4       0x1c ./Core/Src/GPS.o
                0x00000000080024e4                GPS_Init
 .text.Mavlink_TX_Heartbeat
                0x0000000008002500       0x5c ./Core/Src/GPS.o
                0x0000000008002500                Mavlink_TX_Heartbeat
 .text.GPS_UART_CallBack
                0x000000000800255c       0x70 ./Core/Src/GPS.o
                0x000000000800255c                GPS_UART_CallBack
 .text.GPS_validate
                0x00000000080025cc       0xc4 ./Core/Src/GPS.o
                0x00000000080025cc                GPS_validate
 .text.GPS_parse
                0x0000000008002690      0x288 ./Core/Src/GPS.o
                0x0000000008002690                GPS_parse
 .text.GPS_nmea_to_dec
                0x0000000008002918       0x9c ./Core/Src/GPS.o
                0x0000000008002918                GPS_nmea_to_dec
 *fill*         0x00000000080029b4        0x4 
 .text.Transmit_mavlink_data_GPS
                0x00000000080029b8      0x1b4 ./Core/Src/GPS.o
                0x00000000080029b8                Transmit_mavlink_data_GPS
 .text.crc_accumulate
                0x0000000008002b6c       0x64 ./Core/Src/MPU6050.o
 .text.crc_init
                0x0000000008002bd0       0x1c ./Core/Src/MPU6050.o
 .text.crc_calculate
                0x0000000008002bec       0x40 ./Core/Src/MPU6050.o
 .text.crc_accumulate_buffer
                0x0000000008002c2c       0x38 ./Core/Src/MPU6050.o
 .text.mavlink_sha256_init
                0x0000000008002c64       0x70 ./Core/Src/MPU6050.o
 .text.mavlink_sha256_calc
                0x0000000008002cd4      0x3c0 ./Core/Src/MPU6050.o
 .text.mavlink_sha256_update
                0x0000000008003094       0xfe ./Core/Src/MPU6050.o
 .text.mavlink_sha256_final_48
                0x0000000008003192      0x12e ./Core/Src/MPU6050.o
 .text.mavlink_get_channel_status
                0x00000000080032c0       0x28 ./Core/Src/MPU6050.o
 .text.mavlink_sign_packet
                0x00000000080032e8       0xcc ./Core/Src/MPU6050.o
 .text._mav_trim_payload
                0x00000000080033b4       0x36 ./Core/Src/MPU6050.o
 .text.mavlink_finalize_message_buffer
                0x00000000080033ea      0x26e ./Core/Src/MPU6050.o
 .text.mavlink_finalize_message_chan
                0x0000000008003658       0x48 ./Core/Src/MPU6050.o
 .text.mavlink_finalize_message
                0x00000000080036a0       0x3c ./Core/Src/MPU6050.o
 .text.mavlink_msg_to_send_buffer
                0x00000000080036dc      0x1be ./Core/Src/MPU6050.o
 .text.mavlink_msg_raw_imu_pack
                0x000000000800389a       0xae ./Core/Src/MPU6050.o
 .text.mavlink_msg_raw_imu_encode
                0x0000000008003948       0xd2 ./Core/Src/MPU6050.o
 .text.MPU6050_Init
                0x0000000008003a1a       0xf2 ./Core/Src/MPU6050.o
                0x0000000008003a1a                MPU6050_Init
 *fill*         0x0000000008003b0c        0x4 
 .text.MPU6050_Read_All
                0x0000000008003b10      0x3cc ./Core/Src/MPU6050.o
                0x0000000008003b10                MPU6050_Read_All
 .text.Kalman_getAngle
                0x0000000008003edc      0x2b6 ./Core/Src/MPU6050.o
                0x0000000008003edc                Kalman_getAngle
 *fill*         0x0000000008004192        0x2 
 .text.Data_Ready
                0x0000000008004194       0x18 ./Core/Src/MPU6050.o
                0x0000000008004194                Data_Ready
 .text.Transmit_raw_data_IMU
                0x00000000080041ac      0x114 ./Core/Src/MPU6050.o
                0x00000000080041ac                Transmit_raw_data_IMU
 .text.MX_FREERTOS_Init
                0x00000000080042c0       0x8c ./Core/Src/freertos.o
                0x00000000080042c0                MX_FREERTOS_Init
 .text.StartDefaultTask
                0x000000000800434c       0x38 ./Core/Src/freertos.o
                0x000000000800434c                StartDefaultTask
 .text.BMP180_Func
                0x0000000008004384       0x5c ./Core/Src/freertos.o
                0x0000000008004384                BMP180_Func
 .text.MPU6050_Func
                0x00000000080043e0       0x9c ./Core/Src/freertos.o
                0x00000000080043e0                MPU6050_Func
 .text.GPS_Func
                0x000000000800447c       0x70 ./Core/Src/freertos.o
                0x000000000800447c                GPS_Func
 .text.MX_GPIO_Init
                0x00000000080044ec       0x78 ./Core/Src/gpio.o
                0x00000000080044ec                MX_GPIO_Init
 .text.MX_I2C1_Init
                0x0000000008004564       0x5c ./Core/Src/i2c.o
                0x0000000008004564                MX_I2C1_Init
 .text.MX_I2C2_Init
                0x00000000080045c0       0x5c ./Core/Src/i2c.o
                0x00000000080045c0                MX_I2C2_Init
 .text.HAL_I2C_MspInit
                0x000000000800461c      0x118 ./Core/Src/i2c.o
                0x000000000800461c                HAL_I2C_MspInit
 .text.HAL_UART_RxCpltCallback
                0x0000000008004734       0x20 ./Core/Src/main.o
                0x0000000008004734                HAL_UART_RxCpltCallback
 .text.main     0x0000000008004754       0x1e ./Core/Src/main.o
                0x0000000008004754                main
 *fill*         0x0000000008004772        0x2 
 .text.SystemClock_Config
                0x0000000008004774       0xd0 ./Core/Src/main.o
                0x0000000008004774                SystemClock_Config
 .text.Error_Handler
                0x0000000008004844        0xa ./Core/Src/main.o
                0x0000000008004844                Error_Handler
 *fill*         0x000000000800484e        0x2 
 .text.HAL_MspInit
                0x0000000008004850       0x58 ./Core/Src/stm32f4xx_hal_msp.o
                0x0000000008004850                HAL_MspInit
 .text.NMI_Handler
                0x00000000080048a8        0x6 ./Core/Src/stm32f4xx_it.o
                0x00000000080048a8                NMI_Handler
 .text.HardFault_Handler
                0x00000000080048ae        0x6 ./Core/Src/stm32f4xx_it.o
                0x00000000080048ae                HardFault_Handler
 .text.MemManage_Handler
                0x00000000080048b4        0x6 ./Core/Src/stm32f4xx_it.o
                0x00000000080048b4                MemManage_Handler
 .text.BusFault_Handler
                0x00000000080048ba        0x6 ./Core/Src/stm32f4xx_it.o
                0x00000000080048ba                BusFault_Handler
 .text.UsageFault_Handler
                0x00000000080048c0        0x6 ./Core/Src/stm32f4xx_it.o
                0x00000000080048c0                UsageFault_Handler
 .text.DebugMon_Handler
                0x00000000080048c6        0xe ./Core/Src/stm32f4xx_it.o
                0x00000000080048c6                DebugMon_Handler
 .text.SysTick_Handler
                0x00000000080048d4       0x1a ./Core/Src/stm32f4xx_it.o
                0x00000000080048d4                SysTick_Handler
 *fill*         0x00000000080048ee        0x2 
 .text.USART1_IRQHandler
                0x00000000080048f0       0x14 ./Core/Src/stm32f4xx_it.o
                0x00000000080048f0                USART1_IRQHandler
 .text._getpid  0x0000000008004904       0x10 ./Core/Src/syscalls.o
                0x0000000008004904                _getpid
 .text._kill    0x0000000008004914       0x20 ./Core/Src/syscalls.o
                0x0000000008004914                _kill
 .text._exit    0x0000000008004934       0x14 ./Core/Src/syscalls.o
                0x0000000008004934                _exit
 .text._read    0x0000000008004948       0x3a ./Core/Src/syscalls.o
                0x0000000008004948                _read
 .text._write   0x0000000008004982       0x38 ./Core/Src/syscalls.o
                0x0000000008004982                _write
 .text._close   0x00000000080049ba       0x18 ./Core/Src/syscalls.o
                0x00000000080049ba                _close
 .text._fstat   0x00000000080049d2       0x20 ./Core/Src/syscalls.o
                0x00000000080049d2                _fstat
 .text._isatty  0x00000000080049f2       0x16 ./Core/Src/syscalls.o
                0x00000000080049f2                _isatty
 .text._lseek   0x0000000008004a08       0x1a ./Core/Src/syscalls.o
                0x0000000008004a08                _lseek
 *fill*         0x0000000008004a22        0x2 
 .text._sbrk    0x0000000008004a24       0x6c ./Core/Src/sysmem.o
                0x0000000008004a24                _sbrk
 .text.SystemInit
                0x0000000008004a90       0x24 ./Core/Src/system_stm32f4xx.o
                0x0000000008004a90                SystemInit
 .text.MX_USART1_UART_Init
                0x0000000008004ab4       0x54 ./Core/Src/usart.o
                0x0000000008004ab4                MX_USART1_UART_Init
 .text.MX_USART2_UART_Init
                0x0000000008004b08       0x54 ./Core/Src/usart.o
                0x0000000008004b08                MX_USART2_UART_Init
 .text.HAL_UART_MspInit
                0x0000000008004b5c      0x108 ./Core/Src/usart.o
                0x0000000008004b5c                HAL_UART_MspInit
 .text.Reset_Handler
                0x0000000008004c64       0x50 ./Core/Startup/startup_stm32f411vetx.o
                0x0000000008004c64                Reset_Handler
 .text.Default_Handler
                0x0000000008004cb4        0x2 ./Core/Startup/startup_stm32f411vetx.o
                0x0000000008004cb4                RTC_Alarm_IRQHandler
                0x0000000008004cb4                EXTI2_IRQHandler
                0x0000000008004cb4                SPI4_IRQHandler
                0x0000000008004cb4                TIM1_CC_IRQHandler
                0x0000000008004cb4                DMA2_Stream5_IRQHandler
                0x0000000008004cb4                DMA1_Stream5_IRQHandler
                0x0000000008004cb4                PVD_IRQHandler
                0x0000000008004cb4                SDIO_IRQHandler
                0x0000000008004cb4                TAMP_STAMP_IRQHandler
                0x0000000008004cb4                EXTI3_IRQHandler
                0x0000000008004cb4                TIM1_UP_TIM10_IRQHandler
                0x0000000008004cb4                I2C3_ER_IRQHandler
                0x0000000008004cb4                EXTI0_IRQHandler
                0x0000000008004cb4                I2C2_EV_IRQHandler
                0x0000000008004cb4                DMA1_Stream2_IRQHandler
                0x0000000008004cb4                FPU_IRQHandler
                0x0000000008004cb4                DMA2_Stream2_IRQHandler
                0x0000000008004cb4                SPI1_IRQHandler
                0x0000000008004cb4                TIM1_BRK_TIM9_IRQHandler
                0x0000000008004cb4                DMA2_Stream3_IRQHandler
                0x0000000008004cb4                USART6_IRQHandler
                0x0000000008004cb4                DMA2_Stream0_IRQHandler
                0x0000000008004cb4                TIM4_IRQHandler
                0x0000000008004cb4                I2C1_EV_IRQHandler
                0x0000000008004cb4                DMA1_Stream6_IRQHandler
                0x0000000008004cb4                DMA1_Stream1_IRQHandler
                0x0000000008004cb4                TIM3_IRQHandler
                0x0000000008004cb4                RCC_IRQHandler
                0x0000000008004cb4                Default_Handler
                0x0000000008004cb4                EXTI15_10_IRQHandler
                0x0000000008004cb4                ADC_IRQHandler
                0x0000000008004cb4                DMA1_Stream7_IRQHandler
                0x0000000008004cb4                SPI5_IRQHandler
                0x0000000008004cb4                TIM5_IRQHandler
                0x0000000008004cb4                DMA2_Stream7_IRQHandler
                0x0000000008004cb4                I2C3_EV_IRQHandler
                0x0000000008004cb4                EXTI9_5_IRQHandler
                0x0000000008004cb4                RTC_WKUP_IRQHandler
                0x0000000008004cb4                SPI2_IRQHandler
                0x0000000008004cb4                DMA1_Stream0_IRQHandler
                0x0000000008004cb4                EXTI4_IRQHandler
                0x0000000008004cb4                WWDG_IRQHandler
                0x0000000008004cb4                TIM2_IRQHandler
                0x0000000008004cb4                OTG_FS_WKUP_IRQHandler
                0x0000000008004cb4                TIM1_TRG_COM_TIM11_IRQHandler
                0x0000000008004cb4                EXTI1_IRQHandler
                0x0000000008004cb4                USART2_IRQHandler
                0x0000000008004cb4                I2C2_ER_IRQHandler
                0x0000000008004cb4                DMA2_Stream1_IRQHandler
                0x0000000008004cb4                FLASH_IRQHandler
                0x0000000008004cb4                DMA2_Stream4_IRQHandler
                0x0000000008004cb4                OTG_FS_IRQHandler
                0x0000000008004cb4                SPI3_IRQHandler
                0x0000000008004cb4                DMA1_Stream4_IRQHandler
                0x0000000008004cb4                I2C1_ER_IRQHandler
                0x0000000008004cb4                DMA2_Stream6_IRQHandler
                0x0000000008004cb4                DMA1_Stream3_IRQHandler
 *fill*         0x0000000008004cb6        0x2 
 .text.HAL_Init
                0x0000000008004cb8       0x44 ./Drivers/STM32F4xx_HAL_Driver/Src/stm32f4xx_hal.o
                0x0000000008004cb8                HAL_Init
 .text.HAL_InitTick
                0x0000000008004cfc       0x60 ./Drivers/STM32F4xx_HAL_Driver/Src/stm32f4xx_hal.o
                0x0000000008004cfc                HAL_InitTick
 .text.HAL_IncTick
                0x0000000008004d5c       0x28 ./Drivers/STM32F4xx_HAL_Driver/Src/stm32f4xx_hal.o
                0x0000000008004d5c                HAL_IncTick
 .text.HAL_GetTick
                0x0000000008004d84       0x18 ./Drivers/STM32F4xx_HAL_Driver/Src/stm32f4xx_hal.o
                0x0000000008004d84                HAL_GetTick
 .text.HAL_Delay
                0x0000000008004d9c       0x48 ./Drivers/STM32F4xx_HAL_Driver/Src/stm32f4xx_hal.o
                0x0000000008004d9c                HAL_Delay
 .text.__NVIC_SetPriorityGrouping
                0x0000000008004de4       0x48 ./Drivers/STM32F4xx_HAL_Driver/Src/stm32f4xx_hal_cortex.o
 .text.__NVIC_GetPriorityGrouping
                0x0000000008004e2c       0x1c ./Drivers/STM32F4xx_HAL_Driver/Src/stm32f4xx_hal_cortex.o
 .text.__NVIC_EnableIRQ
                0x0000000008004e48       0x3c ./Drivers/STM32F4xx_HAL_Driver/Src/stm32f4xx_hal_cortex.o
 .text.__NVIC_SetPriority
                0x0000000008004e84       0x54 ./Drivers/STM32F4xx_HAL_Driver/Src/stm32f4xx_hal_cortex.o
 .text.NVIC_EncodePriority
                0x0000000008004ed8       0x66 ./Drivers/STM32F4xx_HAL_Driver/Src/stm32f4xx_hal_cortex.o
 *fill*         0x0000000008004f3e        0x2 
 .text.SysTick_Config
                0x0000000008004f40       0x44 ./Drivers/STM32F4xx_HAL_Driver/Src/stm32f4xx_hal_cortex.o
 .text.HAL_NVIC_SetPriorityGrouping
                0x0000000008004f84       0x16 ./Drivers/STM32F4xx_HAL_Driver/Src/stm32f4xx_hal_cortex.o
                0x0000000008004f84                HAL_NVIC_SetPriorityGrouping
 .text.HAL_NVIC_SetPriority
                0x0000000008004f9a       0x38 ./Drivers/STM32F4xx_HAL_Driver/Src/stm32f4xx_hal_cortex.o
                0x0000000008004f9a                HAL_NVIC_SetPriority
 .text.HAL_NVIC_EnableIRQ
                0x0000000008004fd2       0x1c ./Drivers/STM32F4xx_HAL_Driver/Src/stm32f4xx_hal_cortex.o
                0x0000000008004fd2                HAL_NVIC_EnableIRQ
 .text.HAL_SYSTICK_Config
                0x0000000008004fee       0x18 ./Drivers/STM32F4xx_HAL_Driver/Src/stm32f4xx_hal_cortex.o
                0x0000000008004fee                HAL_SYSTICK_Config
 .text.HAL_DMA_Abort
                0x0000000008005006       0xe0 ./Drivers/STM32F4xx_HAL_Driver/Src/stm32f4xx_hal_dma.o
                0x0000000008005006                HAL_DMA_Abort
 .text.HAL_DMA_Abort_IT
                0x00000000080050e6       0x44 ./Drivers/STM32F4xx_HAL_Driver/Src/stm32f4xx_hal_dma.o
                0x00000000080050e6                HAL_DMA_Abort_IT
 *fill*         0x000000000800512a        0x2 
 .text.HAL_GPIO_Init
                0x000000000800512c      0x308 ./Drivers/STM32F4xx_HAL_Driver/Src/stm32f4xx_hal_gpio.o
                0x000000000800512c                HAL_GPIO_Init
 .text.HAL_GPIO_ReadPin
                0x0000000008005434       0x30 ./Drivers/STM32F4xx_HAL_Driver/Src/stm32f4xx_hal_gpio.o
                0x0000000008005434                HAL_GPIO_ReadPin
 .text.HAL_I2C_Init
                0x0000000008005464      0x288 ./Drivers/STM32F4xx_HAL_Driver/Src/stm32f4xx_hal_i2c.o
                0x0000000008005464                HAL_I2C_Init
 .text.HAL_I2C_Mem_Write
                0x00000000080056ec      0x1f4 ./Drivers/STM32F4xx_HAL_Driver/Src/stm32f4xx_hal_i2c.o
                0x00000000080056ec                HAL_I2C_Mem_Write
 .text.HAL_I2C_Mem_Read
                0x00000000080058e0      0x44c ./Drivers/STM32F4xx_HAL_Driver/Src/stm32f4xx_hal_i2c.o
                0x00000000080058e0                HAL_I2C_Mem_Read
 .text.HAL_I2C_IsDeviceReady
                0x0000000008005d2c      0x25c ./Drivers/STM32F4xx_HAL_Driver/Src/stm32f4xx_hal_i2c.o
                0x0000000008005d2c                HAL_I2C_IsDeviceReady
 .text.I2C_RequestMemoryWrite
                0x0000000008005f88      0x12c ./Drivers/STM32F4xx_HAL_Driver/Src/stm32f4xx_hal_i2c.o
 .text.I2C_RequestMemoryRead
                0x00000000080060b4      0x1d0 ./Drivers/STM32F4xx_HAL_Driver/Src/stm32f4xx_hal_i2c.o
 .text.I2C_WaitOnFlagUntilTimeout
                0x0000000008006284       0xae ./Drivers/STM32F4xx_HAL_Driver/Src/stm32f4xx_hal_i2c.o
 .text.I2C_WaitOnMasterAddressFlagUntilTimeout
                0x0000000008006332       0xfe ./Drivers/STM32F4xx_HAL_Driver/Src/stm32f4xx_hal_i2c.o
 .text.I2C_WaitOnTXEFlagUntilTimeout
                0x0000000008006430       0x82 ./Drivers/STM32F4xx_HAL_Driver/Src/stm32f4xx_hal_i2c.o
 .text.I2C_WaitOnBTFFlagUntilTimeout
                0x00000000080064b2       0x82 ./Drivers/STM32F4xx_HAL_Driver/Src/stm32f4xx_hal_i2c.o
 .text.I2C_WaitOnRXNEFlagUntilTimeout
                0x0000000008006534       0xac ./Drivers/STM32F4xx_HAL_Driver/Src/stm32f4xx_hal_i2c.o
 .text.I2C_IsAcknowledgeFailed
                0x00000000080065e0       0x5e ./Drivers/STM32F4xx_HAL_Driver/Src/stm32f4xx_hal_i2c.o
 *fill*         0x000000000800663e        0x2 
 .text.HAL_RCC_OscConfig
                0x0000000008006640      0x4f0 ./Drivers/STM32F4xx_HAL_Driver/Src/stm32f4xx_hal_rcc.o
                0x0000000008006640                HAL_RCC_OscConfig
 .text.HAL_RCC_ClockConfig
                0x0000000008006b30      0x1cc ./Drivers/STM32F4xx_HAL_Driver/Src/stm32f4xx_hal_rcc.o
                0x0000000008006b30                HAL_RCC_ClockConfig
 .text.HAL_RCC_GetSysClockFreq
                0x0000000008006cfc      0x18c ./Drivers/STM32F4xx_HAL_Driver/Src/stm32f4xx_hal_rcc.o
                0x0000000008006cfc                HAL_RCC_GetSysClockFreq
 .text.HAL_RCC_GetHCLKFreq
                0x0000000008006e88       0x18 ./Drivers/STM32F4xx_HAL_Driver/Src/stm32f4xx_hal_rcc.o
                0x0000000008006e88                HAL_RCC_GetHCLKFreq
 .text.HAL_RCC_GetPCLK1Freq
                0x0000000008006ea0       0x28 ./Drivers/STM32F4xx_HAL_Driver/Src/stm32f4xx_hal_rcc.o
                0x0000000008006ea0                HAL_RCC_GetPCLK1Freq
 .text.HAL_RCC_GetPCLK2Freq
                0x0000000008006ec8       0x28 ./Drivers/STM32F4xx_HAL_Driver/Src/stm32f4xx_hal_rcc.o
                0x0000000008006ec8                HAL_RCC_GetPCLK2Freq
 .text.HAL_UART_Init
                0x0000000008006ef0       0x9a ./Drivers/STM32F4xx_HAL_Driver/Src/stm32f4xx_hal_uart.o
                0x0000000008006ef0                HAL_UART_Init
 .text.HAL_UART_Transmit
                0x0000000008006f8a      0x124 ./Drivers/STM32F4xx_HAL_Driver/Src/stm32f4xx_hal_uart.o
                0x0000000008006f8a                HAL_UART_Transmit
 .text.HAL_UART_Receive_IT
                0x00000000080070ae       0x60 ./Drivers/STM32F4xx_HAL_Driver/Src/stm32f4xx_hal_uart.o
                0x00000000080070ae                HAL_UART_Receive_IT
 *fill*         0x000000000800710e        0x2 
 .text.HAL_UART_IRQHandler
                0x0000000008007110      0x51c ./Drivers/STM32F4xx_HAL_Driver/Src/stm32f4xx_hal_uart.o
                0x0000000008007110                HAL_UART_IRQHandler
 .text.HAL_UART_TxCpltCallback
                0x000000000800762c       0x14 ./Drivers/STM32F4xx_HAL_Driver/Src/stm32f4xx_hal_uart.o
                0x000000000800762c                HAL_UART_TxCpltCallback
 .text.HAL_UART_ErrorCallback
                0x0000000008007640       0x14 ./Drivers/STM32F4xx_HAL_Driver/Src/stm32f4xx_hal_uart.o
                0x0000000008007640                HAL_UART_ErrorCallback
 .text.HAL_UARTEx_RxEventCallback
                0x0000000008007654       0x18 ./Drivers/STM32F4xx_HAL_Driver/Src/stm32f4xx_hal_uart.o
                0x0000000008007654                HAL_UARTEx_RxEventCallback
 .text.UART_WaitOnFlagUntilTimeout
                0x000000000800766c       0xdc ./Drivers/STM32F4xx_HAL_Driver/Src/stm32f4xx_hal_uart.o
 .text.UART_Start_Receive_IT
                0x0000000008007748       0x7c ./Drivers/STM32F4xx_HAL_Driver/Src/stm32f4xx_hal_uart.o
                0x0000000008007748                UART_Start_Receive_IT
 .text.UART_EndRxTransfer
                0x00000000080077c4       0xc6 ./Drivers/STM32F4xx_HAL_Driver/Src/stm32f4xx_hal_uart.o
 .text.UART_DMAAbortOnError
                0x000000000800788a       0x28 ./Drivers/STM32F4xx_HAL_Driver/Src/stm32f4xx_hal_uart.o
 .text.UART_Transmit_IT
                0x00000000080078b2       0xa0 ./Drivers/STM32F4xx_HAL_Driver/Src/stm32f4xx_hal_uart.o
 .text.UART_EndTransmit_IT
                0x0000000008007952       0x30 ./Drivers/STM32F4xx_HAL_Driver/Src/stm32f4xx_hal_uart.o
 .text.UART_Receive_IT
                0x0000000008007982      0x176 ./Drivers/STM32F4xx_HAL_Driver/Src/stm32f4xx_hal_uart.o
 .text.UART_SetConfig
                0x0000000008007af8      0x4e8 ./Drivers/STM32F4xx_HAL_Driver/Src/stm32f4xx_hal_uart.o
 .text.__NVIC_SetPriority
                0x0000000008007fe0       0x54 ./Middlewares/Third_Party/FreeRTOS/Source/CMSIS_RTOS_V2/cmsis_os2.o
 .text.SVC_Setup
                0x0000000008008034       0x12 ./Middlewares/Third_Party/FreeRTOS/Source/CMSIS_RTOS_V2/cmsis_os2.o
 *fill*         0x0000000008008046        0x2 
 .text.osKernelInitialize
                0x0000000008008048       0x48 ./Middlewares/Third_Party/FreeRTOS/Source/CMSIS_RTOS_V2/cmsis_os2.o
                0x0000000008008048                osKernelInitialize
 .text.osKernelStart
                0x0000000008008090       0x4c ./Middlewares/Third_Party/FreeRTOS/Source/CMSIS_RTOS_V2/cmsis_os2.o
                0x0000000008008090                osKernelStart
 .text.osThreadNew
                0x00000000080080dc      0x124 ./Middlewares/Third_Party/FreeRTOS/Source/CMSIS_RTOS_V2/cmsis_os2.o
                0x00000000080080dc                osThreadNew
 .text.osDelay  0x0000000008008200       0x36 ./Middlewares/Third_Party/FreeRTOS/Source/CMSIS_RTOS_V2/cmsis_os2.o
                0x0000000008008200                osDelay
 .text.osMutexNew
                0x0000000008008236      0x10c ./Middlewares/Third_Party/FreeRTOS/Source/CMSIS_RTOS_V2/cmsis_os2.o
                0x0000000008008236                osMutexNew
 .text.osMutexAcquire
                0x0000000008008342       0x96 ./Middlewares/Third_Party/FreeRTOS/Source/CMSIS_RTOS_V2/cmsis_os2.o
                0x0000000008008342                osMutexAcquire
 .text.osMutexRelease
                0x00000000080083d8       0x7a ./Middlewares/Third_Party/FreeRTOS/Source/CMSIS_RTOS_V2/cmsis_os2.o
                0x00000000080083d8                osMutexRelease
 *fill*         0x0000000008008452        0x2 
 .text.vApplicationGetIdleTaskMemory
                0x0000000008008454       0x34 ./Middlewares/Third_Party/FreeRTOS/Source/CMSIS_RTOS_V2/cmsis_os2.o
                0x0000000008008454                vApplicationGetIdleTaskMemory
 .text.vApplicationGetTimerTaskMemory
                0x0000000008008488       0x34 ./Middlewares/Third_Party/FreeRTOS/Source/CMSIS_RTOS_V2/cmsis_os2.o
                0x0000000008008488                vApplicationGetTimerTaskMemory
 .text.vListInitialise
                0x00000000080084bc       0x40 ./Middlewares/Third_Party/FreeRTOS/Source/list.o
                0x00000000080084bc                vListInitialise
 .text.vListInitialiseItem
                0x00000000080084fc       0x1a ./Middlewares/Third_Party/FreeRTOS/Source/list.o
                0x00000000080084fc                vListInitialiseItem
 .text.vListInsertEnd
                0x0000000008008516       0x48 ./Middlewares/Third_Party/FreeRTOS/Source/list.o
                0x0000000008008516                vListInsertEnd
 .text.vListInsert
                0x000000000800855e       0x72 ./Middlewares/Third_Party/FreeRTOS/Source/list.o
                0x000000000800855e                vListInsert
 .text.uxListRemove
                0x00000000080085d0       0x54 ./Middlewares/Third_Party/FreeRTOS/Source/list.o
                0x00000000080085d0                uxListRemove
 .text.xQueueGenericReset
                0x0000000008008624       0xd0 ./Middlewares/Third_Party/FreeRTOS/Source/queue.o
                0x0000000008008624                xQueueGenericReset
 .text.xQueueGenericCreateStatic
                0x00000000080086f4       0xf0 ./Middlewares/Third_Party/FreeRTOS/Source/queue.o
                0x00000000080086f4                xQueueGenericCreateStatic
 .text.xQueueGenericCreate
                0x00000000080087e4       0x74 ./Middlewares/Third_Party/FreeRTOS/Source/queue.o
                0x00000000080087e4                xQueueGenericCreate
 .text.prvInitialiseNewQueue
                0x0000000008008858       0x46 ./Middlewares/Third_Party/FreeRTOS/Source/queue.o
 .text.prvInitialiseMutex
                0x000000000800889e       0x34 ./Middlewares/Third_Party/FreeRTOS/Source/queue.o
 .text.xQueueCreateMutex
                0x00000000080088d2       0x30 ./Middlewares/Third_Party/FreeRTOS/Source/queue.o
                0x00000000080088d2                xQueueCreateMutex
 .text.xQueueCreateMutexStatic
                0x0000000008008902       0x36 ./Middlewares/Third_Party/FreeRTOS/Source/queue.o
                0x0000000008008902                xQueueCreateMutexStatic
 .text.xQueueGiveMutexRecursive
                0x0000000008008938       0x68 ./Middlewares/Third_Party/FreeRTOS/Source/queue.o
                0x0000000008008938                xQueueGiveMutexRecursive
 .text.xQueueTakeMutexRecursive
                0x00000000080089a0       0x6c ./Middlewares/Third_Party/FreeRTOS/Source/queue.o
                0x00000000080089a0                xQueueTakeMutexRecursive
 .text.xQueueGenericSend
                0x0000000008008a0c      0x1fc ./Middlewares/Third_Party/FreeRTOS/Source/queue.o
                0x0000000008008a0c                xQueueGenericSend
 .text.xQueueGenericSendFromISR
                0x0000000008008c08      0x136 ./Middlewares/Third_Party/FreeRTOS/Source/queue.o
                0x0000000008008c08                xQueueGenericSendFromISR
 *fill*         0x0000000008008d3e        0x2 
 .text.xQueueReceive
                0x0000000008008d40      0x1c0 ./Middlewares/Third_Party/FreeRTOS/Source/queue.o
                0x0000000008008d40                xQueueReceive
 .text.xQueueSemaphoreTake
                0x0000000008008f00      0x218 ./Middlewares/Third_Party/FreeRTOS/Source/queue.o
                0x0000000008008f00                xQueueSemaphoreTake
 .text.prvGetDisinheritPriorityAfterTimeout
                0x0000000008009118       0x30 ./Middlewares/Third_Party/FreeRTOS/Source/queue.o
 .text.prvCopyDataToQueue
                0x0000000008009148       0xd4 ./Middlewares/Third_Party/FreeRTOS/Source/queue.o
 .text.prvCopyDataFromQueue
                0x000000000800921c       0x4c ./Middlewares/Third_Party/FreeRTOS/Source/queue.o
 .text.prvUnlockQueue
                0x0000000008009268       0xa4 ./Middlewares/Third_Party/FreeRTOS/Source/queue.o
 .text.prvIsQueueEmpty
                0x000000000800930c       0x2c ./Middlewares/Third_Party/FreeRTOS/Source/queue.o
 .text.prvIsQueueFull
                0x0000000008009338       0x30 ./Middlewares/Third_Party/FreeRTOS/Source/queue.o
 .text.vQueueAddToRegistry
                0x0000000008009368       0x54 ./Middlewares/Third_Party/FreeRTOS/Source/queue.o
                0x0000000008009368                vQueueAddToRegistry
 .text.vQueueWaitForMessageRestricted
                0x00000000080093bc       0x68 ./Middlewares/Third_Party/FreeRTOS/Source/queue.o
                0x00000000080093bc                vQueueWaitForMessageRestricted
 .text.xTaskCreateStatic
                0x0000000008009424       0xba ./Middlewares/Third_Party/FreeRTOS/Source/tasks.o
                0x0000000008009424                xTaskCreateStatic
 .text.xTaskCreate
                0x00000000080094de       0x8a ./Middlewares/Third_Party/FreeRTOS/Source/tasks.o
                0x00000000080094de                xTaskCreate
 .text.prvInitialiseNewTask
                0x0000000008009568      0x11e ./Middlewares/Third_Party/FreeRTOS/Source/tasks.o
 *fill*         0x0000000008009686        0x2 
 .text.prvAddNewTaskToReadyList
                0x0000000008009688       0xe0 ./Middlewares/Third_Party/FreeRTOS/Source/tasks.o
 .text.vTaskDelay
                0x0000000008009768       0x68 ./Middlewares/Third_Party/FreeRTOS/Source/tasks.o
                0x0000000008009768                vTaskDelay
 .text.vTaskStartScheduler
                0x00000000080097d0       0xcc ./Middlewares/Third_Party/FreeRTOS/Source/tasks.o
                0x00000000080097d0                vTaskStartScheduler
 .text.vTaskSuspendAll
                0x000000000800989c       0x1c ./Middlewares/Third_Party/FreeRTOS/Source/tasks.o
                0x000000000800989c                vTaskSuspendAll
 .text.xTaskResumeAll
                0x00000000080098b8      0x13c ./Middlewares/Third_Party/FreeRTOS/Source/tasks.o
                0x00000000080098b8                xTaskResumeAll
 .text.xTaskGetTickCount
                0x00000000080099f4       0x20 ./Middlewares/Third_Party/FreeRTOS/Source/tasks.o
                0x00000000080099f4                xTaskGetTickCount
 .text.xTaskIncrementTick
                0x0000000008009a14      0x174 ./Middlewares/Third_Party/FreeRTOS/Source/tasks.o
                0x0000000008009a14                xTaskIncrementTick
 .text.vTaskSwitchContext
                0x0000000008009b88       0xbc ./Middlewares/Third_Party/FreeRTOS/Source/tasks.o
                0x0000000008009b88                vTaskSwitchContext
 .text.vTaskPlaceOnEventList
                0x0000000008009c44       0x48 ./Middlewares/Third_Party/FreeRTOS/Source/tasks.o
                0x0000000008009c44                vTaskPlaceOnEventList
 .text.vTaskPlaceOnEventListRestricted
                0x0000000008009c8c       0x58 ./Middlewares/Third_Party/FreeRTOS/Source/tasks.o
                0x0000000008009c8c                vTaskPlaceOnEventListRestricted
 .text.xTaskRemoveFromEventList
                0x0000000008009ce4       0xc8 ./Middlewares/Third_Party/FreeRTOS/Source/tasks.o
                0x0000000008009ce4                xTaskRemoveFromEventList
 .text.vTaskInternalSetTimeOutState
                0x0000000008009dac       0x2c ./Middlewares/Third_Party/FreeRTOS/Source/tasks.o
                0x0000000008009dac                vTaskInternalSetTimeOutState
 .text.xTaskCheckForTimeOut
                0x0000000008009dd8       0xc4 ./Middlewares/Third_Party/FreeRTOS/Source/tasks.o
                0x0000000008009dd8                xTaskCheckForTimeOut
 .text.vTaskMissedYield
                0x0000000008009e9c       0x18 ./Middlewares/Third_Party/FreeRTOS/Source/tasks.o
                0x0000000008009e9c                vTaskMissedYield
 .text.prvIdleTask
                0x0000000008009eb4       0x30 ./Middlewares/Third_Party/FreeRTOS/Source/tasks.o
 .text.prvInitialiseTaskLists
                0x0000000008009ee4       0x80 ./Middlewares/Third_Party/FreeRTOS/Source/tasks.o
 .text.prvCheckTasksWaitingTermination
                0x0000000008009f64       0x5c ./Middlewares/Third_Party/FreeRTOS/Source/tasks.o
 .text.prvDeleteTCB
                0x0000000008009fc0       0x5e ./Middlewares/Third_Party/FreeRTOS/Source/tasks.o
 *fill*         0x000000000800a01e        0x2 
 .text.prvResetNextTaskUnblockTime
                0x000000000800a020       0x40 ./Middlewares/Third_Party/FreeRTOS/Source/tasks.o
 .text.xTaskGetCurrentTaskHandle
                0x000000000800a060       0x20 ./Middlewares/Third_Party/FreeRTOS/Source/tasks.o
                0x000000000800a060                xTaskGetCurrentTaskHandle
 .text.xTaskGetSchedulerState
                0x000000000800a080       0x3c ./Middlewares/Third_Party/FreeRTOS/Source/tasks.o
                0x000000000800a080                xTaskGetSchedulerState
 .text.xTaskPriorityInherit
                0x000000000800a0bc       0xd0 ./Middlewares/Third_Party/FreeRTOS/Source/tasks.o
                0x000000000800a0bc                xTaskPriorityInherit
 .text.xTaskPriorityDisinherit
                0x000000000800a18c       0xdc ./Middlewares/Third_Party/FreeRTOS/Source/tasks.o
                0x000000000800a18c                xTaskPriorityDisinherit
 .text.vTaskPriorityDisinheritAfterTimeout
                0x000000000800a268      0x104 ./Middlewares/Third_Party/FreeRTOS/Source/tasks.o
                0x000000000800a268                vTaskPriorityDisinheritAfterTimeout
 .text.pvTaskIncrementMutexHeldCount
                0x000000000800a36c       0x28 ./Middlewares/Third_Party/FreeRTOS/Source/tasks.o
                0x000000000800a36c                pvTaskIncrementMutexHeldCount
 .text.prvAddCurrentTaskToDelayedList
                0x000000000800a394       0xa8 ./Middlewares/Third_Party/FreeRTOS/Source/tasks.o
 .text.xTimerCreateTimerTask
                0x000000000800a43c       0x90 ./Middlewares/Third_Party/FreeRTOS/Source/timers.o
                0x000000000800a43c                xTimerCreateTimerTask
 .text.xTimerGenericCommand
                0x000000000800a4cc       0x9c ./Middlewares/Third_Party/FreeRTOS/Source/timers.o
                0x000000000800a4cc                xTimerGenericCommand
 .text.prvProcessExpiredTimer
                0x000000000800a568       0x98 ./Middlewares/Third_Party/FreeRTOS/Source/timers.o
 .text.prvTimerTask
                0x000000000800a600       0x24 ./Middlewares/Third_Party/FreeRTOS/Source/timers.o
 .text.prvProcessTimerOrBlockTask
                0x000000000800a624       0x9c ./Middlewares/Third_Party/FreeRTOS/Source/timers.o
 .text.prvGetNextExpireTime
                0x000000000800a6c0       0x48 ./Middlewares/Third_Party/FreeRTOS/Source/timers.o
 .text.prvSampleTimeNow
                0x000000000800a708       0x40 ./Middlewares/Third_Party/FreeRTOS/Source/timers.o
 .text.prvInsertTimerInActiveList
                0x000000000800a748       0x84 ./Middlewares/Third_Party/FreeRTOS/Source/timers.o
 .text.prvProcessReceivedCommands
                0x000000000800a7cc      0x1c4 ./Middlewares/Third_Party/FreeRTOS/Source/timers.o
 .text.prvSwitchTimerLists
                0x000000000800a990       0xc8 ./Middlewares/Third_Party/FreeRTOS/Source/timers.o
 .text.prvCheckForValidListAndQueue
                0x000000000800aa58       0x80 ./Middlewares/Third_Party/FreeRTOS/Source/timers.o
 .text.pxPortInitialiseStack
                0x000000000800aad8       0x68 ./Middlewares/Third_Party/FreeRTOS/Source/portable/GCC/ARM_CM4F/port.o
                0x000000000800aad8                pxPortInitialiseStack
 .text.prvTaskExitError
                0x000000000800ab40       0x58 ./Middlewares/Third_Party/FreeRTOS/Source/portable/GCC/ARM_CM4F/port.o
 *fill*         0x000000000800ab98        0x8 
 .text.SVC_Handler
                0x000000000800aba0       0x28 ./Middlewares/Third_Party/FreeRTOS/Source/portable/GCC/ARM_CM4F/port.o
                0x000000000800aba0                SVC_Handler
 .text.prvPortStartFirstTask
                0x000000000800abc8       0x28 ./Middlewares/Third_Party/FreeRTOS/Source/portable/GCC/ARM_CM4F/port.o
 .text.xPortStartScheduler
                0x000000000800abf0      0x144 ./Middlewares/Third_Party/FreeRTOS/Source/portable/GCC/ARM_CM4F/port.o
                0x000000000800abf0                xPortStartScheduler
 .text.vPortEnterCritical
                0x000000000800ad34       0x60 ./Middlewares/Third_Party/FreeRTOS/Source/portable/GCC/ARM_CM4F/port.o
                0x000000000800ad34                vPortEnterCritical
 .text.vPortExitCritical
                0x000000000800ad94       0x54 ./Middlewares/Third_Party/FreeRTOS/Source/portable/GCC/ARM_CM4F/port.o
                0x000000000800ad94                vPortExitCritical
 *fill*         0x000000000800ade8        0x8 
 .text.PendSV_Handler
                0x000000000800adf0       0x68 ./Middlewares/Third_Party/FreeRTOS/Source/portable/GCC/ARM_CM4F/port.o
                0x000000000800adf0                PendSV_Handler
 .text.xPortSysTickHandler
                0x000000000800ae58       0x44 ./Middlewares/Third_Party/FreeRTOS/Source/portable/GCC/ARM_CM4F/port.o
                0x000000000800ae58                xPortSysTickHandler
 .text.vPortSetupTimerInterrupt
                0x000000000800ae9c       0x48 ./Middlewares/Third_Party/FreeRTOS/Source/portable/GCC/ARM_CM4F/port.o
                0x000000000800ae9c                vPortSetupTimerInterrupt
 .text.vPortEnableVFP
                0x000000000800aee4       0x14 ./Middlewares/Third_Party/FreeRTOS/Source/portable/GCC/ARM_CM4F/port.o
 .text.vPortValidateInterruptPriority
                0x000000000800aef8       0x80 ./Middlewares/Third_Party/FreeRTOS/Source/portable/GCC/ARM_CM4F/port.o
                0x000000000800aef8                vPortValidateInterruptPriority
 .text.pvPortMalloc
                0x000000000800af78      0x198 ./Middlewares/Third_Party/FreeRTOS/Source/portable/MemMang/heap_4.o
                0x000000000800af78                pvPortMalloc
 .text.vPortFree
                0x000000000800b110       0xc4 ./Middlewares/Third_Party/FreeRTOS/Source/portable/MemMang/heap_4.o
                0x000000000800b110                vPortFree
 .text.prvHeapInit
                0x000000000800b1d4       0xc4 ./Middlewares/Third_Party/FreeRTOS/Source/portable/MemMang/heap_4.o
 .text.prvInsertBlockIntoFreeList
                0x000000000800b298       0xb4 ./Middlewares/Third_Party/FreeRTOS/Source/portable/MemMang/heap_4.o
 .text.__assert_func
                0x000000000800b34c       0x3c c:/st/stm32cubeide_1.12.0/stm32cubeide/plugins/com.st.stm32cube.ide.mcu.externaltools.gnu-tools-for-stm32.10.3-2021.10.win32_1.0.200.202301161003/tools/bin/../lib/gcc/arm-none-eabi/10.3.1/../../../../arm-none-eabi/lib/thumb/v7e-m+fp/hard\libc_nano.a(lib_a-assert.o)
                0x000000000800b34c                __assert_func
 .text.__errno  0x000000000800b388        0xc c:/st/stm32cubeide_1.12.0/stm32cubeide/plugins/com.st.stm32cube.ide.mcu.externaltools.gnu-tools-for-stm32.10.3-2021.10.win32_1.0.200.202301161003/tools/bin/../lib/gcc/arm-none-eabi/10.3.1/../../../../arm-none-eabi/lib/thumb/v7e-m+fp/hard\libc_nano.a(lib_a-errno.o)
                0x000000000800b388                __errno
 .text.fprintf  0x000000000800b394       0x24 c:/st/stm32cubeide_1.12.0/stm32cubeide/plugins/com.st.stm32cube.ide.mcu.externaltools.gnu-tools-for-stm32.10.3-2021.10.win32_1.0.200.202301161003/tools/bin/../lib/gcc/arm-none-eabi/10.3.1/../../../../arm-none-eabi/lib/thumb/v7e-m+fp/hard\libc_nano.a(lib_a-fprintf.o)
                0x000000000800b394                fiprintf
                0x000000000800b394                fprintf
 .text.__libc_init_array
                0x000000000800b3b8       0x48 c:/st/stm32cubeide_1.12.0/stm32cubeide/plugins/com.st.stm32cube.ide.mcu.externaltools.gnu-tools-for-stm32.10.3-2021.10.win32_1.0.200.202301161003/tools/bin/../lib/gcc/arm-none-eabi/10.3.1/../../../../arm-none-eabi/lib/thumb/v7e-m+fp/hard\libc_nano.a(lib_a-init.o)
                0x000000000800b3b8                __libc_init_array
 .text.memcpy   0x000000000800b400       0x1c c:/st/stm32cubeide_1.12.0/stm32cubeide/plugins/com.st.stm32cube.ide.mcu.externaltools.gnu-tools-for-stm32.10.3-2021.10.win32_1.0.200.202301161003/tools/bin/../lib/gcc/arm-none-eabi/10.3.1/../../../../arm-none-eabi/lib/thumb/v7e-m+fp/hard\libc_nano.a(lib_a-memcpy-stub.o)
                0x000000000800b400                memcpy
 .text.memset   0x000000000800b41c       0x10 c:/st/stm32cubeide_1.12.0/stm32cubeide/plugins/com.st.stm32cube.ide.mcu.externaltools.gnu-tools-for-stm32.10.3-2021.10.win32_1.0.200.202301161003/tools/bin/../lib/gcc/arm-none-eabi/10.3.1/../../../../arm-none-eabi/lib/thumb/v7e-m+fp/hard\libc_nano.a(lib_a-memset.o)
                0x000000000800b41c                memset
 .text.__sfputc_r
                0x000000000800b42c       0x2e c:/st/stm32cubeide_1.12.0/stm32cubeide/plugins/com.st.stm32cube.ide.mcu.externaltools.gnu-tools-for-stm32.10.3-2021.10.win32_1.0.200.202301161003/tools/bin/../lib/gcc/arm-none-eabi/10.3.1/../../../../arm-none-eabi/lib/thumb/v7e-m+fp/hard\libc_nano.a(lib_a-nano-vfprintf.o)
 .text.__sfputs_r
                0x000000000800b45a       0x24 c:/st/stm32cubeide_1.12.0/stm32cubeide/plugins/com.st.stm32cube.ide.mcu.externaltools.gnu-tools-for-stm32.10.3-2021.10.win32_1.0.200.202301161003/tools/bin/../lib/gcc/arm-none-eabi/10.3.1/../../../../arm-none-eabi/lib/thumb/v7e-m+fp/hard\libc_nano.a(lib_a-nano-vfprintf.o)
                0x000000000800b45a                __sfputs_r
 *fill*         0x000000000800b47e        0x2 
 .text._vfprintf_r
                0x000000000800b480      0x260 c:/st/stm32cubeide_1.12.0/stm32cubeide/plugins/com.st.stm32cube.ide.mcu.externaltools.gnu-tools-for-stm32.10.3-2021.10.win32_1.0.200.202301161003/tools/bin/../lib/gcc/arm-none-eabi/10.3.1/../../../../arm-none-eabi/lib/thumb/v7e-m+fp/hard\libc_nano.a(lib_a-nano-vfprintf.o)
                0x000000000800b480                _vfprintf_r
                0x000000000800b480                _vfiprintf_r
 .text.__cvt    0x000000000800b6e0       0xc4 c:/st/stm32cubeide_1.12.0/stm32cubeide/plugins/com.st.stm32cube.ide.mcu.externaltools.gnu-tools-for-stm32.10.3-2021.10.win32_1.0.200.202301161003/tools/bin/../lib/gcc/arm-none-eabi/10.3.1/../../../../arm-none-eabi/lib/thumb/v7e-m+fp/hard\libc_nano.a(lib_a-nano-vfprintf_float.o)
                0x000000000800b6e0                __cvt
 .text.__exponent
                0x000000000800b7a4       0x7c c:/st/stm32cubeide_1.12.0/stm32cubeide/plugins/com.st.stm32cube.ide.mcu.externaltools.gnu-tools-for-stm32.10.3-2021.10.win32_1.0.200.202301161003/tools/bin/../lib/gcc/arm-none-eabi/10.3.1/../../../../arm-none-eabi/lib/thumb/v7e-m+fp/hard\libc_nano.a(lib_a-nano-vfprintf_float.o)
                0x000000000800b7a4                __exponent
 .text._printf_float
                0x000000000800b820      0x46c c:/st/stm32cubeide_1.12.0/stm32cubeide/plugins/com.st.stm32cube.ide.mcu.externaltools.gnu-tools-for-stm32.10.3-2021.10.win32_1.0.200.202301161003/tools/bin/../lib/gcc/arm-none-eabi/10.3.1/../../../../arm-none-eabi/lib/thumb/v7e-m+fp/hard\libc_nano.a(lib_a-nano-vfprintf_float.o)
                0x000000000800b820                _printf_float
 .text._printf_common
                0x000000000800bc8c       0xda c:/st/stm32cubeide_1.12.0/stm32cubeide/plugins/com.st.stm32cube.ide.mcu.externaltools.gnu-tools-for-stm32.10.3-2021.10.win32_1.0.200.202301161003/tools/bin/../lib/gcc/arm-none-eabi/10.3.1/../../../../arm-none-eabi/lib/thumb/v7e-m+fp/hard\libc_nano.a(lib_a-nano-vfprintf_i.o)
                0x000000000800bc8c                _printf_common
 *fill*         0x000000000800bd66        0x2 
 .text._printf_i
                0x000000000800bd68      0x24c c:/st/stm32cubeide_1.12.0/stm32cubeide/plugins/com.st.stm32cube.ide.mcu.externaltools.gnu-tools-for-stm32.10.3-2021.10.win32_1.0.200.202301161003/tools/bin/../lib/gcc/arm-none-eabi/10.3.1/../../../../arm-none-eabi/lib/thumb/v7e-m+fp/hard\libc_nano.a(lib_a-nano-vfprintf_i.o)
                0x000000000800bd68                _printf_i
 .text._scanf_float
                0x000000000800bfb4      0x420 c:/st/stm32cubeide_1.12.0/stm32cubeide/plugins/com.st.stm32cube.ide.mcu.externaltools.gnu-tools-for-stm32.10.3-2021.10.win32_1.0.200.202301161003/tools/bin/../lib/gcc/arm-none-eabi/10.3.1/../../../../arm-none-eabi/lib/thumb/v7e-m+fp/hard\libc_nano.a(lib_a-nano-vfscanf_float.o)
                0x000000000800bfb4                _scanf_float
 .text.nanf     0x000000000800c3d4        0xc c:/st/stm32cubeide_1.12.0/stm32cubeide/plugins/com.st.stm32cube.ide.mcu.externaltools.gnu-tools-for-stm32.10.3-2021.10.win32_1.0.200.202301161003/tools/bin/../lib/gcc/arm-none-eabi/10.3.1/../../../../arm-none-eabi/lib/thumb/v7e-m+fp/hard\libc_nano.a(lib_a-sf_nan.o)
                0x000000000800c3d4                nanf
 .text.sprintf  0x000000000800c3e0       0x40 c:/st/stm32cubeide_1.12.0/stm32cubeide/plugins/com.st.stm32cube.ide.mcu.externaltools.gnu-tools-for-stm32.10.3-2021.10.win32_1.0.200.202301161003/tools/bin/../lib/gcc/arm-none-eabi/10.3.1/../../../../arm-none-eabi/lib/thumb/v7e-m+fp/hard\libc_nano.a(lib_a-sprintf.o)
                0x000000000800c3e0                siprintf
                0x000000000800c3e0                sprintf
 .text.sscanf   0x000000000800c420       0x58 c:/st/stm32cubeide_1.12.0/stm32cubeide/plugins/com.st.stm32cube.ide.mcu.externaltools.gnu-tools-for-stm32.10.3-2021.10.win32_1.0.200.202301161003/tools/bin/../lib/gcc/arm-none-eabi/10.3.1/../../../../arm-none-eabi/lib/thumb/v7e-m+fp/hard\libc_nano.a(lib_a-sscanf.o)
                0x000000000800c420                siscanf
                0x000000000800c420                sscanf
 .text.__sread  0x000000000800c478       0x22 c:/st/stm32cubeide_1.12.0/stm32cubeide/plugins/com.st.stm32cube.ide.mcu.externaltools.gnu-tools-for-stm32.10.3-2021.10.win32_1.0.200.202301161003/tools/bin/../lib/gcc/arm-none-eabi/10.3.1/../../../../arm-none-eabi/lib/thumb/v7e-m+fp/hard\libc_nano.a(lib_a-stdio.o)
                0x000000000800c478                __sread
 .text.__seofread
                0x000000000800c49a        0x4 c:/st/stm32cubeide_1.12.0/stm32cubeide/plugins/com.st.stm32cube.ide.mcu.externaltools.gnu-tools-for-stm32.10.3-2021.10.win32_1.0.200.202301161003/tools/bin/../lib/gcc/arm-none-eabi/10.3.1/../../../../arm-none-eabi/lib/thumb/v7e-m+fp/hard\libc_nano.a(lib_a-stdio.o)
                0x000000000800c49a                __seofread
 .text.__swrite
                0x000000000800c49e       0x38 c:/st/stm32cubeide_1.12.0/stm32cubeide/plugins/com.st.stm32cube.ide.mcu.externaltools.gnu-tools-for-stm32.10.3-2021.10.win32_1.0.200.202301161003/tools/bin/../lib/gcc/arm-none-eabi/10.3.1/../../../../arm-none-eabi/lib/thumb/v7e-m+fp/hard\libc_nano.a(lib_a-stdio.o)
                0x000000000800c49e                __swrite
 .text.__sseek  0x000000000800c4d6       0x24 c:/st/stm32cubeide_1.12.0/stm32cubeide/plugins/com.st.stm32cube.ide.mcu.externaltools.gnu-tools-for-stm32.10.3-2021.10.win32_1.0.200.202301161003/tools/bin/../lib/gcc/arm-none-eabi/10.3.1/../../../../arm-none-eabi/lib/thumb/v7e-m+fp/hard\libc_nano.a(lib_a-stdio.o)
                0x000000000800c4d6                __sseek
 .text.__sclose
                0x000000000800c4fa        0x8 c:/st/stm32cubeide_1.12.0/stm32cubeide/plugins/com.st.stm32cube.ide.mcu.externaltools.gnu-tools-for-stm32.10.3-2021.10.win32_1.0.200.202301161003/tools/bin/../lib/gcc/arm-none-eabi/10.3.1/../../../../arm-none-eabi/lib/thumb/v7e-m+fp/hard\libc_nano.a(lib_a-stdio.o)
                0x000000000800c4fa                __sclose
 .text.strncmp  0x000000000800c502       0x28 c:/st/stm32cubeide_1.12.0/stm32cubeide/plugins/com.st.stm32cube.ide.mcu.externaltools.gnu-tools-for-stm32.10.3-2021.10.win32_1.0.200.202301161003/tools/bin/../lib/gcc/arm-none-eabi/10.3.1/../../../../arm-none-eabi/lib/thumb/v7e-m+fp/hard\libc_nano.a(lib_a-strncmp.o)
                0x000000000800c502                strncmp
 .text.sulp     0x000000000800c52a       0x38 c:/st/stm32cubeide_1.12.0/stm32cubeide/plugins/com.st.stm32cube.ide.mcu.externaltools.gnu-tools-for-stm32.10.3-2021.10.win32_1.0.200.202301161003/tools/bin/../lib/gcc/arm-none-eabi/10.3.1/../../../../arm-none-eabi/lib/thumb/v7e-m+fp/hard\libc_nano.a(lib_a-strtod.o)
 *fill*         0x000000000800c562        0x6 
 .text._strtod_l
                0x000000000800c568      0xc0c c:/st/stm32cubeide_1.12.0/stm32cubeide/plugins/com.st.stm32cube.ide.mcu.externaltools.gnu-tools-for-stm32.10.3-2021.10.win32_1.0.200.202301161003/tools/bin/../lib/gcc/arm-none-eabi/10.3.1/../../../../arm-none-eabi/lib/thumb/v7e-m+fp/hard\libc_nano.a(lib_a-strtod.o)
                0x000000000800c568                _strtod_l
 .text._strtod_r
                0x000000000800d174        0xc c:/st/stm32cubeide_1.12.0/stm32cubeide/plugins/com.st.stm32cube.ide.mcu.externaltools.gnu-tools-for-stm32.10.3-2021.10.win32_1.0.200.202301161003/tools/bin/../lib/gcc/arm-none-eabi/10.3.1/../../../../arm-none-eabi/lib/thumb/v7e-m+fp/hard\libc_nano.a(lib_a-strtod.o)
                0x000000000800d174                _strtod_r
 .text._strtol_l.constprop.0
                0x000000000800d180      0x104 c:/st/stm32cubeide_1.12.0/stm32cubeide/plugins/com.st.stm32cube.ide.mcu.externaltools.gnu-tools-for-stm32.10.3-2021.10.win32_1.0.200.202301161003/tools/bin/../lib/gcc/arm-none-eabi/10.3.1/../../../../arm-none-eabi/lib/thumb/v7e-m+fp/hard\libc_nano.a(lib_a-strtol.o)
 .text._strtol_r
                0x000000000800d284        0x4 c:/st/stm32cubeide_1.12.0/stm32cubeide/plugins/com.st.stm32cube.ide.mcu.externaltools.gnu-tools-for-stm32.10.3-2021.10.win32_1.0.200.202301161003/tools/bin/../lib/gcc/arm-none-eabi/10.3.1/../../../../arm-none-eabi/lib/thumb/v7e-m+fp/hard\libc_nano.a(lib_a-strtol.o)
                0x000000000800d284                _strtol_r
 .text.__swbuf_r
                0x000000000800d288       0xa4 c:/st/stm32cubeide_1.12.0/stm32cubeide/plugins/com.st.stm32cube.ide.mcu.externaltools.gnu-tools-for-stm32.10.3-2021.10.win32_1.0.200.202301161003/tools/bin/../lib/gcc/arm-none-eabi/10.3.1/../../../../arm-none-eabi/lib/thumb/v7e-m+fp/hard\libc_nano.a(lib_a-wbuf.o)
                0x000000000800d288                __swbuf_r
 .text._write_r
                0x000000000800d32c       0x24 c:/st/stm32cubeide_1.12.0/stm32cubeide/plugins/com.st.stm32cube.ide.mcu.externaltools.gnu-tools-for-stm32.10.3-2021.10.win32_1.0.200.202301161003/tools/bin/../lib/gcc/arm-none-eabi/10.3.1/../../../../arm-none-eabi/lib/thumb/v7e-m+fp/hard\libc_nano.a(lib_a-writer.o)
                0x000000000800d32c                _write_r
 .text.__swsetup_r
                0x000000000800d350       0xdc c:/st/stm32cubeide_1.12.0/stm32cubeide/plugins/com.st.stm32cube.ide.mcu.externaltools.gnu-tools-for-stm32.10.3-2021.10.win32_1.0.200.202301161003/tools/bin/../lib/gcc/arm-none-eabi/10.3.1/../../../../arm-none-eabi/lib/thumb/v7e-m+fp/hard\libc_nano.a(lib_a-wsetup.o)
                0x000000000800d350                __swsetup_r
 .text.abort    0x000000000800d42c        0xe c:/st/stm32cubeide_1.12.0/stm32cubeide/plugins/com.st.stm32cube.ide.mcu.externaltools.gnu-tools-for-stm32.10.3-2021.10.win32_1.0.200.202301161003/tools/bin/../lib/gcc/arm-none-eabi/10.3.1/../../../../arm-none-eabi/lib/thumb/v7e-m+fp/hard\libc_nano.a(lib_a-abort.o)
                0x000000000800d42c                abort
 *fill*         0x000000000800d43a        0x2 
 .text._close_r
                0x000000000800d43c       0x20 c:/st/stm32cubeide_1.12.0/stm32cubeide/plugins/com.st.stm32cube.ide.mcu.externaltools.gnu-tools-for-stm32.10.3-2021.10.win32_1.0.200.202301161003/tools/bin/../lib/gcc/arm-none-eabi/10.3.1/../../../../arm-none-eabi/lib/thumb/v7e-m+fp/hard\libc_nano.a(lib_a-closer.o)
                0x000000000800d43c                _close_r
 .text.quorem   0x000000000800d45c      0x116 c:/st/stm32cubeide_1.12.0/stm32cubeide/plugins/com.st.stm32cube.ide.mcu.externaltools.gnu-tools-for-stm32.10.3-2021.10.win32_1.0.200.202301161003/tools/bin/../lib/gcc/arm-none-eabi/10.3.1/../../../../arm-none-eabi/lib/thumb/v7e-m+fp/hard\libc_nano.a(lib_a-dtoa.o)
 *fill*         0x000000000800d572        0x6 
 .text._dtoa_r  0x000000000800d578      0xbdc c:/st/stm32cubeide_1.12.0/stm32cubeide/plugins/com.st.stm32cube.ide.mcu.externaltools.gnu-tools-for-stm32.10.3-2021.10.win32_1.0.200.202301161003/tools/bin/../lib/gcc/arm-none-eabi/10.3.1/../../../../arm-none-eabi/lib/thumb/v7e-m+fp/hard\libc_nano.a(lib_a-dtoa.o)
                0x000000000800d578                _dtoa_r
 .text.__sflush_r
                0x000000000800e154      0x10c c:/st/stm32cubeide_1.12.0/stm32cubeide/plugins/com.st.stm32cube.ide.mcu.externaltools.gnu-tools-for-stm32.10.3-2021.10.win32_1.0.200.202301161003/tools/bin/../lib/gcc/arm-none-eabi/10.3.1/../../../../arm-none-eabi/lib/thumb/v7e-m+fp/hard\libc_nano.a(lib_a-fflush.o)
                0x000000000800e154                __sflush_r
 .text._fflush_r
                0x000000000800e260       0x78 c:/st/stm32cubeide_1.12.0/stm32cubeide/plugins/com.st.stm32cube.ide.mcu.externaltools.gnu-tools-for-stm32.10.3-2021.10.win32_1.0.200.202301161003/tools/bin/../lib/gcc/arm-none-eabi/10.3.1/../../../../arm-none-eabi/lib/thumb/v7e-m+fp/hard\libc_nano.a(lib_a-fflush.o)
                0x000000000800e260                _fflush_r
 .text.std      0x000000000800e2d8       0x48 c:/st/stm32cubeide_1.12.0/stm32cubeide/plugins/com.st.stm32cube.ide.mcu.externaltools.gnu-tools-for-stm32.10.3-2021.10.win32_1.0.200.202301161003/tools/bin/../lib/gcc/arm-none-eabi/10.3.1/../../../../arm-none-eabi/lib/thumb/v7e-m+fp/hard\libc_nano.a(lib_a-findfp.o)
 .text._cleanup_r
                0x000000000800e320        0xc c:/st/stm32cubeide_1.12.0/stm32cubeide/plugins/com.st.stm32cube.ide.mcu.externaltools.gnu-tools-for-stm32.10.3-2021.10.win32_1.0.200.202301161003/tools/bin/../lib/gcc/arm-none-eabi/10.3.1/../../../../arm-none-eabi/lib/thumb/v7e-m+fp/hard\libc_nano.a(lib_a-findfp.o)
                0x000000000800e320                _cleanup_r
 .text.__sfmoreglue
                0x000000000800e32c       0x2c c:/st/stm32cubeide_1.12.0/stm32cubeide/plugins/com.st.stm32cube.ide.mcu.externaltools.gnu-tools-for-stm32.10.3-2021.10.win32_1.0.200.202301161003/tools/bin/../lib/gcc/arm-none-eabi/10.3.1/../../../../arm-none-eabi/lib/thumb/v7e-m+fp/hard\libc_nano.a(lib_a-findfp.o)
                0x000000000800e32c                __sfmoreglue
 .text.__sfp_lock_acquire
                0x000000000800e358        0xc c:/st/stm32cubeide_1.12.0/stm32cubeide/plugins/com.st.stm32cube.ide.mcu.externaltools.gnu-tools-for-stm32.10.3-2021.10.win32_1.0.200.202301161003/tools/bin/../lib/gcc/arm-none-eabi/10.3.1/../../../../arm-none-eabi/lib/thumb/v7e-m+fp/hard\libc_nano.a(lib_a-findfp.o)
                0x000000000800e358                __sfp_lock_acquire
 .text.__sfp_lock_release
                0x000000000800e364        0xc c:/st/stm32cubeide_1.12.0/stm32cubeide/plugins/com.st.stm32cube.ide.mcu.externaltools.gnu-tools-for-stm32.10.3-2021.10.win32_1.0.200.202301161003/tools/bin/../lib/gcc/arm-none-eabi/10.3.1/../../../../arm-none-eabi/lib/thumb/v7e-m+fp/hard\libc_nano.a(lib_a-findfp.o)
                0x000000000800e364                __sfp_lock_release
 .text.__sinit_lock_acquire
                0x000000000800e370        0xc c:/st/stm32cubeide_1.12.0/stm32cubeide/plugins/com.st.stm32cube.ide.mcu.externaltools.gnu-tools-for-stm32.10.3-2021.10.win32_1.0.200.202301161003/tools/bin/../lib/gcc/arm-none-eabi/10.3.1/../../../../arm-none-eabi/lib/thumb/v7e-m+fp/hard\libc_nano.a(lib_a-findfp.o)
                0x000000000800e370                __sinit_lock_acquire
 .text.__sinit_lock_release
                0x000000000800e37c        0xc c:/st/stm32cubeide_1.12.0/stm32cubeide/plugins/com.st.stm32cube.ide.mcu.externaltools.gnu-tools-for-stm32.10.3-2021.10.win32_1.0.200.202301161003/tools/bin/../lib/gcc/arm-none-eabi/10.3.1/../../../../arm-none-eabi/lib/thumb/v7e-m+fp/hard\libc_nano.a(lib_a-findfp.o)
                0x000000000800e37c                __sinit_lock_release
 .text.__sinit  0x000000000800e388       0x70 c:/st/stm32cubeide_1.12.0/stm32cubeide/plugins/com.st.stm32cube.ide.mcu.externaltools.gnu-tools-for-stm32.10.3-2021.10.win32_1.0.200.202301161003/tools/bin/../lib/gcc/arm-none-eabi/10.3.1/../../../../arm-none-eabi/lib/thumb/v7e-m+fp/hard\libc_nano.a(lib_a-findfp.o)
                0x000000000800e388                __sinit
 .text.__sfp    0x000000000800e3f8       0x8c c:/st/stm32cubeide_1.12.0/stm32cubeide/plugins/com.st.stm32cube.ide.mcu.externaltools.gnu-tools-for-stm32.10.3-2021.10.win32_1.0.200.202301161003/tools/bin/../lib/gcc/arm-none-eabi/10.3.1/../../../../arm-none-eabi/lib/thumb/v7e-m+fp/hard\libc_nano.a(lib_a-findfp.o)
                0x000000000800e3f8                __sfp
 .text._fwalk_reent
                0x000000000800e484       0x3e c:/st/stm32cubeide_1.12.0/stm32cubeide/plugins/com.st.stm32cube.ide.mcu.externaltools.gnu-tools-for-stm32.10.3-2021.10.win32_1.0.200.202301161003/tools/bin/../lib/gcc/arm-none-eabi/10.3.1/../../../../arm-none-eabi/lib/thumb/v7e-m+fp/hard\libc_nano.a(lib_a-fwalk.o)
                0x000000000800e484                _fwalk_reent
 .text.rshift   0x000000000800e4c2       0xa4 c:/st/stm32cubeide_1.12.0/stm32cubeide/plugins/com.st.stm32cube.ide.mcu.externaltools.gnu-tools-for-stm32.10.3-2021.10.win32_1.0.200.202301161003/tools/bin/../lib/gcc/arm-none-eabi/10.3.1/../../../../arm-none-eabi/lib/thumb/v7e-m+fp/hard\libc_nano.a(lib_a-gdtoa-gethex.o)
 .text.__hexdig_fun
                0x000000000800e566       0x2a c:/st/stm32cubeide_1.12.0/stm32cubeide/plugins/com.st.stm32cube.ide.mcu.externaltools.gnu-tools-for-stm32.10.3-2021.10.win32_1.0.200.202301161003/tools/bin/../lib/gcc/arm-none-eabi/10.3.1/../../../../arm-none-eabi/lib/thumb/v7e-m+fp/hard\libc_nano.a(lib_a-gdtoa-gethex.o)
                0x000000000800e566                __hexdig_fun
 .text.__gethex
                0x000000000800e590      0x48c c:/st/stm32cubeide_1.12.0/stm32cubeide/plugins/com.st.stm32cube.ide.mcu.externaltools.gnu-tools-for-stm32.10.3-2021.10.win32_1.0.200.202301161003/tools/bin/../lib/gcc/arm-none-eabi/10.3.1/../../../../arm-none-eabi/lib/thumb/v7e-m+fp/hard\libc_nano.a(lib_a-gdtoa-gethex.o)
                0x000000000800e590                __gethex
 .text.L_shift  0x000000000800ea1c       0x24 c:/st/stm32cubeide_1.12.0/stm32cubeide/plugins/com.st.stm32cube.ide.mcu.externaltools.gnu-tools-for-stm32.10.3-2021.10.win32_1.0.200.202301161003/tools/bin/../lib/gcc/arm-none-eabi/10.3.1/../../../../arm-none-eabi/lib/thumb/v7e-m+fp/hard\libc_nano.a(lib_a-gdtoa-hexnan.o)
 .text.__match  0x000000000800ea40       0x28 c:/st/stm32cubeide_1.12.0/stm32cubeide/plugins/com.st.stm32cube.ide.mcu.externaltools.gnu-tools-for-stm32.10.3-2021.10.win32_1.0.200.202301161003/tools/bin/../lib/gcc/arm-none-eabi/10.3.1/../../../../arm-none-eabi/lib/thumb/v7e-m+fp/hard\libc_nano.a(lib_a-gdtoa-hexnan.o)
                0x000000000800ea40                __match
 .text.__hexnan
                0x000000000800ea68      0x138 c:/st/stm32cubeide_1.12.0/stm32cubeide/plugins/com.st.stm32cube.ide.mcu.externaltools.gnu-tools-for-stm32.10.3-2021.10.win32_1.0.200.202301161003/tools/bin/../lib/gcc/arm-none-eabi/10.3.1/../../../../arm-none-eabi/lib/thumb/v7e-m+fp/hard\libc_nano.a(lib_a-gdtoa-hexnan.o)
                0x000000000800ea68                __hexnan
 .text._localeconv_r
                0x000000000800eba0        0x8 c:/st/stm32cubeide_1.12.0/stm32cubeide/plugins/com.st.stm32cube.ide.mcu.externaltools.gnu-tools-for-stm32.10.3-2021.10.win32_1.0.200.202301161003/tools/bin/../lib/gcc/arm-none-eabi/10.3.1/../../../../arm-none-eabi/lib/thumb/v7e-m+fp/hard\libc_nano.a(lib_a-localeconv.o)
                0x000000000800eba0                _localeconv_r
 .text.__retarget_lock_init_recursive
                0x000000000800eba8        0x2 c:/st/stm32cubeide_1.12.0/stm32cubeide/plugins/com.st.stm32cube.ide.mcu.externaltools.gnu-tools-for-stm32.10.3-2021.10.win32_1.0.200.202301161003/tools/bin/../lib/gcc/arm-none-eabi/10.3.1/../../../../arm-none-eabi/lib/thumb/v7e-m+fp/hard\libc_nano.a(lib_a-lock.o)
                0x000000000800eba8                __retarget_lock_init_recursive
 .text.__retarget_lock_acquire_recursive
                0x000000000800ebaa        0x2 c:/st/stm32cubeide_1.12.0/stm32cubeide/plugins/com.st.stm32cube.ide.mcu.externaltools.gnu-tools-for-stm32.10.3-2021.10.win32_1.0.200.202301161003/tools/bin/../lib/gcc/arm-none-eabi/10.3.1/../../../../arm-none-eabi/lib/thumb/v7e-m+fp/hard\libc_nano.a(lib_a-lock.o)
                0x000000000800ebaa                __retarget_lock_acquire_recursive
 .text.__retarget_lock_release_recursive
                0x000000000800ebac        0x2 c:/st/stm32cubeide_1.12.0/stm32cubeide/plugins/com.st.stm32cube.ide.mcu.externaltools.gnu-tools-for-stm32.10.3-2021.10.win32_1.0.200.202301161003/tools/bin/../lib/gcc/arm-none-eabi/10.3.1/../../../../arm-none-eabi/lib/thumb/v7e-m+fp/hard\libc_nano.a(lib_a-lock.o)
                0x000000000800ebac                __retarget_lock_release_recursive
 *fill*         0x000000000800ebae        0x2 
 .text._lseek_r
                0x000000000800ebb0       0x24 c:/st/stm32cubeide_1.12.0/stm32cubeide/plugins/com.st.stm32cube.ide.mcu.externaltools.gnu-tools-for-stm32.10.3-2021.10.win32_1.0.200.202301161003/tools/bin/../lib/gcc/arm-none-eabi/10.3.1/../../../../arm-none-eabi/lib/thumb/v7e-m+fp/hard\libc_nano.a(lib_a-lseekr.o)
                0x000000000800ebb0                _lseek_r
 .text.__swhatbuf_r
                0x000000000800ebd4       0x4a c:/st/stm32cubeide_1.12.0/stm32cubeide/plugins/com.st.stm32cube.ide.mcu.externaltools.gnu-tools-for-stm32.10.3-2021.10.win32_1.0.200.202301161003/tools/bin/../lib/gcc/arm-none-eabi/10.3.1/../../../../arm-none-eabi/lib/thumb/v7e-m+fp/hard\libc_nano.a(lib_a-makebuf.o)
                0x000000000800ebd4                __swhatbuf_r
 *fill*         0x000000000800ec1e        0x2 
 .text.__smakebuf_r
                0x000000000800ec20       0x80 c:/st/stm32cubeide_1.12.0/stm32cubeide/plugins/com.st.stm32cube.ide.mcu.externaltools.gnu-tools-for-stm32.10.3-2021.10.win32_1.0.200.202301161003/tools/bin/../lib/gcc/arm-none-eabi/10.3.1/../../../../arm-none-eabi/lib/thumb/v7e-m+fp/hard\libc_nano.a(lib_a-makebuf.o)
                0x000000000800ec20                __smakebuf_r
 .text.malloc   0x000000000800eca0       0x10 c:/st/stm32cubeide_1.12.0/stm32cubeide/plugins/com.st.stm32cube.ide.mcu.externaltools.gnu-tools-for-stm32.10.3-2021.10.win32_1.0.200.202301161003/tools/bin/../lib/gcc/arm-none-eabi/10.3.1/../../../../arm-none-eabi/lib/thumb/v7e-m+fp/hard\libc_nano.a(lib_a-malloc.o)
                0x000000000800eca0                malloc
 .text.__ascii_mbtowc
                0x000000000800ecb0       0x24 c:/st/stm32cubeide_1.12.0/stm32cubeide/plugins/com.st.stm32cube.ide.mcu.externaltools.gnu-tools-for-stm32.10.3-2021.10.win32_1.0.200.202301161003/tools/bin/../lib/gcc/arm-none-eabi/10.3.1/../../../../arm-none-eabi/lib/thumb/v7e-m+fp/hard\libc_nano.a(lib_a-mbtowc_r.o)
                0x000000000800ecb0                __ascii_mbtowc
 .text.memmove  0x000000000800ecd4       0x34 c:/st/stm32cubeide_1.12.0/stm32cubeide/plugins/com.st.stm32cube.ide.mcu.externaltools.gnu-tools-for-stm32.10.3-2021.10.win32_1.0.200.202301161003/tools/bin/../lib/gcc/arm-none-eabi/10.3.1/../../../../arm-none-eabi/lib/thumb/v7e-m+fp/hard\libc_nano.a(lib_a-memmove.o)
                0x000000000800ecd4                memmove
 .text._Balloc  0x000000000800ed08       0x80 c:/st/stm32cubeide_1.12.0/stm32cubeide/plugins/com.st.stm32cube.ide.mcu.externaltools.gnu-tools-for-stm32.10.3-2021.10.win32_1.0.200.202301161003/tools/bin/../lib/gcc/arm-none-eabi/10.3.1/../../../../arm-none-eabi/lib/thumb/v7e-m+fp/hard\libc_nano.a(lib_a-mprec.o)
                0x000000000800ed08                _Balloc
 .text._Bfree   0x000000000800ed88       0x44 c:/st/stm32cubeide_1.12.0/stm32cubeide/plugins/com.st.stm32cube.ide.mcu.externaltools.gnu-tools-for-stm32.10.3-2021.10.win32_1.0.200.202301161003/tools/bin/../lib/gcc/arm-none-eabi/10.3.1/../../../../arm-none-eabi/lib/thumb/v7e-m+fp/hard\libc_nano.a(lib_a-mprec.o)
                0x000000000800ed88                _Bfree
 .text.__multadd
                0x000000000800edcc       0x8c c:/st/stm32cubeide_1.12.0/stm32cubeide/plugins/com.st.stm32cube.ide.mcu.externaltools.gnu-tools-for-stm32.10.3-2021.10.win32_1.0.200.202301161003/tools/bin/../lib/gcc/arm-none-eabi/10.3.1/../../../../arm-none-eabi/lib/thumb/v7e-m+fp/hard\libc_nano.a(lib_a-mprec.o)
                0x000000000800edcc                __multadd
 .text.__s2b    0x000000000800ee58       0x94 c:/st/stm32cubeide_1.12.0/stm32cubeide/plugins/com.st.stm32cube.ide.mcu.externaltools.gnu-tools-for-stm32.10.3-2021.10.win32_1.0.200.202301161003/tools/bin/../lib/gcc/arm-none-eabi/10.3.1/../../../../arm-none-eabi/lib/thumb/v7e-m+fp/hard\libc_nano.a(lib_a-mprec.o)
                0x000000000800ee58                __s2b
 .text.__hi0bits
                0x000000000800eeec       0x40 c:/st/stm32cubeide_1.12.0/stm32cubeide/plugins/com.st.stm32cube.ide.mcu.externaltools.gnu-tools-for-stm32.10.3-2021.10.win32_1.0.200.202301161003/tools/bin/../lib/gcc/arm-none-eabi/10.3.1/../../../../arm-none-eabi/lib/thumb/v7e-m+fp/hard\libc_nano.a(lib_a-mprec.o)
                0x000000000800eeec                __hi0bits
 .text.__lo0bits
                0x000000000800ef2c       0x5e c:/st/stm32cubeide_1.12.0/stm32cubeide/plugins/com.st.stm32cube.ide.mcu.externaltools.gnu-tools-for-stm32.10.3-2021.10.win32_1.0.200.202301161003/tools/bin/../lib/gcc/arm-none-eabi/10.3.1/../../../../arm-none-eabi/lib/thumb/v7e-m+fp/hard\libc_nano.a(lib_a-mprec.o)
                0x000000000800ef2c                __lo0bits
 *fill*         0x000000000800ef8a        0x2 
 .text.__i2b    0x000000000800ef8c       0x2c c:/st/stm32cubeide_1.12.0/stm32cubeide/plugins/com.st.stm32cube.ide.mcu.externaltools.gnu-tools-for-stm32.10.3-2021.10.win32_1.0.200.202301161003/tools/bin/../lib/gcc/arm-none-eabi/10.3.1/../../../../arm-none-eabi/lib/thumb/v7e-m+fp/hard\libc_nano.a(lib_a-mprec.o)
                0x000000000800ef8c                __i2b
 .text.__multiply
                0x000000000800efb8      0x154 c:/st/stm32cubeide_1.12.0/stm32cubeide/plugins/com.st.stm32cube.ide.mcu.externaltools.gnu-tools-for-stm32.10.3-2021.10.win32_1.0.200.202301161003/tools/bin/../lib/gcc/arm-none-eabi/10.3.1/../../../../arm-none-eabi/lib/thumb/v7e-m+fp/hard\libc_nano.a(lib_a-mprec.o)
                0x000000000800efb8                __multiply
 .text.__pow5mult
                0x000000000800f10c       0xb4 c:/st/stm32cubeide_1.12.0/stm32cubeide/plugins/com.st.stm32cube.ide.mcu.externaltools.gnu-tools-for-stm32.10.3-2021.10.win32_1.0.200.202301161003/tools/bin/../lib/gcc/arm-none-eabi/10.3.1/../../../../arm-none-eabi/lib/thumb/v7e-m+fp/hard\libc_nano.a(lib_a-mprec.o)
                0x000000000800f10c                __pow5mult
 .text.__lshift
                0x000000000800f1c0       0xe0 c:/st/stm32cubeide_1.12.0/stm32cubeide/plugins/com.st.stm32cube.ide.mcu.externaltools.gnu-tools-for-stm32.10.3-2021.10.win32_1.0.200.202301161003/tools/bin/../lib/gcc/arm-none-eabi/10.3.1/../../../../arm-none-eabi/lib/thumb/v7e-m+fp/hard\libc_nano.a(lib_a-mprec.o)
                0x000000000800f1c0                __lshift
 .text.__mcmp   0x000000000800f2a0       0x38 c:/st/stm32cubeide_1.12.0/stm32cubeide/plugins/com.st.stm32cube.ide.mcu.externaltools.gnu-tools-for-stm32.10.3-2021.10.win32_1.0.200.202301161003/tools/bin/../lib/gcc/arm-none-eabi/10.3.1/../../../../arm-none-eabi/lib/thumb/v7e-m+fp/hard\libc_nano.a(lib_a-mprec.o)
                0x000000000800f2a0                __mcmp
 .text.__mdiff  0x000000000800f2d8      0x114 c:/st/stm32cubeide_1.12.0/stm32cubeide/plugins/com.st.stm32cube.ide.mcu.externaltools.gnu-tools-for-stm32.10.3-2021.10.win32_1.0.200.202301161003/tools/bin/../lib/gcc/arm-none-eabi/10.3.1/../../../../arm-none-eabi/lib/thumb/v7e-m+fp/hard\libc_nano.a(lib_a-mprec.o)
                0x000000000800f2d8                __mdiff
 .text.__ulp    0x000000000800f3ec       0x58 c:/st/stm32cubeide_1.12.0/stm32cubeide/plugins/com.st.stm32cube.ide.mcu.externaltools.gnu-tools-for-stm32.10.3-2021.10.win32_1.0.200.202301161003/tools/bin/../lib/gcc/arm-none-eabi/10.3.1/../../../../arm-none-eabi/lib/thumb/v7e-m+fp/hard\libc_nano.a(lib_a-mprec.o)
                0x000000000800f3ec                __ulp
 .text.__b2d    0x000000000800f444       0xa0 c:/st/stm32cubeide_1.12.0/stm32cubeide/plugins/com.st.stm32cube.ide.mcu.externaltools.gnu-tools-for-stm32.10.3-2021.10.win32_1.0.200.202301161003/tools/bin/../lib/gcc/arm-none-eabi/10.3.1/../../../../arm-none-eabi/lib/thumb/v7e-m+fp/hard\libc_nano.a(lib_a-mprec.o)
                0x000000000800f444                __b2d
 .text.__d2b    0x000000000800f4e4       0xb8 c:/st/stm32cubeide_1.12.0/stm32cubeide/plugins/com.st.stm32cube.ide.mcu.externaltools.gnu-tools-for-stm32.10.3-2021.10.win32_1.0.200.202301161003/tools/bin/../lib/gcc/arm-none-eabi/10.3.1/../../../../arm-none-eabi/lib/thumb/v7e-m+fp/hard\libc_nano.a(lib_a-mprec.o)
                0x000000000800f4e4                __d2b
 .text.__ratio  0x000000000800f59c       0x66 c:/st/stm32cubeide_1.12.0/stm32cubeide/plugins/com.st.stm32cube.ide.mcu.externaltools.gnu-tools-for-stm32.10.3-2021.10.win32_1.0.200.202301161003/tools/bin/../lib/gcc/arm-none-eabi/10.3.1/../../../../arm-none-eabi/lib/thumb/v7e-m+fp/hard\libc_nano.a(lib_a-mprec.o)
                0x000000000800f59c                __ratio
 .text.__copybits
                0x000000000800f602       0x46 c:/st/stm32cubeide_1.12.0/stm32cubeide/plugins/com.st.stm32cube.ide.mcu.externaltools.gnu-tools-for-stm32.10.3-2021.10.win32_1.0.200.202301161003/tools/bin/../lib/gcc/arm-none-eabi/10.3.1/../../../../arm-none-eabi/lib/thumb/v7e-m+fp/hard\libc_nano.a(lib_a-mprec.o)
                0x000000000800f602                __copybits
 .text.__any_on
                0x000000000800f648       0x42 c:/st/stm32cubeide_1.12.0/stm32cubeide/plugins/com.st.stm32cube.ide.mcu.externaltools.gnu-tools-for-stm32.10.3-2021.10.win32_1.0.200.202301161003/tools/bin/../lib/gcc/arm-none-eabi/10.3.1/../../../../arm-none-eabi/lib/thumb/v7e-m+fp/hard\libc_nano.a(lib_a-mprec.o)
                0x000000000800f648                __any_on
 .text._calloc_r
                0x000000000800f68a       0x2c c:/st/stm32cubeide_1.12.0/stm32cubeide/plugins/com.st.stm32cube.ide.mcu.externaltools.gnu-tools-for-stm32.10.3-2021.10.win32_1.0.200.202301161003/tools/bin/../lib/gcc/arm-none-eabi/10.3.1/../../../../arm-none-eabi/lib/thumb/v7e-m+fp/hard\libc_nano.a(lib_a-nano-callocr.o)
                0x000000000800f68a                _calloc_r
 *fill*         0x000000000800f6b6        0x2 
 .text._free_r  0x000000000800f6b8       0x98 c:/st/stm32cubeide_1.12.0/stm32cubeide/plugins/com.st.stm32cube.ide.mcu.externaltools.gnu-tools-for-stm32.10.3-2021.10.win32_1.0.200.202301161003/tools/bin/../lib/gcc/arm-none-eabi/10.3.1/../../../../arm-none-eabi/lib/thumb/v7e-m+fp/hard\libc_nano.a(lib_a-nano-freer.o)
                0x000000000800f6b8                _free_r
 .text.sbrk_aligned
                0x000000000800f750       0x40 c:/st/stm32cubeide_1.12.0/stm32cubeide/plugins/com.st.stm32cube.ide.mcu.externaltools.gnu-tools-for-stm32.10.3-2021.10.win32_1.0.200.202301161003/tools/bin/../lib/gcc/arm-none-eabi/10.3.1/../../../../arm-none-eabi/lib/thumb/v7e-m+fp/hard\libc_nano.a(lib_a-nano-mallocr.o)
 .text._malloc_r
                0x000000000800f790       0xe8 c:/st/stm32cubeide_1.12.0/stm32cubeide/plugins/com.st.stm32cube.ide.mcu.externaltools.gnu-tools-for-stm32.10.3-2021.10.win32_1.0.200.202301161003/tools/bin/../lib/gcc/arm-none-eabi/10.3.1/../../../../arm-none-eabi/lib/thumb/v7e-m+fp/hard\libc_nano.a(lib_a-nano-mallocr.o)
                0x000000000800f790                _malloc_r
 .text._realloc_r
                0x000000000800f878       0x5e c:/st/stm32cubeide_1.12.0/stm32cubeide/plugins/com.st.stm32cube.ide.mcu.externaltools.gnu-tools-for-stm32.10.3-2021.10.win32_1.0.200.202301161003/tools/bin/../lib/gcc/arm-none-eabi/10.3.1/../../../../arm-none-eabi/lib/thumb/v7e-m+fp/hard\libc_nano.a(lib_a-nano-reallocr.o)
                0x000000000800f878                _realloc_r
 .text.__ssputs_r
                0x000000000800f8d6       0xb6 c:/st/stm32cubeide_1.12.0/stm32cubeide/plugins/com.st.stm32cube.ide.mcu.externaltools.gnu-tools-for-stm32.10.3-2021.10.win32_1.0.200.202301161003/tools/bin/../lib/gcc/arm-none-eabi/10.3.1/../../../../arm-none-eabi/lib/thumb/v7e-m+fp/hard\libc_nano.a(lib_a-nano-svfprintf.o)
                0x000000000800f8d6                __ssputs_r
 .text._svfprintf_r
                0x000000000800f98c      0x200 c:/st/stm32cubeide_1.12.0/stm32cubeide/plugins/com.st.stm32cube.ide.mcu.externaltools.gnu-tools-for-stm32.10.3-2021.10.win32_1.0.200.202301161003/tools/bin/../lib/gcc/arm-none-eabi/10.3.1/../../../../arm-none-eabi/lib/thumb/v7e-m+fp/hard\libc_nano.a(lib_a-nano-svfprintf.o)
                0x000000000800f98c                _svfiprintf_r
                0x000000000800f98c                _svfprintf_r
 .text._sungetc_r
                0x000000000800fb8c       0x7a c:/st/stm32cubeide_1.12.0/stm32cubeide/plugins/com.st.stm32cube.ide.mcu.externaltools.gnu-tools-for-stm32.10.3-2021.10.win32_1.0.200.202301161003/tools/bin/../lib/gcc/arm-none-eabi/10.3.1/../../../../arm-none-eabi/lib/thumb/v7e-m+fp/hard\libc_nano.a(lib_a-nano-svfscanf.o)
                0x000000000800fb8c                _sungetc_r
 .text.__ssrefill_r
                0x000000000800fc06       0x3a c:/st/stm32cubeide_1.12.0/stm32cubeide/plugins/com.st.stm32cube.ide.mcu.externaltools.gnu-tools-for-stm32.10.3-2021.10.win32_1.0.200.202301161003/tools/bin/../lib/gcc/arm-none-eabi/10.3.1/../../../../arm-none-eabi/lib/thumb/v7e-m+fp/hard\libc_nano.a(lib_a-nano-svfscanf.o)
                0x000000000800fc06                __ssrefill_r
 .text.__ssvfscanf_r
                0x000000000800fc40      0x2f0 c:/st/stm32cubeide_1.12.0/stm32cubeide/plugins/com.st.stm32cube.ide.mcu.externaltools.gnu-tools-for-stm32.10.3-2021.10.win32_1.0.200.202301161003/tools/bin/../lib/gcc/arm-none-eabi/10.3.1/../../../../arm-none-eabi/lib/thumb/v7e-m+fp/hard\libc_nano.a(lib_a-nano-svfscanf.o)
                0x000000000800fc40                __ssvfiscanf_r
                0x000000000800fc40                __ssvfscanf_r
 .text._scanf_chars
                0x000000000800ff30       0xb4 c:/st/stm32cubeide_1.12.0/stm32cubeide/plugins/com.st.stm32cube.ide.mcu.externaltools.gnu-tools-for-stm32.10.3-2021.10.win32_1.0.200.202301161003/tools/bin/../lib/gcc/arm-none-eabi/10.3.1/../../../../arm-none-eabi/lib/thumb/v7e-m+fp/hard\libc_nano.a(lib_a-nano-vfscanf_i.o)
                0x000000000800ff30                _scanf_chars
 .text._scanf_i
                0x000000000800ffe4      0x1f0 c:/st/stm32cubeide_1.12.0/stm32cubeide/plugins/com.st.stm32cube.ide.mcu.externaltools.gnu-tools-for-stm32.10.3-2021.10.win32_1.0.200.202301161003/tools/bin/../lib/gcc/arm-none-eabi/10.3.1/../../../../arm-none-eabi/lib/thumb/v7e-m+fp/hard\libc_nano.a(lib_a-nano-vfscanf_i.o)
                0x000000000800ffe4                _scanf_i
 .text._read_r  0x00000000080101d4       0x24 c:/st/stm32cubeide_1.12.0/stm32cubeide/plugins/com.st.stm32cube.ide.mcu.externaltools.gnu-tools-for-stm32.10.3-2021.10.win32_1.0.200.202301161003/tools/bin/../lib/gcc/arm-none-eabi/10.3.1/../../../../arm-none-eabi/lib/thumb/v7e-m+fp/hard\libc_nano.a(lib_a-readr.o)
                0x00000000080101d4                _read_r
 .text.nan      0x00000000080101f8       0x10 c:/st/stm32cubeide_1.12.0/stm32cubeide/plugins/com.st.stm32cube.ide.mcu.externaltools.gnu-tools-for-stm32.10.3-2021.10.win32_1.0.200.202301161003/tools/bin/../lib/gcc/arm-none-eabi/10.3.1/../../../../arm-none-eabi/lib/thumb/v7e-m+fp/hard\libc_nano.a(lib_a-s_nan.o)
                0x00000000080101f8                nan