Archive member included to satisfy reference by file (symbol)

c:/st/stm32cubeide_1.12.0/stm32cubeide/plugins/com.st.stm32cube.ide.mcu.externaltools.gnu-tools-for-stm32.10.3-2021.10.win32_1.0.200.202301161003/tools/bin/../lib/gcc/arm-none-eabi/10.3.1/../../../../arm-none-eabi/lib/thumb/v7e-m+fp/hard\libc_nano.a(lib_a-errno.o)
                              ./Core/Src/syscalls.o (__errno)
c:/st/stm32cubeide_1.12.0/stm32cubeide/plugins/com.st.stm32cube.ide.mcu.externaltools.gnu-tools-for-stm32.10.3-2021.10.win32_1.0.200.202301161003/tools/bin/../lib/gcc/arm-none-eabi/10.3.1/../../../../arm-none-eabi/lib/thumb/v7e-m+fp/hard\libc_nano.a(lib_a-exit.o)
                              c:/st/stm32cubeide_1.12.0/stm32cubeide/plugins/com.st.stm32cube.ide.mcu.externaltools.gnu-tools-for-stm32.10.3-2021.10.win32_1.0.200.202301161003/tools/bin/../lib/gcc/arm-none-eabi/10.3.1/../../../../arm-none-eabi/lib/thumb/v7e-m+fp/hard/crt0.o (exit)
c:/st/stm32cubeide_1.12.0/stm32cubeide/plugins/com.st.stm32cube.ide.mcu.externaltools.gnu-tools-for-stm32.10.3-2021.10.win32_1.0.200.202301161003/tools/bin/../lib/gcc/arm-none-eabi/10.3.1/../../../../arm-none-eabi/lib/thumb/v7e-m+fp/hard\libc_nano.a(lib_a-impure.o)
                              c:/st/stm32cubeide_1.12.0/stm32cubeide/plugins/com.st.stm32cube.ide.mcu.externaltools.gnu-tools-for-stm32.10.3-2021.10.win32_1.0.200.202301161003/tools/bin/../lib/gcc/arm-none-eabi/10.3.1/../../../../arm-none-eabi/lib/thumb/v7e-m+fp/hard\libc_nano.a(lib_a-exit.o) (_global_impure_ptr)
c:/st/stm32cubeide_1.12.0/stm32cubeide/plugins/com.st.stm32cube.ide.mcu.externaltools.gnu-tools-for-stm32.10.3-2021.10.win32_1.0.200.202301161003/tools/bin/../lib/gcc/arm-none-eabi/10.3.1/../../../../arm-none-eabi/lib/thumb/v7e-m+fp/hard\libc_nano.a(lib_a-init.o)
                              c:/st/stm32cubeide_1.12.0/stm32cubeide/plugins/com.st.stm32cube.ide.mcu.externaltools.gnu-tools-for-stm32.10.3-2021.10.win32_1.0.200.202301161003/tools/bin/../lib/gcc/arm-none-eabi/10.3.1/../../../../arm-none-eabi/lib/thumb/v7e-m+fp/hard/crt0.o (__libc_init_array)
c:/st/stm32cubeide_1.12.0/stm32cubeide/plugins/com.st.stm32cube.ide.mcu.externaltools.gnu-tools-for-stm32.10.3-2021.10.win32_1.0.200.202301161003/tools/bin/../lib/gcc/arm-none-eabi/10.3.1/../../../../arm-none-eabi/lib/thumb/v7e-m+fp/hard\libc_nano.a(lib_a-memcpy-stub.o)
                              ./Core/Src/GPS.o (memcpy)
c:/st/stm32cubeide_1.12.0/stm32cubeide/plugins/com.st.stm32cube.ide.mcu.externaltools.gnu-tools-for-stm32.10.3-2021.10.win32_1.0.200.202301161003/tools/bin/../lib/gcc/arm-none-eabi/10.3.1/../../../../arm-none-eabi/lib/thumb/v7e-m+fp/hard\libc_nano.a(lib_a-memset.o)
                              c:/st/stm32cubeide_1.12.0/stm32cubeide/plugins/com.st.stm32cube.ide.mcu.externaltools.gnu-tools-for-stm32.10.3-2021.10.win32_1.0.200.202301161003/tools/bin/../lib/gcc/arm-none-eabi/10.3.1/../../../../arm-none-eabi/lib/thumb/v7e-m+fp/hard/crt0.o (memset)
c:/st/stm32cubeide_1.12.0/stm32cubeide/plugins/com.st.stm32cube.ide.mcu.externaltools.gnu-tools-for-stm32.10.3-2021.10.win32_1.0.200.202301161003/tools/bin/../lib/gcc/arm-none-eabi/10.3.1/../../../../arm-none-eabi/lib/thumb/v7e-m+fp/hard\libc_nano.a(lib_a-nano-vfprintf_float.o)
                              (_printf_float)
c:/st/stm32cubeide_1.12.0/stm32cubeide/plugins/com.st.stm32cube.ide.mcu.externaltools.gnu-tools-for-stm32.10.3-2021.10.win32_1.0.200.202301161003/tools/bin/../lib/gcc/arm-none-eabi/10.3.1/../../../../arm-none-eabi/lib/thumb/v7e-m+fp/hard\libc_nano.a(lib_a-nano-vfprintf_i.o)
                              c:/st/stm32cubeide_1.12.0/stm32cubeide/plugins/com.st.stm32cube.ide.mcu.externaltools.gnu-tools-for-stm32.10.3-2021.10.win32_1.0.200.202301161003/tools/bin/../lib/gcc/arm-none-eabi/10.3.1/../../../../arm-none-eabi/lib/thumb/v7e-m+fp/hard\libc_nano.a(lib_a-nano-vfprintf_float.o) (_printf_common)
c:/st/stm32cubeide_1.12.0/stm32cubeide/plugins/com.st.stm32cube.ide.mcu.externaltools.gnu-tools-for-stm32.10.3-2021.10.win32_1.0.200.202301161003/tools/bin/../lib/gcc/arm-none-eabi/10.3.1/../../../../arm-none-eabi/lib/thumb/v7e-m+fp/hard\libc_nano.a(lib_a-nano-vfscanf_float.o)
                              (_scanf_float)
c:/st/stm32cubeide_1.12.0/stm32cubeide/plugins/com.st.stm32cube.ide.mcu.externaltools.gnu-tools-for-stm32.10.3-2021.10.win32_1.0.200.202301161003/tools/bin/../lib/gcc/arm-none-eabi/10.3.1/../../../../arm-none-eabi/lib/thumb/v7e-m+fp/hard\libc_nano.a(lib_a-sf_nan.o)
                              c:/st/stm32cubeide_1.12.0/stm32cubeide/plugins/com.st.stm32cube.ide.mcu.externaltools.gnu-tools-for-stm32.10.3-2021.10.win32_1.0.200.202301161003/tools/bin/../lib/gcc/arm-none-eabi/10.3.1/../../../../arm-none-eabi/lib/thumb/v7e-m+fp/hard\libc_nano.a(lib_a-nano-vfscanf_float.o) (nanf)
[...]
Memory Configuration

Name             Origin             Length             Attributes
RAM              0x0000000020000000 0x0000000000020000 xrw
FLASH            0x0000000008000000 0x0000000000080000 xr
*default*        0x0000000000000000 0xffffffffffffffff

Linker script and memory map

LOAD c:/st/stm32cubeide_1.12.0/stm32cubeide/plugins/com.st.stm32cube.ide.mcu.externaltools.gnu-tools-for-stm32.10.3-2021.10.win32_1.0.200.202301161003/tools/bin/../lib/gcc/arm-none-eabi/10.3.1/thumb/v7e-m+fp/hard/crti.o
LOAD c:/st/stm32cubeide_1.12.0/stm32cubeide/plugins/com.st.stm32cube.ide.mcu.externaltools.gnu-tools-for-stm32.10.3-2021.10.win32_1.0.200.202301161003/tools/bin/../lib/gcc/arm-none-eabi/10.3.1/thumb/v7e-m+fp/hard/crtbegin.o
LOAD c:/st/stm32cubeide_1.12.0/stm32cubeide/plugins/com.st.stm32cube.ide.mcu.externaltools.gnu-tools-for-stm32.10.3-2021.10.win32_1.0.200.202301161003/tools/bin/../lib/gcc/arm-none-eabi/10.3.1/../../../../arm-none-eabi/lib/thumb/v7e-m+fp/hard/crt0.o
LOAD ./Core/Src/BMP180.o
LOAD ./Core/Src/GPS.o
LOAD ./Core/Src/MPU6050.o
LOAD ./Core/Src/PWM.o
LOAD ./Core/Src/freertos.o
LOAD ./Core/Src/gpio.o
LOAD ./Core/Src/i2c.o
LOAD ./Core/Src/main.o
LOAD ./Core/Src/pid.o
LOAD ./Core/Src/stm32f4xx_hal_msp.o
LOAD ./Core/Src/stm32f4xx_it.o
LOAD ./Core/Src/syscalls.o
LOAD ./Core/Src/sysmem.o
LOAD ./Core/Src/system_stm32f4xx.o
LOAD ./Core/Src/tim.o
LOAD ./Core/Src/usart.o
LOAD ./Core/Startup/startup_stm32f411vetx.o
LOAD ./Drivers/STM32F4xx_HAL_Driver/Src/stm32f4xx_hal.o
LOAD ./Drivers/STM32F4xx_HAL_Driver/Src/stm32f4xx_hal_cortex.o
LOAD ./Drivers/STM32F4xx_HAL_Driver/Src/stm32f4xx_hal_dma.o
LOAD ./Drivers/STM32F4xx_HAL_Driver/Src/stm32f4xx_hal_dma_ex.o
LOAD ./Drivers/STM32F4xx_HAL_Driver/Src/stm32f4xx_hal_exti.o
LOAD ./Drivers/STM32F4xx_HAL_Driver/Src/stm32f4xx_hal_flash.o
LOAD ./Drivers/STM32F4xx_HAL_Driver/Src/stm32f4xx_hal_flash_ex.o
LOAD ./Drivers/STM32F4xx_HAL_Driver/Src/stm32f4xx_hal_flash_ramfunc.o
LOAD ./Drivers/STM32F4xx_HAL_Driver/Src/stm32f4xx_hal_gpio.o
LOAD ./Drivers/STM32F4xx_HAL_Driver/Src/stm32f4xx_hal_i2c.o
LOAD ./Drivers/STM32F4xx_HAL_Driver/Src/stm32f4xx_hal_i2c_ex.o
LOAD ./Drivers/STM32F4xx_HAL_Driver/Src/stm32f4xx_hal_pwr.o
LOAD ./Drivers/STM32F4xx_HAL_Driver/Src/stm32f4xx_hal_pwr_ex.o
LOAD ./Drivers/STM32F4xx_HAL_Driver/Src/stm32f4xx_hal_rcc.o
LOAD ./Drivers/STM32F4xx_HAL_Driver/Src/stm32f4xx_hal_rcc_ex.o
LOAD ./Drivers/STM32F4xx_HAL_Driver/Src/stm32f4xx_hal_tim.o
LOAD ./Drivers/STM32F4xx_HAL_Driver/Src/stm32f4xx_hal_tim_ex.o
LOAD ./Drivers/STM32F4xx_HAL_Driver/Src/stm32f4xx_hal_uart.o
LOAD ./Middlewares/Third_Party/FreeRTOS/Source/CMSIS_RTOS_V2/cmsis_os2.o
LOAD ./Middlewares/Third_Party/FreeRTOS/Source/croutine.o
LOAD ./Middlewares/Third_Party/FreeRTOS/Source/event_groups.o
LOAD ./Middlewares/Third_Party/FreeRTOS/Source/list.o
LOAD ./Middlewares/Third_Party/FreeRTOS/Source/queue.o
LOAD ./Middlewares/Third_Party/FreeRTOS/Source/stream_buffer.o
LOAD ./Middlewares/Third_Party/FreeRTOS/Source/tasks.o
LOAD ./Middlewares/Third_Party/FreeRTOS/Source/timers.o
LOAD ./Middlewares/Third_Party/FreeRTOS/Source/portable/GCC/ARM_CM4F/port.o
LOAD ./Middlewares/Third_Party/FreeRTOS/Source/portable/MemMang/heap_4.o
START GROUP
LOAD c:/st/stm32cubeide_1.12.0/stm32cubeide/plugins/com.st.stm32cube.ide.mcu.externaltools.gnu-tools-for-stm32.10.3-2021.10.win32_1.0.200.202301161003/tools/bin/../lib/gcc/arm-none-eabi/10.3.1/../../../../arm-none-eabi/lib/thumb/v7e-m+fp/hard\libc_nano.a
LOAD c:/st/stm32cubeide_1.12.0/stm32cubeide/plugins/com.st.stm32cube.ide.mcu.externaltools.gnu-tools-for-stm32.10.3-2021.10.win32_1.0.200.202301161003/tools/bin/../lib/gcc/arm-none-eabi/10.3.1/../../../../arm-none-eabi/lib/thumb/v7e-m+fp/hard\libm.a
END GROUP
START GROUP
LOAD c:/st/stm32cubeide_1.12.0/stm32cubeide/plugins/com.st.stm32cube.ide.mcu.externaltools.gnu-tools-for-stm32.10.3-2021.10.win32_1.0.200.202301161003/tools/bin/../lib/gcc/arm-none-eabi/10.3.1/thumb/v7e-m+fp/hard\libgcc.a
LOAD c:/st/stm32cubeide_1.12.0/stm32cubeide/plugins/com.st.stm32cube.ide.mcu.externaltools.gnu-tools-for-stm32.10.3-2021.10.win32_1.0.200.202301161003/tools/bin/../lib/gcc/arm-none-eabi/10.3.1/../../../../arm-none-eabi/lib/thumb/v7e-m+fp/hard\libc_nano.a
END GROUP
START GROUP
LOAD c:/st/stm32cubeide_1.12.0/stm32cubeide/plugins/com.st.stm32cube.ide.mcu.externaltools.gnu-tools-for-stm32.10.3-2021.10.win32_1.0.200.202301161003/tools/bin/../lib/gcc/arm-none-eabi/10.3.1/thumb/v7e-m+fp/hard\libgcc.a
LOAD c:/st/stm32cubeide_1.12.0/stm32cubeide/plugins/com.st.stm32cube.ide.mcu.externaltools.gnu-tools-for-stm32.10.3-2021.10.win32_1.0.200.202301161003/tools/bin/../lib/gcc/arm-none-eabi/10.3.1/../../../../arm-none-eabi/lib/thumb/v7e-m+fp/hard\libc_nano.a
LOAD c:/st/stm32cubeide_1.12.0/stm32cubeide/plugins/com.st.stm32cube.ide.mcu.externaltools.gnu-tools-for-stm32.10.3-2021.10.win32_1.0.200.202301161003/tools/bin/../lib/gcc/arm-none-eabi/10.3.1/../../../../arm-none-eabi/lib/thumb/v7e-m+fp/hard\libnosys.a
END GROUP
START GROUP
LOAD c:/st/stm32cubeide_1.12.0/stm32cubeide/plugins/com.st.stm32cube.ide.mcu.externaltools.gnu-tools-for-stm32.10.3-2021.10.win32_1.0.200.202301161003/tools/bin/../lib/gcc/arm-none-eabi/10.3.1/thumb/v7e-m+fp/hard\libgcc.a
LOAD c:/st/stm32cubeide_1.12.0/stm32cubeide/plugins/com.st.stm32cube.ide.mcu.externaltools.gnu-tools-for-stm32.10.3-2021.10.win32_1.0.200.202301161003/tools/bin/../lib/gcc/arm-none-eabi/10.3.1/../../../../arm-none-eabi/lib/thumb/v7e-m+fp/hard\libc_nano.a
LOAD c:/st/stm32cubeide_1.12.0/stm32cubeide/plugins/com.st.stm32cube.ide.mcu.externaltools.gnu-tools-for-stm32.10.3-2021.10.win32_1.0.200.202301161003/tools/bin/../lib/gcc/arm-none-eabi/10.3.1/../../../../arm-none-eabi/lib/thumb/v7e-m+fp/hard\libnosys.a
END GROUP
LOAD c:/st/stm32cubeide_1.12.0/stm32cubeide/plugins/com.st.stm32cube.ide.mcu.externaltools.gnu-tools-for-stm32.10.3-2021.10.win32_1.0.200.202301161003/tools/bin/../lib/gcc/arm-none-eabi/10.3.1/thumb/v7e-m+fp/hard/crtend.o
LOAD c:/st/stm32cubeide_1.12.0/stm32cubeide/plugins/com.st.stm32cube.ide.mcu.externaltools.gnu-tools-for-stm32.10.3-2021.10.win32_1.0.200.202301161003/tools/bin/../lib/gcc/arm-none-eabi/10.3.1/thumb/v7e-m+fp/hard/crtn.o
                0x0000000020020000                _estack = (ORIGIN (RAM) + LENGTH (RAM))
                0x0000000000000200                _Min_Heap_Size = 0x200
                0x0000000000000400                _Min_Stack_Size = 0x400

.isr_vector     0x0000000008000000      0x198
                0x0000000008000000                . = ALIGN (0x4)
 *(.isr_vector)
 .isr_vector    0x0000000008000000      0x198 ./Core/Startup/startup_stm32f411vetx.o
                0x0000000008000000                g_pfnVectors
                0x0000000008000198                . = ALIGN (0x4)

.text           0x00000000080001a0    0x12a90
                0x00000000080001a0                . = ALIGN (0x4)
 *(.text)
 .text          0x00000000080001a0       0x40 c:/st/stm32cubeide_1.12.0/stm32cubeide/plugins/com.st.stm32cube.ide.mcu.externaltools.gnu-tools-for-stm32.10.3-2021.10.win32_1.0.200.202301161003/tools/bin/../lib/gcc/arm-none-eabi/10.3.1/thumb/v7e-m+fp/hard/crtbegin.o
 .text          0x00000000080001e0       0x14 c:/st/stm32cubeide_1.12.0/stm32cubeide/plugins/com.st.stm32cube.ide.mcu.externaltools.gnu-tools-for-stm32.10.3-2021.10.win32_1.0.200.202301161003/tools/bin/../lib/gcc/arm-none-eabi/10.3.1/../../../../arm-none-eabi/lib/thumb/v7e-m+fp/hard\libc_nano.a(lib_a-strcmp.o)
                0x00000000080001e0                strcmp
 .text          0x00000000080001f4       0x10 c:/st/stm32cubeide_1.12.0/stm32cubeide/plugins/com.st.stm32cube.ide.mcu.externaltools.gnu-tools-for-stm32.10.3-2021.10.win32_1.0.200.202301161003/tools/bin/../lib/gcc/arm-none-eabi/10.3.1/../../../../arm-none-eabi/lib/thumb/v7e-m+fp/hard\libc_nano.a(lib_a-strlen.o)
                0x00000000080001f4                strlen
 *fill*         0x0000000008000204        0xc 
 .text          0x0000000008000210       0xa0 c:/st/stm32cubeide_1.12.0/stm32cubeide/plugins/com.st.stm32cube.ide.mcu.externaltools.gnu-tools-for-stm32.10.3-2021.10.win32_1.0.200.202301161003/tools/bin/../lib/gcc/arm-none-eabi/10.3.1/../../../../arm-none-eabi/lib/thumb/v7e-m+fp/hard\libc_nano.a(lib_a-memchr.o)
                0x0000000008000210                memchr
 .text          0x00000000080002b0      0x378 c:/st/stm32cubeide_1.12.0/stm32cubeide/plugins/com.st.stm32cube.ide.mcu.externaltools.gnu-tools-for-stm32.10.3-2021.10.win32_1.0.200.202301161003/tools/bin/../lib/gcc/arm-none-eabi/10.3.1/thumb/v7e-m+fp/hard\libgcc.a(_arm_addsubdf3.o)
                0x00000000080002b0                __aeabi_drsub
                0x00000000080002b8                __aeabi_dsub
                0x00000000080002b8                __subdf3
                0x00000000080002bc                __aeabi_dadd
                0x00000000080002bc                __adddf3
                0x0000000008000534                __floatunsidf
                0x0000000008000534                __aeabi_ui2d
                0x0000000008000554                __floatsidf
                0x0000000008000554                __aeabi_i2d
                0x0000000008000578                __aeabi_f2d
                0x0000000008000578                __extendsfdf2
                0x00000000080005bc                __floatundidf
                0x00000000080005bc                __aeabi_ul2d
                0x00000000080005cc                __floatdidf
                0x00000000080005cc                __aeabi_l2d
 .text          0x0000000008000628      0x424 c:/st/stm32cubeide_1.12.0/stm32cubeide/plugins/com.st.stm32cube.ide.mcu.externaltools.gnu-tools-for-stm32.10.3-2021.10.win32_1.0.200.202301161003/tools/bin/../lib/gcc/arm-none-eabi/10.3.1/thumb/v7e-m+fp/hard\libgcc.a(_arm_muldivdf3.o)
                0x0000000008000628                __aeabi_dmul
                0x0000000008000628                __muldf3
                0x000000000800087c                __divdf3
                0x000000000800087c                __aeabi_ddiv
 .text          0x0000000008000a4c      0x110 c:/st/stm32cubeide_1.12.0/stm32cubeide/plugins/com.st.stm32cube.ide.mcu.externaltools.gnu-tools-for-stm32.10.3-2021.10.win32_1.0.200.202301161003/tools/bin/../lib/gcc/arm-none-eabi/10.3.1/thumb/v7e-m+fp/hard\libgcc.a(_arm_cmpdf2.o)
                0x0000000008000a4c                __gtdf2
                0x0000000008000a4c                __gedf2
                0x0000000008000a54                __ltdf2
                0x0000000008000a54                __ledf2
                0x0000000008000a5c                __nedf2
                0x0000000008000a5c                __eqdf2
                0x0000000008000a5c                __cmpdf2
                0x0000000008000ad8                __aeabi_cdrcmple
                0x0000000008000ae8                __aeabi_cdcmpeq
                0x0000000008000ae8                __aeabi_cdcmple
                0x0000000008000af8                __aeabi_dcmpeq
                0x0000000008000b0c                __aeabi_dcmplt
                0x0000000008000b20                __aeabi_dcmple
                0x0000000008000b34                __aeabi_dcmpge
                0x0000000008000b48                __aeabi_dcmpgt
 .text          0x0000000008000b5c       0x2c c:/st/stm32cubeide_1.12.0/stm32cubeide/plugins/com.st.stm32cube.ide.mcu.externaltools.gnu-tools-for-stm32.10.3-2021.10.win32_1.0.200.202301161003/tools/bin/../lib/gcc/arm-none-eabi/10.3.1/thumb/v7e-m+fp/hard\libgcc.a(_arm_unorddf2.o)
                0x0000000008000b5c                __unorddf2
                0x0000000008000b5c                __aeabi_dcmpun
 .text          0x0000000008000b88       0x50 c:/st/stm32cubeide_1.12.0/stm32cubeide/plugins/com.st.stm32cube.ide.mcu.externaltools.gnu-tools-for-stm32.10.3-2021.10.win32_1.0.200.202301161003/tools/bin/../lib/gcc/arm-none-eabi/10.3.1/thumb/v7e-m+fp/hard\libgcc.a(_arm_fixdfsi.o)
                0x0000000008000b88                __aeabi_d2iz
                0x0000000008000b88                __fixdfsi
 .text          0x0000000008000bd8       0x40 c:/st/stm32cubeide_1.12.0/stm32cubeide/plugins/com.st.stm32cube.ide.mcu.externaltools.gnu-tools-for-stm32.10.3-2021.10.win32_1.0.200.202301161003/tools/bin/../lib/gcc/arm-none-eabi/10.3.1/thumb/v7e-m+fp/hard\libgcc.a(_arm_fixunsdfsi.o)
                0x0000000008000bd8                __aeabi_d2uiz
                0x0000000008000bd8                __fixunsdfsi
 .text          0x0000000008000c18       0xa0 c:/st/stm32cubeide_1.12.0/stm32cubeide/plugins/com.st.stm32cube.ide.mcu.externaltools.gnu-tools-for-stm32.10.3-2021.10.win32_1.0.200.202301161003/tools/bin/../lib/gcc/arm-none-eabi/10.3.1/thumb/v7e-m+fp/hard\libgcc.a(_arm_truncdfsf2.o)
                0x0000000008000c18                __truncdfsf2
                0x0000000008000c18                __aeabi_d2f
 .text          0x0000000008000cb8       0x30 c:/st/stm32cubeide_1.12.0/stm32cubeide/plugins/com.st.stm32cube.ide.mcu.externaltools.gnu-tools-for-stm32.10.3-2021.10.win32_1.0.200.202301161003/tools/bin/../lib/gcc/arm-none-eabi/10.3.1/thumb/v7e-m+fp/hard\libgcc.a(_aeabi_uldivmod.o)
                0x0000000008000cb8                __aeabi_uldivmod
 .text          0x0000000008000ce8       0x30 c:/st/stm32cubeide_1.12.0/stm32cubeide/plugins/com.st.stm32cube.ide.mcu.externaltools.gnu-tools-for-stm32.10.3-2021.10.win32_1.0.200.202301161003/tools/bin/../lib/gcc/arm-none-eabi/10.3.1/thumb/v7e-m+fp/hard\libgcc.a(_fixdfdi.o)
                0x0000000008000ce8                __fixdfdi
                0x0000000008000ce8                __aeabi_d2lz
 .text          0x0000000008000d18       0x40 c:/st/stm32cubeide_1.12.0/stm32cubeide/plugins/com.st.stm32cube.ide.mcu.externaltools.gnu-tools-for-stm32.10.3-2021.10.win32_1.0.200.202301161003/tools/bin/../lib/gcc/arm-none-eabi/10.3.1/thumb/v7e-m+fp/hard\libgcc.a(_fixunssfdi.o)
                0x0000000008000d18                __fixunssfdi
                0x0000000008000d18                __aeabi_f2ulz
 .text          0x0000000008000d58       0x3c c:/st/stm32cubeide_1.12.0/stm32cubeide/plugins/com.st.stm32cube.ide.mcu.externaltools.gnu-tools-for-stm32.10.3-2021.10.win32_1.0.200.202301161003/tools/bin/../lib/gcc/arm-none-eabi/10.3.1/thumb/v7e-m+fp/hard\libgcc.a(_fixunsdfdi.o)
                0x0000000008000d58                __fixunsdfdi
                0x0000000008000d58                __aeabi_d2ulz
 .text          0x0000000008000d94      0x2d0 c:/st/stm32cubeide_1.12.0/stm32cubeide/plugins/com.st.stm32cube.ide.mcu.externaltools.gnu-tools-for-stm32.10.3-2021.10.win32_1.0.200.202301161003/tools/bin/../lib/gcc/arm-none-eabi/10.3.1/thumb/v7e-m+fp/hard\libgcc.a(_udivmoddi4.o)
                0x0000000008000d94                __udivmoddi4
 .text          0x0000000008001064        0x4 c:/st/stm32cubeide_1.12.0/stm32cubeide/plugins/com.st.stm32cube.ide.mcu.externaltools.gnu-tools-for-stm32.10.3-2021.10.win32_1.0.200.202301161003/tools/bin/../lib/gcc/arm-none-eabi/10.3.1/thumb/v7e-m+fp/hard\libgcc.a(_dvmd_tls.o)
                0x0000000008001064                __aeabi_idiv0
                0x0000000008001064                __aeabi_ldiv0
 *(.text*)
 .text.BMP180_Init
                0x0000000008001068       0x34 ./Core/Src/BMP180.o
                0x0000000008001068                BMP180_Init
 .text.BMP180_reset
                0x000000000800109c       0x38 ./Core/Src/BMP180.o
                0x000000000800109c                BMP180_reset
 .text.BMP180_ReadCalibration
                0x00000000080010d4      0x130 ./Core/Src/BMP180.o
                0x00000000080010d4                BMP180_ReadCalibration
 .text.BMP180_Read_UT
                0x0000000008001204       0x84 ./Core/Src/BMP180.o
                0x0000000008001204                BMP180_Read_UT
 .text.BMP180_Read_UP
                0x0000000008001288       0xfc ./Core/Src/BMP180.o
                0x0000000008001288                BMP180_Read_UP
 .text.BMP180_Calculate_RT
                0x0000000008001384       0x58 ./Core/Src/BMP180.o
                0x0000000008001384                BMP180_Calculate_RT
 .text.BMP180_Calculate_RP
                0x00000000080013dc      0x118 ./Core/Src/BMP180.o
                0x00000000080013dc                BMP180_Calculate_RP
 *fill*         0x00000000080014f4        0x4 
 .text.BMP180_Calculate_Altitude
                0x00000000080014f8       0x88 ./Core/Src/BMP180.o
                0x00000000080014f8                BMP180_Calculate_Altitude
 .text.crc_accumulate
                0x0000000008001580       0x64 ./Core/Src/GPS.o
 .text.crc_init
                0x00000000080015e4       0x1c ./Core/Src/GPS.o
 .text.crc_calculate
                0x0000000008001600       0x40 ./Core/Src/GPS.o
 .text.crc_accumulate_buffer
                0x0000000008001640       0x38 ./Core/Src/GPS.o
 .text.mavlink_sha256_init
                0x0000000008001678       0x70 ./Core/Src/GPS.o
 .text.mavlink_sha256_calc
                0x00000000080016e8      0x3c0 ./Core/Src/GPS.o
 .text.mavlink_sha256_update
                0x0000000008001aa8       0xfe ./Core/Src/GPS.o
 .text.mavlink_sha256_final_48
                0x0000000008001ba6      0x12e ./Core/Src/GPS.o
 .text.mavlink_get_channel_status
                0x0000000008001cd4       0x28 ./Core/Src/GPS.o
 .text.mavlink_sign_packet
                0x0000000008001cfc       0xcc ./Core/Src/GPS.o
 .text._mav_trim_payload
                0x0000000008001dc8       0x36 ./Core/Src/GPS.o
 .text.mavlink_finalize_message_buffer
                0x0000000008001dfe      0x26e ./Core/Src/GPS.o
 .text.mavlink_finalize_message_chan
                0x000000000800206c       0x48 ./Core/Src/GPS.o
 .text.mavlink_finalize_message
                0x00000000080020b4       0x3c ./Core/Src/GPS.o
 .text.mavlink_msg_to_send_buffer
                0x00000000080020f0      0x1be ./Core/Src/GPS.o
 .text.mavlink_msg_gps_raw_int_pack
                0x00000000080022ae       0xd8 ./Core/Src/GPS.o
 .text.mavlink_msg_gps_raw_int_encode
                0x0000000008002386       0xec ./Core/Src/GPS.o
 .text.mavlink_msg_heartbeat_pack
                0x0000000008002472       0x70 ./Core/Src/GPS.o
 *fill*         0x00000000080024e2        0x2 
 .text.GPS_Init
                0x00000000080024e4       0x1c ./Core/Src/GPS.o
                0x00000000080024e4                GPS_Init
 .text.Mavlink_TX_Heartbeat
                0x0000000008002500       0x5c ./Core/Src/GPS.o
                0x0000000008002500                Mavlink_TX_Heartbeat
 .text.GPS_UART_CallBack
                0x000000000800255c       0x70 ./Core/Src/GPS.o
                0x000000000800255c                GPS_UART_CallBack
 .text.GPS_validate
                0x00000000080025cc       0xc4 ./Core/Src/GPS.o
                0x00000000080025cc                GPS_validate
 .text.GPS_parse
                0x0000000008002690      0x288 ./Core/Src/GPS.o
                0x0000000008002690                GPS_parse
 .text.GPS_nmea_to_dec
                0x0000000008002918       0x9c ./Core/Src/GPS.o
                0x0000000008002918                GPS_nmea_to_dec
 *fill*         0x00000000080029b4        0x4 
 .text.Transmit_mavlink_data_GPS
                0x00000000080029b8      0x1b4 ./Core/Src/GPS.o
                0x00000000080029b8                Transmit_mavlink_data_GPS
 .text.crc_accumulate
                0x0000000008002b6c       0x64 ./Core/Src/MPU6050.o
 .text.crc_init
                0x0000000008002bd0       0x1c ./Core/Src/MPU6050.o
 .text.crc_calculate
                0x0000000008002bec       0x40 ./Core/Src/MPU6050.o
 .text.crc_accumulate_buffer
                0x0000000008002c2c       0x38 ./Core/Src/MPU6050.o
 .text.mavlink_sha256_init
                0x0000000008002c64       0x70 ./Core/Src/MPU6050.o
 .text.mavlink_sha256_calc
                0x0000000008002cd4      0x3c0 ./Core/Src/MPU6050.o
 .text.mavlink_sha256_update
                0x0000000008003094       0xfe ./Core/Src/MPU6050.o
 .text.mavlink_sha256_final_48
                0x0000000008003192      0x12e ./Core/Src/MPU6050.o
 .text.mavlink_get_channel_status
                0x00000000080032c0       0x28 ./Core/Src/MPU6050.o
 .text.mavlink_sign_packet
                0x00000000080032e8       0xcc ./Core/Src/MPU6050.o
 .text._mav_trim_payload
                0x00000000080033b4       0x36 ./Core/Src/MPU6050.o
 .text.mavlink_finalize_message_buffer
                0x00000000080033ea      0x26e ./Core/Src/MPU6050.o
 .text.mavlink_finalize_message_chan
                0x0000000008003658       0x48 ./Core/Src/MPU6050.o
 .text.mavlink_finalize_message
                0x00000000080036a0       0x3c ./Core/Src/MPU6050.o
 .text.mavlink_msg_to_send_buffer
                0x00000000080036dc      0x1be ./Core/Src/MPU6050.o
 .text.mavlink_msg_raw_imu_pack
                0x000000000800389a       0xae ./Core/Src/MPU6050.o
 .text.mavlink_msg_raw_imu_encode
                0x0000000008003948       0xd2 ./Core/Src/MPU6050.o
 .text.MPU6050_Init
                0x0000000008003a1a       0xf2 ./Core/Src/MPU6050.o
                0x0000000008003a1a                MPU6050_Init
 *fill*         0x0000000008003b0c        0x4 
 .text.MPU6050_Read_All
                0x0000000008003b10      0x3cc ./Core/Src/MPU6050.o
                0x0000000008003b10                MPU6050_Read_All
 .text.Kalman_getAngle
                0x0000000008003edc      0x2b6 ./Core/Src/MPU6050.o
                0x0000000008003edc                Kalman_getAngle
 *fill*         0x0000000008004192        0x2 
 .text.Transmit_raw_data_IMU
                0x0000000008004194      0x114 ./Core/Src/MPU6050.o
                0x0000000008004194                Transmit_raw_data_IMU
 .text.HAL_TIM_IC_CaptureCallback
                0x00000000080042a8       0xe4 ./Core/Src/PWM.o
                0x00000000080042a8                HAL_TIM_IC_CaptureCallback
 .text.PWM_Init
                0x000000000800438c       0x7c ./Core/Src/PWM.o
                0x000000000800438c                PWM_Init
 .text.map      0x0000000008004408       0x3c ./Core/Src/freertos.o
                0x0000000008004408                map
 .text.MX_FREERTOS_Init
                0x0000000008004444       0xa8 ./Core/Src/freertos.o
                0x0000000008004444                MX_FREERTOS_Init
 .text.StartDefaultTask
                0x00000000080044ec       0x38 ./Core/Src/freertos.o
                0x00000000080044ec                StartDefaultTask
 .text.BMP180_Func
                0x0000000008004524       0x5c ./Core/Src/freertos.o
                0x0000000008004524                BMP180_Func
 .text.IMU_Func
                0x0000000008004580       0x68 ./Core/Src/freertos.o
                0x0000000008004580                IMU_Func
 .text.GPS_Func
                0x00000000080045e8       0x74 ./Core/Src/freertos.o
                0x00000000080045e8                GPS_Func
 .text.main_Func
                0x000000000800465c      0x288 ./Core/Src/freertos.o
                0x000000000800465c                main_Func
 .text.MX_GPIO_Init
                0x00000000080048e4       0x94 ./Core/Src/gpio.o
                0x00000000080048e4                MX_GPIO_Init
 .text.MX_I2C1_Init
                0x0000000008004978       0x5c ./Core/Src/i2c.o
                0x0000000008004978                MX_I2C1_Init
 .text.MX_I2C2_Init
                0x00000000080049d4       0x5c ./Core/Src/i2c.o
                0x00000000080049d4                MX_I2C2_Init
 .text.HAL_I2C_MspInit
                0x0000000008004a30      0x118 ./Core/Src/i2c.o
                0x0000000008004a30                HAL_I2C_MspInit
 .text.HAL_UART_RxCpltCallback
                0x0000000008004b48       0x20 ./Core/Src/main.o
                0x0000000008004b48                HAL_UART_RxCpltCallback
 .text.main     0x0000000008004b68       0x1e ./Core/Src/main.o
                0x0000000008004b68                main
 *fill*         0x0000000008004b86        0x2 
 .text.SystemClock_Config
                0x0000000008004b88       0xd0 ./Core/Src/main.o
                0x0000000008004b88                SystemClock_Config
 .text.Error_Handler
                0x0000000008004c58        0xa ./Core/Src/main.o
                0x0000000008004c58                Error_Handler
 .text.calculate_pid
                0x0000000008004c62      0x18c ./Core/Src/pid.o
                0x0000000008004c62                calculate_pid
 *fill*         0x0000000008004dee        0x2 
 .text.HAL_MspInit
                0x0000000008004df0       0x58 ./Core/Src/stm32f4xx_hal_msp.o
                0x0000000008004df0                HAL_MspInit
 .text.NMI_Handler
                0x0000000008004e48        0x6 ./Core/Src/stm32f4xx_it.o
                0x0000000008004e48                NMI_Handler
 .text.HardFault_Handler
                0x0000000008004e4e        0x6 ./Core/Src/stm32f4xx_it.o
                0x0000000008004e4e                HardFault_Handler
 .text.MemManage_Handler
                0x0000000008004e54        0x6 ./Core/Src/stm32f4xx_it.o
                0x0000000008004e54                MemManage_Handler
 .text.BusFault_Handler
                0x0000000008004e5a        0x6 ./Core/Src/stm32f4xx_it.o
                0x0000000008004e5a                BusFault_Handler
 .text.UsageFault_Handler
                0x0000000008004e60        0x6 ./Core/Src/stm32f4xx_it.o
                0x0000000008004e60                UsageFault_Handler
 .text.DebugMon_Handler
                0x0000000008004e66        0xe ./Core/Src/stm32f4xx_it.o
                0x0000000008004e66                DebugMon_Handler
 .text.SysTick_Handler
                0x0000000008004e74       0x1a ./Core/Src/stm32f4xx_it.o
                0x0000000008004e74                SysTick_Handler
 *fill*         0x0000000008004e8e        0x2 
 .text.TIM2_IRQHandler
                0x0000000008004e90       0x14 ./Core/Src/stm32f4xx_it.o
                0x0000000008004e90                TIM2_IRQHandler
 .text.USART1_IRQHandler
                0x0000000008004ea4       0x14 ./Core/Src/stm32f4xx_it.o
                0x0000000008004ea4                USART1_IRQHandler
 .text._getpid  0x0000000008004eb8       0x10 ./Core/Src/syscalls.o
                0x0000000008004eb8                _getpid
 .text._kill    0x0000000008004ec8       0x20 ./Core/Src/syscalls.o
                0x0000000008004ec8                _kill
 .text._exit    0x0000000008004ee8       0x14 ./Core/Src/syscalls.o
                0x0000000008004ee8                _exit
 .text._read    0x0000000008004efc       0x3a ./Core/Src/syscalls.o
                0x0000000008004efc                _read
 .text._write   0x0000000008004f36       0x38 ./Core/Src/syscalls.o
                0x0000000008004f36                _write
 .text._close   0x0000000008004f6e       0x18 ./Core/Src/syscalls.o
                0x0000000008004f6e                _close
 .text._fstat   0x0000000008004f86       0x20 ./Core/Src/syscalls.o
                0x0000000008004f86                _fstat
 .text._isatty  0x0000000008004fa6       0x16 ./Core/Src/syscalls.o
                0x0000000008004fa6                _isatty
 .text._lseek   0x0000000008004fbc       0x1a ./Core/Src/syscalls.o
                0x0000000008004fbc                _lseek
 *fill*         0x0000000008004fd6        0x2 
 .text._sbrk    0x0000000008004fd8       0x6c ./Core/Src/sysmem.o
                0x0000000008004fd8                _sbrk
 .text.SystemInit
                0x0000000008005044       0x24 ./Core/Src/system_stm32f4xx.o
                0x0000000008005044                SystemInit
 .text.MX_TIM2_Init
                0x0000000008005068      0x138 ./Core/Src/tim.o
                0x0000000008005068                MX_TIM2_Init
 .text.MX_TIM4_Init
                0x00000000080051a0      0x130 ./Core/Src/tim.o
                0x00000000080051a0                MX_TIM4_Init
 .text.HAL_TIM_Base_MspInit
                0x00000000080052d0       0xc8 ./Core/Src/tim.o
                0x00000000080052d0                HAL_TIM_Base_MspInit
 .text.HAL_TIM_MspPostInit
                0x0000000008005398       0x74 ./Core/Src/tim.o
                0x0000000008005398                HAL_TIM_MspPostInit
 .text.MX_USART1_UART_Init
                0x000000000800540c       0x54 ./Core/Src/usart.o
                0x000000000800540c                MX_USART1_UART_Init
 .text.MX_USART2_UART_Init
                0x0000000008005460       0x54 ./Core/Src/usart.o
                0x0000000008005460                MX_USART2_UART_Init
 .text.HAL_UART_MspInit
                0x00000000080054b4      0x108 ./Core/Src/usart.o
                0x00000000080054b4                HAL_UART_MspInit
 .text.Reset_Handler
                0x00000000080055bc       0x50 ./Core/Startup/startup_stm32f411vetx.o
                0x00000000080055bc                Reset_Handler
 .text.Default_Handler
                0x000000000800560c        0x2 ./Core/Startup/startup_stm32f411vetx.o
                0x000000000800560c                RTC_Alarm_IRQHandler
                0x000000000800560c                EXTI2_IRQHandler
                0x000000000800560c                SPI4_IRQHandler
                0x000000000800560c                TIM1_CC_IRQHandler
                0x000000000800560c                DMA2_Stream5_IRQHandler
                0x000000000800560c                DMA1_Stream5_IRQHandler
                0x000000000800560c                PVD_IRQHandler
                0x000000000800560c                SDIO_IRQHandler
                0x000000000800560c                TAMP_STAMP_IRQHandler
                0x000000000800560c                EXTI3_IRQHandler
                0x000000000800560c                TIM1_UP_TIM10_IRQHandler
                0x000000000800560c                I2C3_ER_IRQHandler
                0x000000000800560c                EXTI0_IRQHandler
                0x000000000800560c                I2C2_EV_IRQHandler
                0x000000000800560c                DMA1_Stream2_IRQHandler
                0x000000000800560c                FPU_IRQHandler
                0x000000000800560c                DMA2_Stream2_IRQHandler
                0x000000000800560c                SPI1_IRQHandler
                0x000000000800560c                TIM1_BRK_TIM9_IRQHandler
                0x000000000800560c                DMA2_Stream3_IRQHandler
                0x000000000800560c                USART6_IRQHandler
                0x000000000800560c                DMA2_Stream0_IRQHandler
                0x000000000800560c                TIM4_IRQHandler
                0x000000000800560c                I2C1_EV_IRQHandler
                0x000000000800560c                DMA1_Stream6_IRQHandler
                0x000000000800560c                DMA1_Stream1_IRQHandler
                0x000000000800560c                TIM3_IRQHandler
                0x000000000800560c                RCC_IRQHandler
                0x000000000800560c                Default_Handler
                0x000000000800560c                EXTI15_10_IRQHandler
                0x000000000800560c                ADC_IRQHandler
                0x000000000800560c                DMA1_Stream7_IRQHandler
                0x000000000800560c                SPI5_IRQHandler
                0x000000000800560c                TIM5_IRQHandler
                0x000000000800560c                DMA2_Stream7_IRQHandler
                0x000000000800560c                I2C3_EV_IRQHandler
                0x000000000800560c                EXTI9_5_IRQHandler
                0x000000000800560c                RTC_WKUP_IRQHandler
                0x000000000800560c                SPI2_IRQHandler
                0x000000000800560c                DMA1_Stream0_IRQHandler
                0x000000000800560c                EXTI4_IRQHandler
                0x000000000800560c                WWDG_IRQHandler
                0x000000000800560c                OTG_FS_WKUP_IRQHandler
                0x000000000800560c                TIM1_TRG_COM_TIM11_IRQHandler
                0x000000000800560c                EXTI1_IRQHandler
                0x000000000800560c                USART2_IRQHandler
                0x000000000800560c                I2C2_ER_IRQHandler
                0x000000000800560c                DMA2_Stream1_IRQHandler
                0x000000000800560c                FLASH_IRQHandler
                0x000000000800560c                DMA2_Stream4_IRQHandler
                0x000000000800560c                OTG_FS_IRQHandler
                0x000000000800560c                SPI3_IRQHandler
                0x000000000800560c                DMA1_Stream4_IRQHandler
                0x000000000800560c                I2C1_ER_IRQHandler
                0x000000000800560c                DMA2_Stream6_IRQHandler
                0x000000000800560c                DMA1_Stream3_IRQHandler
 *fill*         0x000000000800560e        0x2 
 .text.HAL_Init
                0x0000000008005610       0x44 ./Drivers/STM32F4xx_HAL_Driver/Src/stm32f4xx_hal.o
                0x0000000008005610                HAL_Init
 .text.HAL_InitTick
                0x0000000008005654       0x60 ./Drivers/STM32F4xx_HAL_Driver/Src/stm32f4xx_hal.o
                0x0000000008005654                HAL_InitTick
 .text.HAL_IncTick
                0x00000000080056b4       0x28 ./Drivers/STM32F4xx_HAL_Driver/Src/stm32f4xx_hal.o
                0x00000000080056b4                HAL_IncTick
 .text.HAL_GetTick
                0x00000000080056dc       0x18 ./Drivers/STM32F4xx_HAL_Driver/Src/stm32f4xx_hal.o
                0x00000000080056dc                HAL_GetTick
 .text.HAL_Delay
                0x00000000080056f4       0x48 ./Drivers/STM32F4xx_HAL_Driver/Src/stm32f4xx_hal.o
                0x00000000080056f4                HAL_Delay
 .text.__NVIC_SetPriorityGrouping
                0x000000000800573c       0x48 ./Drivers/STM32F4xx_HAL_Driver/Src/stm32f4xx_hal_cortex.o
 .text.__NVIC_GetPriorityGrouping
                0x0000000008005784       0x1c ./Drivers/STM32F4xx_HAL_Driver/Src/stm32f4xx_hal_cortex.o
 .text.__NVIC_EnableIRQ
                0x00000000080057a0       0x3c ./Drivers/STM32F4xx_HAL_Driver/Src/stm32f4xx_hal_cortex.o
 .text.__NVIC_SetPriority
                0x00000000080057dc       0x54 ./Drivers/STM32F4xx_HAL_Driver/Src/stm32f4xx_hal_cortex.o
 .text.NVIC_EncodePriority
                0x0000000008005830       0x66 ./Drivers/STM32F4xx_HAL_Driver/Src/stm32f4xx_hal_cortex.o
 *fill*         0x0000000008005896        0x2 
 .text.SysTick_Config
                0x0000000008005898       0x44 ./Drivers/STM32F4xx_HAL_Driver/Src/stm32f4xx_hal_cortex.o
 .text.HAL_NVIC_SetPriorityGrouping
                0x00000000080058dc       0x16 ./Drivers/STM32F4xx_HAL_Driver/Src/stm32f4xx_hal_cortex.o
                0x00000000080058dc                HAL_NVIC_SetPriorityGrouping
 .text.HAL_NVIC_SetPriority
                0x00000000080058f2       0x38 ./Drivers/STM32F4xx_HAL_Driver/Src/stm32f4xx_hal_cortex.o
                0x00000000080058f2                HAL_NVIC_SetPriority
 .text.HAL_NVIC_EnableIRQ
                0x000000000800592a       0x1c ./Drivers/STM32F4xx_HAL_Driver/Src/stm32f4xx_hal_cortex.o
                0x000000000800592a                HAL_NVIC_EnableIRQ
 .text.HAL_SYSTICK_Config
                0x0000000008005946       0x18 ./Drivers/STM32F4xx_HAL_Driver/Src/stm32f4xx_hal_cortex.o
                0x0000000008005946                HAL_SYSTICK_Config
 .text.HAL_DMA_Abort
                0x000000000800595e       0xe0 ./Drivers/STM32F4xx_HAL_Driver/Src/stm32f4xx_hal_dma.o
                0x000000000800595e                HAL_DMA_Abort
 .text.HAL_DMA_Abort_IT
                0x0000000008005a3e       0x44 ./Drivers/STM32F4xx_HAL_Driver/Src/stm32f4xx_hal_dma.o
                0x0000000008005a3e                HAL_DMA_Abort_IT
 *fill*         0x0000000008005a82        0x2 
 .text.HAL_GPIO_Init
                0x0000000008005a84      0x308 ./Drivers/STM32F4xx_HAL_Driver/Src/stm32f4xx_hal_gpio.o
                0x0000000008005a84                HAL_GPIO_Init
 .text.HAL_I2C_Init
                0x0000000008005d8c      0x288 ./Drivers/STM32F4xx_HAL_Driver/Src/stm32f4xx_hal_i2c.o
                0x0000000008005d8c                HAL_I2C_Init
 .text.HAL_I2C_Mem_Write
                0x0000000008006014      0x1f4 ./Drivers/STM32F4xx_HAL_Driver/Src/stm32f4xx_hal_i2c.o
                0x0000000008006014                HAL_I2C_Mem_Write
 .text.HAL_I2C_Mem_Read
                0x0000000008006208      0x44c ./Drivers/STM32F4xx_HAL_Driver/Src/stm32f4xx_hal_i2c.o
                0x0000000008006208                HAL_I2C_Mem_Read
 .text.HAL_I2C_IsDeviceReady
                0x0000000008006654      0x25c ./Drivers/STM32F4xx_HAL_Driver/Src/stm32f4xx_hal_i2c.o
                0x0000000008006654                HAL_I2C_IsDeviceReady
 .text.I2C_RequestMemoryWrite
                0x00000000080068b0      0x12c ./Drivers/STM32F4xx_HAL_Driver/Src/stm32f4xx_hal_i2c.o
 .text.I2C_RequestMemoryRead
                0x00000000080069dc      0x1d0 ./Drivers/STM32F4xx_HAL_Driver/Src/stm32f4xx_hal_i2c.o
 .text.I2C_WaitOnFlagUntilTimeout
                0x0000000008006bac       0xae ./Drivers/STM32F4xx_HAL_Driver/Src/stm32f4xx_hal_i2c.o
 .text.I2C_WaitOnMasterAddressFlagUntilTimeout
                0x0000000008006c5a       0xfe ./Drivers/STM32F4xx_HAL_Driver/Src/stm32f4xx_hal_i2c.o
 .text.I2C_WaitOnTXEFlagUntilTimeout
                0x0000000008006d58       0x82 ./Drivers/STM32F4xx_HAL_Driver/Src/stm32f4xx_hal_i2c.o
 .text.I2C_WaitOnBTFFlagUntilTimeout
                0x0000000008006dda       0x82 ./Drivers/STM32F4xx_HAL_Driver/Src/stm32f4xx_hal_i2c.o
 .text.I2C_WaitOnRXNEFlagUntilTimeout
                0x0000000008006e5c       0xac ./Drivers/STM32F4xx_HAL_Driver/Src/stm32f4xx_hal_i2c.o
 .text.I2C_IsAcknowledgeFailed
                0x0000000008006f08       0x5e ./Drivers/STM32F4xx_HAL_Driver/Src/stm32f4xx_hal_i2c.o
 *fill*         0x0000000008006f66        0x2 
 .text.HAL_RCC_OscConfig
                0x0000000008006f68      0x4f0 ./Drivers/STM32F4xx_HAL_Driver/Src/stm32f4xx_hal_rcc.o
                0x0000000008006f68                HAL_RCC_OscConfig
 .text.HAL_RCC_ClockConfig
                0x0000000008007458      0x1cc ./Drivers/STM32F4xx_HAL_Driver/Src/stm32f4xx_hal_rcc.o
                0x0000000008007458                HAL_RCC_ClockConfig
 .text.HAL_RCC_GetSysClockFreq
                0x0000000008007624      0x18c ./Drivers/STM32F4xx_HAL_Driver/Src/stm32f4xx_hal_rcc.o
                0x0000000008007624                HAL_RCC_GetSysClockFreq
 .text.HAL_RCC_GetHCLKFreq
                0x00000000080077b0       0x18 ./Drivers/STM32F4xx_HAL_Driver/Src/stm32f4xx_hal_rcc.o
                0x00000000080077b0                HAL_RCC_GetHCLKFreq
 .text.HAL_RCC_GetPCLK1Freq
                0x00000000080077c8       0x28 ./Drivers/STM32F4xx_HAL_Driver/Src/stm32f4xx_hal_rcc.o
                0x00000000080077c8                HAL_RCC_GetPCLK1Freq
 .text.HAL_RCC_GetPCLK2Freq
                0x00000000080077f0       0x28 ./Drivers/STM32F4xx_HAL_Driver/Src/stm32f4xx_hal_rcc.o
                0x00000000080077f0                HAL_RCC_GetPCLK2Freq
 .text.HAL_TIM_Base_Init
                0x0000000008007818       0x9e ./Drivers/STM32F4xx_HAL_Driver/Src/stm32f4xx_hal_tim.o
                0x0000000008007818                HAL_TIM_Base_Init
 .text.HAL_TIM_PWM_Init
                0x00000000080078b6       0x9e ./Drivers/STM32F4xx_HAL_Driver/Src/stm32f4xx_hal_tim.o
                0x00000000080078b6                HAL_TIM_PWM_Init
 .text.HAL_TIM_PWM_MspInit
                0x0000000008007954       0x14 ./Drivers/STM32F4xx_HAL_Driver/Src/stm32f4xx_hal_tim.o
                0x0000000008007954                HAL_TIM_PWM_MspInit
 .text.HAL_TIM_PWM_Start
                0x0000000008007968      0x160 ./Drivers/STM32F4xx_HAL_Driver/Src/stm32f4xx_hal_tim.o
                0x0000000008007968                HAL_TIM_PWM_Start
 .text.HAL_TIM_IC_Init
                0x0000000008007ac8       0x9e ./Drivers/STM32F4xx_HAL_Driver/Src/stm32f4xx_hal_tim.o
                0x0000000008007ac8                HAL_TIM_IC_Init
 .text.HAL_TIM_IC_MspInit
                0x0000000008007b66       0x14 ./Drivers/STM32F4xx_HAL_Driver/Src/stm32f4xx_hal_tim.o
                0x0000000008007b66                HAL_TIM_IC_MspInit
 *fill*         0x0000000008007b7a        0x2 
 .text.HAL_TIM_IC_Start_IT
                0x0000000008007b7c      0x234 ./Drivers/STM32F4xx_HAL_Driver/Src/stm32f4xx_hal_tim.o
                0x0000000008007b7c                HAL_TIM_IC_Start_IT
 .text.HAL_TIM_IRQHandler
                0x0000000008007db0      0x210 ./Drivers/STM32F4xx_HAL_Driver/Src/stm32f4xx_hal_tim.o
                0x0000000008007db0                HAL_TIM_IRQHandler
 .text.HAL_TIM_IC_ConfigChannel
                0x0000000008007fc0      0x138 ./Drivers/STM32F4xx_HAL_Driver/Src/stm32f4xx_hal_tim.o
                0x0000000008007fc0                HAL_TIM_IC_ConfigChannel
 .text.HAL_TIM_PWM_ConfigChannel
                0x00000000080080f8      0x184 ./Drivers/STM32F4xx_HAL_Driver/Src/stm32f4xx_hal_tim.o
                0x00000000080080f8                HAL_TIM_PWM_ConfigChannel
 .text.HAL_TIM_ConfigClockSource
                0x000000000800827c      0x18e ./Drivers/STM32F4xx_HAL_Driver/Src/stm32f4xx_hal_tim.o
                0x000000000800827c                HAL_TIM_ConfigClockSource
 .text.HAL_TIM_SlaveConfigSynchro
                0x000000000800840a       0x84 ./Drivers/STM32F4xx_HAL_Driver/Src/stm32f4xx_hal_tim.o
                0x000000000800840a                HAL_TIM_SlaveConfigSynchro
 *fill*         0x000000000800848e        0x2 
 .text.HAL_TIM_ReadCapturedValue
                0x0000000008008490       0x88 ./Drivers/STM32F4xx_HAL_Driver/Src/stm32f4xx_hal_tim.o
                0x0000000008008490                HAL_TIM_ReadCapturedValue
 .text.HAL_TIM_PeriodElapsedCallback
                0x0000000008008518       0x14 ./Drivers/STM32F4xx_HAL_Driver/Src/stm32f4xx_hal_tim.o
                0x0000000008008518                HAL_TIM_PeriodElapsedCallback
 .text.HAL_TIM_OC_DelayElapsedCallback
                0x000000000800852c       0x14 ./Drivers/STM32F4xx_HAL_Driver/Src/stm32f4xx_hal_tim.o
                0x000000000800852c                HAL_TIM_OC_DelayElapsedCallback
 .text.HAL_TIM_PWM_PulseFinishedCallback
                0x0000000008008540       0x14 ./Drivers/STM32F4xx_HAL_Driver/Src/stm32f4xx_hal_tim.o
                0x0000000008008540                HAL_TIM_PWM_PulseFinishedCallback
 .text.HAL_TIM_TriggerCallback
                0x0000000008008554       0x14 ./Drivers/STM32F4xx_HAL_Driver/Src/stm32f4xx_hal_tim.o
                0x0000000008008554                HAL_TIM_TriggerCallback
 .text.TIM_Base_SetConfig
                0x0000000008008568      0x100 ./Drivers/STM32F4xx_HAL_Driver/Src/stm32f4xx_hal_tim.o
                0x0000000008008568                TIM_Base_SetConfig
 .text.TIM_OC1_SetConfig
                0x0000000008008668       0xcc ./Drivers/STM32F4xx_HAL_Driver/Src/stm32f4xx_hal_tim.o
 .text.TIM_OC2_SetConfig
                0x0000000008008734       0xd8 ./Drivers/STM32F4xx_HAL_Driver/Src/stm32f4xx_hal_tim.o
                0x0000000008008734                TIM_OC2_SetConfig
 .text.TIM_OC3_SetConfig
                0x000000000800880c       0xd4 ./Drivers/STM32F4xx_HAL_Driver/Src/stm32f4xx_hal_tim.o
 .text.TIM_OC4_SetConfig
                0x00000000080088e0       0xa0 ./Drivers/STM32F4xx_HAL_Driver/Src/stm32f4xx_hal_tim.o
 .text.TIM_SlaveTimer_SetConfig
                0x0000000008008980      0x122 ./Drivers/STM32F4xx_HAL_Driver/Src/stm32f4xx_hal_tim.o
 *fill*         0x0000000008008aa2        0x2 
 .text.TIM_TI1_SetConfig
                0x0000000008008aa4       0xd0 ./Drivers/STM32F4xx_HAL_Driver/Src/stm32f4xx_hal_tim.o
                0x0000000008008aa4                TIM_TI1_SetConfig
 .text.TIM_TI1_ConfigInputStage
                0x0000000008008b74       0x5e ./Drivers/STM32F4xx_HAL_Driver/Src/stm32f4xx_hal_tim.o
 .text.TIM_TI2_SetConfig
                0x0000000008008bd2       0x7a ./Drivers/STM32F4xx_HAL_Driver/Src/stm32f4xx_hal_tim.o
 .text.TIM_TI2_ConfigInputStage
                0x0000000008008c4c       0x60 ./Drivers/STM32F4xx_HAL_Driver/Src/stm32f4xx_hal_tim.o
 .text.TIM_TI3_SetConfig
                0x0000000008008cac       0x78 ./Drivers/STM32F4xx_HAL_Driver/Src/stm32f4xx_hal_tim.o
 .text.TIM_TI4_SetConfig
                0x0000000008008d24       0x7a ./Drivers/STM32F4xx_HAL_Driver/Src/stm32f4xx_hal_tim.o
 .text.TIM_ITRx_SetConfig
                0x0000000008008d9e       0x36 ./Drivers/STM32F4xx_HAL_Driver/Src/stm32f4xx_hal_tim.o
 .text.TIM_ETR_SetConfig
                0x0000000008008dd4       0x40 ./Drivers/STM32F4xx_HAL_Driver/Src/stm32f4xx_hal_tim.o
                0x0000000008008dd4                TIM_ETR_SetConfig
 .text.TIM_CCxChannelCmd
                0x0000000008008e14       0x4a ./Drivers/STM32F4xx_HAL_Driver/Src/stm32f4xx_hal_tim.o
                0x0000000008008e14                TIM_CCxChannelCmd
 *fill*         0x0000000008008e5e        0x2 
 .text.HAL_TIMEx_MasterConfigSynchronization
                0x0000000008008e60       0xdc ./Drivers/STM32F4xx_HAL_Driver/Src/stm32f4xx_hal_tim_ex.o
                0x0000000008008e60                HAL_TIMEx_MasterConfigSynchronization
 .text.HAL_TIMEx_CommutCallback
                0x0000000008008f3c       0x14 ./Drivers/STM32F4xx_HAL_Driver/Src/stm32f4xx_hal_tim_ex.o
                0x0000000008008f3c                HAL_TIMEx_CommutCallback
 .text.HAL_TIMEx_BreakCallback
                0x0000000008008f50       0x14 ./Drivers/STM32F4xx_HAL_Driver/Src/stm32f4xx_hal_tim_ex.o
                0x0000000008008f50                HAL_TIMEx_BreakCallback
 .text.HAL_UART_Init
                0x0000000008008f64       0x9a ./Drivers/STM32F4xx_HAL_Driver/Src/stm32f4xx_hal_uart.o
                0x0000000008008f64                HAL_UART_Init
 .text.HAL_UART_Transmit
                0x0000000008008ffe      0x124 ./Drivers/STM32F4xx_HAL_Driver/Src/stm32f4xx_hal_uart.o
                0x0000000008008ffe                HAL_UART_Transmit
 .text.HAL_UART_Receive_IT
                0x0000000008009122       0x60 ./Drivers/STM32F4xx_HAL_Driver/Src/stm32f4xx_hal_uart.o
                0x0000000008009122                HAL_UART_Receive_IT
 *fill*         0x0000000008009182        0x2 
 .text.HAL_UART_IRQHandler
                0x0000000008009184      0x51c ./Drivers/STM32F4xx_HAL_Driver/Src/stm32f4xx_hal_uart.o
                0x0000000008009184                HAL_UART_IRQHandler
 .text.HAL_UART_TxCpltCallback
                0x00000000080096a0       0x14 ./Drivers/STM32F4xx_HAL_Driver/Src/stm32f4xx_hal_uart.o
                0x00000000080096a0                HAL_UART_TxCpltCallback
 .text.HAL_UART_ErrorCallback
                0x00000000080096b4       0x14 ./Drivers/STM32F4xx_HAL_Driver/Src/stm32f4xx_hal_uart.o
                0x00000000080096b4                HAL_UART_ErrorCallback
 .text.HAL_UARTEx_RxEventCallback
                0x00000000080096c8       0x18 ./Drivers/STM32F4xx_HAL_Driver/Src/stm32f4xx_hal_uart.o
                0x00000000080096c8                HAL_UARTEx_RxEventCallback
 .text.UART_WaitOnFlagUntilTimeout
                0x00000000080096e0       0xdc ./Drivers/STM32F4xx_HAL_Driver/Src/stm32f4xx_hal_uart.o
 .text.UART_Start_Receive_IT
                0x00000000080097bc       0x7c ./Drivers/STM32F4xx_HAL_Driver/Src/stm32f4xx_hal_uart.o
                0x00000000080097bc                UART_Start_Receive_IT
 .text.UART_EndRxTransfer
                0x0000000008009838       0xc6 ./Drivers/STM32F4xx_HAL_Driver/Src/stm32f4xx_hal_uart.o
 .text.UART_DMAAbortOnError
                0x00000000080098fe       0x28 ./Drivers/STM32F4xx_HAL_Driver/Src/stm32f4xx_hal_uart.o
 .text.UART_Transmit_IT
                0x0000000008009926       0xa0 ./Drivers/STM32F4xx_HAL_Driver/Src/stm32f4xx_hal_uart.o
 .text.UART_EndTransmit_IT
                0x00000000080099c6       0x30 ./Drivers/STM32F4xx_HAL_Driver/Src/stm32f4xx_hal_uart.o
 .text.UART_Receive_IT
                0x00000000080099f6      0x176 ./Drivers/STM32F4xx_HAL_Driver/Src/stm32f4xx_hal_uart.o
 .text.UART_SetConfig
                0x0000000008009b6c      0x4e8 ./Drivers/STM32F4xx_HAL_Driver/Src/stm32f4xx_hal_uart.o
 .text.__NVIC_SetPriority
                0x000000000800a054       0x54 ./Middlewares/Third_Party/FreeRTOS/Source/CMSIS_RTOS_V2/cmsis_os2.o
 .text.SVC_Setup
                0x000000000800a0a8       0x12 ./Middlewares/Third_Party/FreeRTOS/Source/CMSIS_RTOS_V2/cmsis_os2.o
 *fill*         0x000000000800a0ba        0x2 
 .text.osKernelInitialize
                0x000000000800a0bc       0x48 ./Middlewares/Third_Party/FreeRTOS/Source/CMSIS_RTOS_V2/cmsis_os2.o
                0x000000000800a0bc                osKernelInitialize
 .text.osKernelStart
                0x000000000800a104       0x4c ./Middlewares/Third_Party/FreeRTOS/Source/CMSIS_RTOS_V2/cmsis_os2.o
                0x000000000800a104                osKernelStart
 .text.osThreadNew
                0x000000000800a150      0x124 ./Middlewares/Third_Party/FreeRTOS/Source/CMSIS_RTOS_V2/cmsis_os2.o
                0x000000000800a150                osThreadNew
 .text.osDelay  0x000000000800a274       0x36 ./Middlewares/Third_Party/FreeRTOS/Source/CMSIS_RTOS_V2/cmsis_os2.o
                0x000000000800a274                osDelay
 .text.osMutexNew
                0x000000000800a2aa      0x10c ./Middlewares/Third_Party/FreeRTOS/Source/CMSIS_RTOS_V2/cmsis_os2.o
                0x000000000800a2aa                osMutexNew
 .text.osMutexAcquire
                0x000000000800a3b6       0x96 ./Middlewares/Third_Party/FreeRTOS/Source/CMSIS_RTOS_V2/cmsis_os2.o
                0x000000000800a3b6                osMutexAcquire
 .text.osMutexRelease
                0x000000000800a44c       0x7a ./Middlewares/Third_Party/FreeRTOS/Source/CMSIS_RTOS_V2/cmsis_os2.o
                0x000000000800a44c                osMutexRelease
 *fill*         0x000000000800a4c6        0x2 
 .text.vApplicationGetIdleTaskMemory
                0x000000000800a4c8       0x34 ./Middlewares/Third_Party/FreeRTOS/Source/CMSIS_RTOS_V2/cmsis_os2.o
                0x000000000800a4c8                vApplicationGetIdleTaskMemory
 .text.vApplicationGetTimerTaskMemory
                0x000000000800a4fc       0x34 ./Middlewares/Third_Party/FreeRTOS/Source/CMSIS_RTOS_V2/cmsis_os2.o
                0x000000000800a4fc                vApplicationGetTimerTaskMemory
 .text.vListInitialise
                0x000000000800a530       0x40 ./Middlewares/Third_Party/FreeRTOS/Source/list.o
                0x000000000800a530                vListInitialise
 .text.vListInitialiseItem
                0x000000000800a570       0x1a ./Middlewares/Third_Party/FreeRTOS/Source/list.o
                0x000000000800a570                vListInitialiseItem
 .text.vListInsertEnd
                0x000000000800a58a       0x48 ./Middlewares/Third_Party/FreeRTOS/Source/list.o
                0x000000000800a58a                vListInsertEnd
 .text.vListInsert
                0x000000000800a5d2       0x72 ./Middlewares/Third_Party/FreeRTOS/Source/list.o
                0x000000000800a5d2                vListInsert
 .text.uxListRemove
                0x000000000800a644       0x54 ./Middlewares/Third_Party/FreeRTOS/Source/list.o
                0x000000000800a644                uxListRemove
 .text.xQueueGenericReset
                0x000000000800a698       0xd0 ./Middlewares/Third_Party/FreeRTOS/Source/queue.o
                0x000000000800a698                xQueueGenericReset
 .text.xQueueGenericCreateStatic
                0x000000000800a768       0xf0 ./Middlewares/Third_Party/FreeRTOS/Source/queue.o
                0x000000000800a768                xQueueGenericCreateStatic
 .text.xQueueGenericCreate
                0x000000000800a858       0x74 ./Middlewares/Third_Party/FreeRTOS/Source/queue.o
                0x000000000800a858                xQueueGenericCreate
 .text.prvInitialiseNewQueue
                0x000000000800a8cc       0x46 ./Middlewares/Third_Party/FreeRTOS/Source/queue.o
 .text.prvInitialiseMutex
                0x000000000800a912       0x34 ./Middlewares/Third_Party/FreeRTOS/Source/queue.o
 .text.xQueueCreateMutex
                0x000000000800a946       0x30 ./Middlewares/Third_Party/FreeRTOS/Source/queue.o
                0x000000000800a946                xQueueCreateMutex
 .text.xQueueCreateMutexStatic
                0x000000000800a976       0x36 ./Middlewares/Third_Party/FreeRTOS/Source/queue.o
                0x000000000800a976                xQueueCreateMutexStatic
 .text.xQueueGiveMutexRecursive
                0x000000000800a9ac       0x68 ./Middlewares/Third_Party/FreeRTOS/Source/queue.o
                0x000000000800a9ac                xQueueGiveMutexRecursive
 .text.xQueueTakeMutexRecursive
                0x000000000800aa14       0x6c ./Middlewares/Third_Party/FreeRTOS/Source/queue.o
                0x000000000800aa14                xQueueTakeMutexRecursive
 .text.xQueueGenericSend
                0x000000000800aa80      0x1fc ./Middlewares/Third_Party/FreeRTOS/Source/queue.o
                0x000000000800aa80                xQueueGenericSend
 .text.xQueueGenericSendFromISR
                0x000000000800ac7c      0x136 ./Middlewares/Third_Party/FreeRTOS/Source/queue.o
                0x000000000800ac7c                xQueueGenericSendFromISR
 *fill*         0x000000000800adb2        0x2 
 .text.xQueueReceive
                0x000000000800adb4      0x1c0 ./Middlewares/Third_Party/FreeRTOS/Source/queue.o
                0x000000000800adb4                xQueueReceive
 .text.xQueueSemaphoreTake
                0x000000000800af74      0x218 ./Middlewares/Third_Party/FreeRTOS/Source/queue.o
                0x000000000800af74                xQueueSemaphoreTake
 .text.prvGetDisinheritPriorityAfterTimeout
                0x000000000800b18c       0x30 ./Middlewares/Third_Party/FreeRTOS/Source/queue.o
 .text.prvCopyDataToQueue
                0x000000000800b1bc       0xd4 ./Middlewares/Third_Party/FreeRTOS/Source/queue.o
 .text.prvCopyDataFromQueue
                0x000000000800b290       0x4c ./Middlewares/Third_Party/FreeRTOS/Source/queue.o
 .text.prvUnlockQueue
                0x000000000800b2dc       0xa4 ./Middlewares/Third_Party/FreeRTOS/Source/queue.o
 .text.prvIsQueueEmpty
                0x000000000800b380       0x2c ./Middlewares/Third_Party/FreeRTOS/Source/queue.o
 .text.prvIsQueueFull
                0x000000000800b3ac       0x30 ./Middlewares/Third_Party/FreeRTOS/Source/queue.o
 .text.vQueueAddToRegistry
                0x000000000800b3dc       0x54 ./Middlewares/Third_Party/FreeRTOS/Source/queue.o
                0x000000000800b3dc                vQueueAddToRegistry
 .text.vQueueWaitForMessageRestricted
                0x000000000800b430       0x68 ./Middlewares/Third_Party/FreeRTOS/Source/queue.o
                0x000000000800b430                vQueueWaitForMessageRestricted
 .text.xTaskCreateStatic
                0x000000000800b498       0xba ./Middlewares/Third_Party/FreeRTOS/Source/tasks.o
                0x000000000800b498                xTaskCreateStatic
 .text.xTaskCreate
                0x000000000800b552       0x8a ./Middlewares/Third_Party/FreeRTOS/Source/tasks.o
                0x000000000800b552                xTaskCreate
 .text.prvInitialiseNewTask
                0x000000000800b5dc      0x11e ./Middlewares/Third_Party/FreeRTOS/Source/tasks.o
 *fill*         0x000000000800b6fa        0x2 
 .text.prvAddNewTaskToReadyList
                0x000000000800b6fc       0xe0 ./Middlewares/Third_Party/FreeRTOS/Source/tasks.o
 .text.vTaskDelay
                0x000000000800b7dc       0x68 ./Middlewares/Third_Party/FreeRTOS/Source/tasks.o
                0x000000000800b7dc                vTaskDelay
 .text.vTaskStartScheduler
                0x000000000800b844       0xcc ./Middlewares/Third_Party/FreeRTOS/Source/tasks.o
                0x000000000800b844                vTaskStartScheduler
 .text.vTaskSuspendAll
                0x000000000800b910       0x1c ./Middlewares/Third_Party/FreeRTOS/Source/tasks.o
                0x000000000800b910                vTaskSuspendAll
 .text.xTaskResumeAll
                0x000000000800b92c      0x13c ./Middlewares/Third_Party/FreeRTOS/Source/tasks.o
                0x000000000800b92c                xTaskResumeAll
 .text.xTaskGetTickCount
                0x000000000800ba68       0x20 ./Middlewares/Third_Party/FreeRTOS/Source/tasks.o
                0x000000000800ba68                xTaskGetTickCount
 .text.xTaskIncrementTick
                0x000000000800ba88      0x174 ./Middlewares/Third_Party/FreeRTOS/Source/tasks.o
                0x000000000800ba88                xTaskIncrementTick
 .text.vTaskSwitchContext
                0x000000000800bbfc       0xbc ./Middlewares/Third_Party/FreeRTOS/Source/tasks.o
                0x000000000800bbfc                vTaskSwitchContext
 .text.vTaskPlaceOnEventList
                0x000000000800bcb8       0x48 ./Middlewares/Third_Party/FreeRTOS/Source/tasks.o
                0x000000000800bcb8                vTaskPlaceOnEventList
 .text.vTaskPlaceOnEventListRestricted
                0x000000000800bd00       0x58 ./Middlewares/Third_Party/FreeRTOS/Source/tasks.o
                0x000000000800bd00                vTaskPlaceOnEventListRestricted
 .text.xTaskRemoveFromEventList
                0x000000000800bd58       0xc8 ./Middlewares/Third_Party/FreeRTOS/Source/tasks.o
                0x000000000800bd58                xTaskRemoveFromEventList
 .text.vTaskInternalSetTimeOutState
                0x000000000800be20       0x2c ./Middlewares/Third_Party/FreeRTOS/Source/tasks.o
                0x000000000800be20                vTaskInternalSetTimeOutState
 .text.xTaskCheckForTimeOut
                0x000000000800be4c       0xc4 ./Middlewares/Third_Party/FreeRTOS/Source/tasks.o
                0x000000000800be4c                xTaskCheckForTimeOut
 .text.vTaskMissedYield
                0x000000000800bf10       0x18 ./Middlewares/Third_Party/FreeRTOS/Source/tasks.o
                0x000000000800bf10                vTaskMissedYield
 .text.prvIdleTask
                0x000000000800bf28       0x30 ./Middlewares/Third_Party/FreeRTOS/Source/tasks.o
 .text.prvInitialiseTaskLists
                0x000000000800bf58       0x80 ./Middlewares/Third_Party/FreeRTOS/Source/tasks.o
 .text.prvCheckTasksWaitingTermination
                0x000000000800bfd8       0x5c ./Middlewares/Third_Party/FreeRTOS/Source/tasks.o
 .text.prvDeleteTCB
                0x000000000800c034       0x5e ./Middlewares/Third_Party/FreeRTOS/Source/tasks.o
 *fill*         0x000000000800c092        0x2 
 .text.prvResetNextTaskUnblockTime
                0x000000000800c094       0x40 ./Middlewares/Third_Party/FreeRTOS/Source/tasks.o
 .text.xTaskGetCurrentTaskHandle
                0x000000000800c0d4       0x20 ./Middlewares/Third_Party/FreeRTOS/Source/tasks.o
                0x000000000800c0d4                xTaskGetCurrentTaskHandle
 .text.xTaskGetSchedulerState
                0x000000000800c0f4       0x3c ./Middlewares/Third_Party/FreeRTOS/Source/tasks.o
                0x000000000800c0f4                xTaskGetSchedulerState
 .text.xTaskPriorityInherit
                0x000000000800c130       0xd0 ./Middlewares/Third_Party/FreeRTOS/Source/tasks.o
                0x000000000800c130                xTaskPriorityInherit
 .text.xTaskPriorityDisinherit
                0x000000000800c200       0xdc ./Middlewares/Third_Party/FreeRTOS/Source/tasks.o
                0x000000000800c200                xTaskPriorityDisinherit
 .text.vTaskPriorityDisinheritAfterTimeout
                0x000000000800c2dc      0x104 ./Middlewares/Third_Party/FreeRTOS/Source/tasks.o
                0x000000000800c2dc                vTaskPriorityDisinheritAfterTimeout
 .text.pvTaskIncrementMutexHeldCount
                0x000000000800c3e0       0x28 ./Middlewares/Third_Party/FreeRTOS/Source/tasks.o
                0x000000000800c3e0                pvTaskIncrementMutexHeldCount
 .text.prvAddCurrentTaskToDelayedList
                0x000000000800c408       0xa8 ./Middlewares/Third_Party/FreeRTOS/Source/tasks.o
 .text.xTimerCreateTimerTask
                0x000000000800c4b0       0x90 ./Middlewares/Third_Party/FreeRTOS/Source/timers.o
                0x000000000800c4b0                xTimerCreateTimerTask
 .text.xTimerGenericCommand
                0x000000000800c540       0x9c ./Middlewares/Third_Party/FreeRTOS/Source/timers.o
                0x000000000800c540                xTimerGenericCommand
 .text.prvProcessExpiredTimer
                0x000000000800c5dc       0x98 ./Middlewares/Third_Party/FreeRTOS/Source/timers.o
 .text.prvTimerTask
                0x000000000800c674       0x24 ./Middlewares/Third_Party/FreeRTOS/Source/timers.o
 .text.prvProcessTimerOrBlockTask
                0x000000000800c698       0x9c ./Middlewares/Third_Party/FreeRTOS/Source/timers.o
 .text.prvGetNextExpireTime
                0x000000000800c734       0x48 ./Middlewares/Third_Party/FreeRTOS/Source/timers.o
 .text.prvSampleTimeNow
                0x000000000800c77c       0x40 ./Middlewares/Third_Party/FreeRTOS/Source/timers.o
 .text.prvInsertTimerInActiveList
                0x000000000800c7bc       0x84 ./Middlewares/Third_Party/FreeRTOS/Source/timers.o
 .text.prvProcessReceivedCommands
                0x000000000800c840      0x1c4 ./Middlewares/Third_Party/FreeRTOS/Source/timers.o
 .text.prvSwitchTimerLists
                0x000000000800ca04       0xc8 ./Middlewares/Third_Party/FreeRTOS/Source/timers.o
 .text.prvCheckForValidListAndQueue
                0x000000000800cacc       0x80 ./Middlewares/Third_Party/FreeRTOS/Source/timers.o
 .text.pxPortInitialiseStack
                0x000000000800cb4c       0x68 ./Middlewares/Third_Party/FreeRTOS/Source/portable/GCC/ARM_CM4F/port.o
                0x000000000800cb4c                pxPortInitialiseStack
 .text.prvTaskExitError
                0x000000000800cbb4       0x58 ./Middlewares/Third_Party/FreeRTOS/Source/portable/GCC/ARM_CM4F/port.o
 *fill*         0x000000000800cc0c        0x4 
 .text.SVC_Handler
                0x000000000800cc10       0x28 ./Middlewares/Third_Party/FreeRTOS/Source/portable/GCC/ARM_CM4F/port.o
                0x000000000800cc10                SVC_Handler
 .text.prvPortStartFirstTask
                0x000000000800cc38       0x28 ./Middlewares/Third_Party/FreeRTOS/Source/portable/GCC/ARM_CM4F/port.o
 .text.xPortStartScheduler
                0x000000000800cc60      0x144 ./Middlewares/Third_Party/FreeRTOS/Source/portable/GCC/ARM_CM4F/port.o
                0x000000000800cc60                xPortStartScheduler
 .text.vPortEnterCritical
                0x000000000800cda4       0x60 ./Middlewares/Third_Party/FreeRTOS/Source/portable/GCC/ARM_CM4F/port.o
                0x000000000800cda4                vPortEnterCritical
 .text.vPortExitCritical
                0x000000000800ce04       0x54 ./Middlewares/Third_Party/FreeRTOS/Source/portable/GCC/ARM_CM4F/port.o
                0x000000000800ce04                vPortExitCritical
 *fill*         0x000000000800ce58        0x8 
 .text.PendSV_Handler
                0x000000000800ce60       0x68 ./Middlewares/Third_Party/FreeRTOS/Source/portable/GCC/ARM_CM4F/port.o
                0x000000000800ce60                PendSV_Handler
 .text.xPortSysTickHandler
                0x000000000800cec8       0x44 ./Middlewares/Third_Party/FreeRTOS/Source/portable/GCC/ARM_CM4F/port.o
                0x000000000800cec8                xPortSysTickHandler
 .text.vPortSetupTimerInterrupt
                0x000000000800cf0c       0x48 ./Middlewares/Third_Party/FreeRTOS/Source/portable/GCC/ARM_CM4F/port.o
                0x000000000800cf0c                vPortSetupTimerInterrupt
 .text.vPortEnableVFP
                0x000000000800cf54       0x14 ./Middlewares/Third_Party/FreeRTOS/Source/portable/GCC/ARM_CM4F/port.o
 .text.vPortValidateInterruptPriority
                0x000000000800cf68       0x80 ./Middlewares/Third_Party/FreeRTOS/Source/portable/GCC/ARM_CM4F/port.o
                0x000000000800cf68                vPortValidateInterruptPriority
 .text.pvPortMalloc
                0x000000000800cfe8      0x198 ./Middlewares/Third_Party/FreeRTOS/Source/portable/MemMang/heap_4.o
                0x000000000800cfe8                pvPortMalloc
 .text.vPortFree
                0x000000000800d180       0xc4 ./Middlewares/Third_Party/FreeRTOS/Source/portable/MemMang/heap_4.o
                0x000000000800d180                vPortFree
 .text.prvHeapInit
                0x000000000800d244       0xc4 ./Middlewares/Third_Party/FreeRTOS/Source/portable/MemMang/heap_4.o
 .text.prvInsertBlockIntoFreeList
                0x000000000800d308       0xb4 ./Middlewares/Third_Party/FreeRTOS/Source/portable/MemMang/heap_4.o
 .text.__errno  0x000000000800d3bc        0xc c:/st/stm32cubeide_1.12.0/stm32cubeide/plugins/com.st.stm32cube.ide.mcu.externaltools.gnu-tools-for-stm32.10.3-2021.10.win32_1.0.200.202301161003/tools/bin/../lib/gcc/arm-none-eabi/10.3.1/../../../../arm-none-eabi/lib/thumb/v7e-m+fp/hard\libc_nano.a(lib_a-errno.o)
                0x000000000800d3bc                __errno
 .text.__libc_init_array
                0x000000000800d3c8       0x48 c:/st/stm32cubeide_1.12.0/stm32cubeide/plugins/com.st.stm32cube.ide.mcu.externaltools.gnu-tools-for-stm32.10.3-2021.10.win32_1.0.200.202301161003/tools/bin/../lib/gcc/arm-none-eabi/10.3.1/../../../../arm-none-eabi/lib/thumb/v7e-m+fp/hard\libc_nano.a(lib_a-init.o)
                0x000000000800d3c8                __libc_init_array
 .text.memcpy   0x000000000800d410       0x1c c:/st/stm32cubeide_1.12.0/stm32cubeide/plugins/com.st.stm32cube.ide.mcu.externaltools.gnu-tools-for-stm32.10.3-2021.10.win32_1.0.200.202301161003/tools/bin/../lib/gcc/arm-none-eabi/10.3.1/../../../../arm-none-eabi/lib/thumb/v7e-m+fp/hard\libc_nano.a(lib_a-memcpy-stub.o)
                0x000000000800d410                memcpy
 .text.memset   0x000000000800d42c       0x10 c:/st/stm32cubeide_1.12.0/stm32cubeide/plugins/com.st.stm32cube.ide.mcu.externaltools.gnu-tools-for-stm32.10.3-2021.10.win32_1.0.200.202301161003/tools/bin/../lib/gcc/arm-none-eabi/10.3.1/../../../../arm-none-eabi/lib/thumb/v7e-m+fp/hard\libc_nano.a(lib_a-memset.o)
                0x000000000800d42c                memset
 .text.__cvt    0x000000000800d43c       0xc4 c:/st/stm32cubeide_1.12.0/stm32cubeide/plugins/com.st.stm32cube.ide.mcu.externaltools.gnu-tools-for-stm32.10.3-2021.10.win32_1.0.200.202301161003/tools/bin/../lib/gcc/arm-none-eabi/10.3.1/../../../../arm-none-eabi/lib/thumb/v7e-m+fp/hard\libc_nano.a(lib_a-nano-vfprintf_float.o)
                0x000000000800d43c                __cvt
 .text.__exponent
                0x000000000800d500       0x7c c:/st/stm32cubeide_1.12.0/stm32cubeide/plugins/com.st.stm32cube.ide.mcu.externaltools.gnu-tools-for-stm32.10.3-2021.10.win32_1.0.200.202301161003/tools/bin/../lib/gcc/arm-none-eabi/10.3.1/../../../../arm-none-eabi/lib/thumb/v7e-m+fp/hard\libc_nano.a(lib_a-nano-vfprintf_float.o)
                0x000000000800d500                __exponent
 .text._printf_float
                0x000000000800d57c      0x46c c:/st/stm32cubeide_1.12.0/stm32cubeide/plugins/com.st.stm32cube.ide.mcu.externaltools.gnu-tools-for-stm32.10.3-2021.10.win32_1.0.200.202301161003/tools/bin/../lib/gcc/arm-none-eabi/10.3.1/../../../../arm-none-eabi/lib/thumb/v7e-m+fp/hard\libc_nano.a(lib_a-nano-vfprintf_float.o)
                0x000000000800d57c                _printf_float
 .text._printf_common
                0x000000000800d9e8       0xda c:/st/stm32cubeide_1.12.0/stm32cubeide/plugins/com.st.stm32cube.ide.mcu.externaltools.gnu-tools-for-stm32.10.3-2021.10.win32_1.0.200.202301161003/tools/bin/../lib/gcc/arm-none-eabi/10.3.1/../../../../arm-none-eabi/lib/thumb/v7e-m+fp/hard\libc_nano.a(lib_a-nano-vfprintf_i.o)
                0x000000000800d9e8                _printf_common
 *fill*         0x000000000800dac2        0x2 
 .text._printf_i
                0x000000000800dac4      0x24c c:/st/stm32cubeide_1.12.0/stm32cubeide/plugins/com.st.stm32cube.ide.mcu.externaltools.gnu-tools-for-stm32.10.3-2021.10.win32_1.0.200.202301161003/tools/bin/../lib/gcc/arm-none-eabi/10.3.1/../../../../arm-none-eabi/lib/thumb/v7e-m+fp/hard\libc_nano.a(lib_a-nano-vfprintf_i.o)
                0x000000000800dac4                _printf_i
 .text._scanf_float
                0x000000000800dd10      0x420 c:/st/stm32cubeide_1.12.0/stm32cubeide/plugins/com.st.stm32cube.ide.mcu.externaltools.gnu-tools-for-stm32.10.3-2021.10.win32_1.0.200.202301161003/tools/bin/../lib/gcc/arm-none-eabi/10.3.1/../../../../arm-none-eabi/lib/thumb/v7e-m+fp/hard\libc_nano.a(lib_a-nano-vfscanf_float.o)
                0x000000000800dd10                _scanf_float
 .text.nanf     0x000000000800e130        0xc c:/st/stm32cubeide_1.12.0/stm32cubeide/plugins/com.st.stm32cube.ide.mcu.externaltools.gnu-tools-for-stm32.10.3-2021.10.win32_1.0.200.202301161003/tools/bin/../lib/gcc/arm-none-eabi/10.3.1/../../../../arm-none-eabi/lib/thumb/v7e-m+fp/hard\libc_nano.a(lib_a-sf_nan.o)
                0x000000000800e130                nanf
 .text.sprintf  0x000000000800e13c       0x40 c:/st/stm32cubeide_1.12.0/stm32cubeide/plugins/com.st.stm32cube.ide.mcu.externaltools.gnu-tools-for-stm32.10.3-2021.10.win32_1.0.200.202301161003/tools/bin/../lib/gcc/arm-none-eabi/10.3.1/../../../../arm-none-eabi/lib/thumb/v7e-m+fp/hard\libc_nano.a(lib_a-sprintf.o)
                0x000000000800e13c                siprintf
                0x000000000800e13c                sprintf
 .text.sscanf   0x000000000800e17c       0x58 c:/st/stm32cubeide_1.12.0/stm32cubeide/plugins/com.st.stm32cube.ide.mcu.externaltools.gnu-tools-for-stm32.10.3-2021.10.win32_1.0.200.202301161003/tools/bin/../lib/gcc/arm-none-eabi/10.3.1/../../../../arm-none-eabi/lib/thumb/v7e-m+fp/hard\libc_nano.a(lib_a-sscanf.o)
                0x000000000800e17c                siscanf
                0x000000000800e17c                sscanf
 .text.__sread  0x000000000800e1d4       0x22 c:/st/stm32cubeide_1.12.0/stm32cubeide/plugins/com.st.stm32cube.ide.mcu.externaltools.gnu-tools-for-stm32.10.3-2021.10.win32_1.0.200.202301161003/tools/bin/../lib/gcc/arm-none-eabi/10.3.1/../../../../arm-none-eabi/lib/thumb/v7e-m+fp/hard\libc_nano.a(lib_a-stdio.o)
                0x000000000800e1d4                __sread
 .text.__seofread
                0x000000000800e1f6        0x4 c:/st/stm32cubeide_1.12.0/stm32cubeide/plugins/com.st.stm32cube.ide.mcu.externaltools.gnu-tools-for-stm32.10.3-2021.10.win32_1.0.200.202301161003/tools/bin/../lib/gcc/arm-none-eabi/10.3.1/../../../../arm-none-eabi/lib/thumb/v7e-m+fp/hard\libc_nano.a(lib_a-stdio.o)
                0x000000000800e1f6                __seofread
 .text.__swrite
                0x000000000800e1fa       0x38 c:/st/stm32cubeide_1.12.0/stm32cubeide/plugins/com.st.stm32cube.ide.mcu.externaltools.gnu-tools-for-stm32.10.3-2021.10.win32_1.0.200.202301161003/tools/bin/../lib/gcc/arm-none-eabi/10.3.1/../../../../arm-none-eabi/lib/thumb/v7e-m+fp/hard\libc_nano.a(lib_a-stdio.o)
                0x000000000800e1fa                __swrite
 .text.__sseek  0x000000000800e232       0x24 c:/st/stm32cubeide_1.12.0/stm32cubeide/plugins/com.st.stm32cube.ide.mcu.externaltools.gnu-tools-for-stm32.10.3-2021.10.win32_1.0.200.202301161003/tools/bin/../lib/gcc/arm-none-eabi/10.3.1/../../../../arm-none-eabi/lib/thumb/v7e-m+fp/hard\libc_nano.a(lib_a-stdio.o)
                0x000000000800e232                __sseek
 .text.__sclose
                0x000000000800e256        0x8 c:/st/stm32cubeide_1.12.0/stm32cubeide/plugins/com.st.stm32cube.ide.mcu.externaltools.gnu-tools-for-stm32.10.3-2021.10.win32_1.0.200.202301161003/tools/bin/../lib/gcc/arm-none-eabi/10.3.1/../../../../arm-none-eabi/lib/thumb/v7e-m+fp/hard\libc_nano.a(lib_a-stdio.o)
                0x000000000800e256                __sclose
 .text.strncmp  0x000000000800e25e       0x28 c:/st/stm32cubeide_1.12.0/stm32cubeide/plugins/com.st.stm32cube.ide.mcu.externaltools.gnu-tools-for-stm32.10.3-2021.10.win32_1.0.200.202301161003/tools/bin/../lib/gcc/arm-none-eabi/10.3.1/../../../../arm-none-eabi/lib/thumb/v7e-m+fp/hard\libc_nano.a(lib_a-strncmp.o)
                0x000000000800e25e                strncmp
 .text.sulp     0x000000000800e286       0x38 c:/st/stm32cubeide_1.12.0/stm32cubeide/plugins/com.st.stm32cube.ide.mcu.externaltools.gnu-tools-for-stm32.10.3-2021.10.win32_1.0.200.202301161003/tools/bin/../lib/gcc/arm-none-eabi/10.3.1/../../../../arm-none-eabi/lib/thumb/v7e-m+fp/hard\libc_nano.a(lib_a-strtod.o)
 *fill*         0x000000000800e2be        0x2 
 .text._strtod_l
                0x000000000800e2c0      0xc0c c:/st/stm32cubeide_1.12.0/stm32cubeide/plugins/com.st.stm32cube.ide.mcu.externaltools.gnu-tools-for-stm32.10.3-2021.10.win32_1.0.200.202301161003/tools/bin/../lib/gcc/arm-none-eabi/10.3.1/../../../../arm-none-eabi/lib/thumb/v7e-m+fp/hard\libc_nano.a(lib_a-strtod.o)
                0x000000000800e2c0                _strtod_l
 .text._strtod_r
                0x000000000800eecc        0xc c:/st/stm32cubeide_1.12.0/stm32cubeide/plugins/com.st.stm32cube.ide.mcu.externaltools.gnu-tools-for-stm32.10.3-2021.10.win32_1.0.200.202301161003/tools/bin/../lib/gcc/arm-none-eabi/10.3.1/../../../../arm-none-eabi/lib/thumb/v7e-m+fp/hard\libc_nano.a(lib_a-strtod.o)
                0x000000000800eecc                _strtod_r
 .text._strtol_l.constprop.0
                0x000000000800eed8      0x104 c:/st/stm32cubeide_1.12.0/stm32cubeide/plugins/com.st.stm32cube.ide.mcu.externaltools.gnu-tools-for-stm32.10.3-2021.10.win32_1.0.200.202301161003/tools/bin/../lib/gcc/arm-none-eabi/10.3.1/../../../../arm-none-eabi/lib/thumb/v7e-m+fp/hard\libc_nano.a(lib_a-strtol.o)
 .text._strtol_r
                0x000000000800efdc        0x4 c:/st/stm32cubeide_1.12.0/stm32cubeide/plugins/com.st.stm32cube.ide.mcu.externaltools.gnu-tools-for-stm32.10.3-2021.10.win32_1.0.200.202301161003/tools/bin/../lib/gcc/arm-none-eabi/10.3.1/../../../../arm-none-eabi/lib/thumb/v7e-m+fp/hard\libc_nano.a(lib_a-strtol.o)
                0x000000000800efdc                _strtol_r
 .text._write_r
                0x000000000800efe0       0x24 c:/st/stm32cubeide_1.12.0/stm32cubeide/plugins/com.st.stm32cube.ide.mcu.externaltools.gnu-tools-for-stm32.10.3-2021.10.win32_1.0.200.202301161003/tools/bin/../lib/gcc/arm-none-eabi/10.3.1/../../../../arm-none-eabi/lib/thumb/v7e-m+fp/hard\libc_nano.a(lib_a-writer.o)
                0x000000000800efe0                _write_r
 .text._close_r
                0x000000000800f004       0x20 c:/st/stm32cubeide_1.12.0/stm32cubeide/plugins/com.st.stm32cube.ide.mcu.externaltools.gnu-tools-for-stm32.10.3-2021.10.win32_1.0.200.202301161003/tools/bin/../lib/gcc/arm-none-eabi/10.3.1/../../../../arm-none-eabi/lib/thumb/v7e-m+fp/hard\libc_nano.a(lib_a-closer.o)
                0x000000000800f004                _close_r
 .text.quorem   0x000000000800f024      0x116 c:/st/stm32cubeide_1.12.0/stm32cubeide/plugins/com.st.stm32cube.ide.mcu.externaltools.gnu-tools-for-stm32.10.3-2021.10.win32_1.0.200.202301161003/tools/bin/../lib/gcc/arm-none-eabi/10.3.1/../../../../arm-none-eabi/lib/thumb/v7e-m+fp/hard\libc_nano.a(lib_a-dtoa.o)
 *fill*         0x000000000800f13a        0x6 
 .text._dtoa_r  0x000000000800f140      0xbdc c:/st/stm32cubeide_1.12.0/stm32cubeide/plugins/com.st.stm32cube.ide.mcu.externaltools.gnu-tools-for-stm32.10.3-2021.10.win32_1.0.200.202301161003/tools/bin/../lib/gcc/arm-none-eabi/10.3.1/../../../../arm-none-eabi/lib/thumb/v7e-m+fp/hard\libc_nano.a(lib_a-dtoa.o)
                0x000000000800f140                _dtoa_r
 .text.rshift   0x000000000800fd1c       0xa4 c:/st/stm32cubeide_1.12.0/stm32cubeide/plugins/com.st.stm32cube.ide.mcu.externaltools.gnu-tools-for-stm32.10.3-2021.10.win32_1.0.200.202301161003/tools/bin/../lib/gcc/arm-none-eabi/10.3.1/../../../../arm-none-eabi/lib/thumb/v7e-m+fp/hard\libc_nano.a(lib_a-gdtoa-gethex.o)
 .text.__hexdig_fun
                0x000000000800fdc0       0x2a c:/st/stm32cubeide_1.12.0/stm32cubeide/plugins/com.st.stm32cube.ide.mcu.externaltools.gnu-tools-for-stm32.10.3-2021.10.win32_1.0.200.202301161003/tools/bin/../lib/gcc/arm-none-eabi/10.3.1/../../../../arm-none-eabi/lib/thumb/v7e-m+fp/hard\libc_nano.a(lib_a-gdtoa-gethex.o)
                0x000000000800fdc0                __hexdig_fun
 *fill*         0x000000000800fdea        0x2 
 .text.__gethex
                0x000000000800fdec      0x48c c:/st/stm32cubeide_1.12.0/stm32cubeide/plugins/com.st.stm32cube.ide.mcu.externaltools.gnu-tools-for-stm32.10.3-2021.10.win32_1.0.200.202301161003/tools/bin/../lib/gcc/arm-none-eabi/10.3.1/../../../../arm-none-eabi/lib/thumb/v7e-m+fp/hard\libc_nano.a(lib_a-gdtoa-gethex.o)
                0x000000000800fdec                __gethex
 .text.L_shift  0x0000000008010278       0x24 c:/st/stm32cubeide_1.12.0/stm32cubeide/plugins/com.st.stm32cube.ide.mcu.externaltools.gnu-tools-for-stm32.10.3-2021.10.win32_1.0.200.202301161003/tools/bin/../lib/gcc/arm-none-eabi/10.3.1/../../../../arm-none-eabi/lib/thumb/v7e-m+fp/hard\libc_nano.a(lib_a-gdtoa-hexnan.o)
 .text.__match  0x000000000801029c       0x28 c:/st/stm32cubeide_1.12.0/stm32cubeide/plugins/com.st.stm32cube.ide.mcu.externaltools.gnu-tools-for-stm32.10.3-2021.10.win32_1.0.200.202301161003/tools/bin/../lib/gcc/arm-none-eabi/10.3.1/../../../../arm-none-eabi/lib/thumb/v7e-m+fp/hard\libc_nano.a(lib_a-gdtoa-hexnan.o)
                0x000000000801029c                __match
 .text.__hexnan
                0x00000000080102c4      0x138 c:/st/stm32cubeide_1.12.0/stm32cubeide/plugins/com.st.stm32cube.ide.mcu.externaltools.gnu-tools-for-stm32.10.3-2021.10.win32_1.0.200.202301161003/tools/bin/../lib/gcc/arm-none-eabi/10.3.1/../../../../arm-none-eabi/lib/thumb/v7e-m+fp/hard\libc_nano.a(lib_a-gdtoa-hexnan.o)
                0x00000000080102c4                __hexnan
 .text._localeconv_r
                0x00000000080103fc        0x8 c:/st/stm32cubeide_1.12.0/stm32cubeide/plugins/com.st.stm32cube.ide.mcu.externaltools.gnu-tools-for-stm32.10.3-2021.10.win32_1.0.200.202301161003/tools/bin/../lib/gcc/arm-none-eabi/10.3.1/../../../../arm-none-eabi/lib/thumb/v7e-m+fp/hard\libc_nano.a(lib_a-localeconv.o)
                0x00000000080103fc                _localeconv_r
 .text._lseek_r
                0x0000000008010404       0x24 c:/st/stm32cubeide_1.12.0/stm32cubeide/plugins/com.st.stm32cube.ide.mcu.externaltools.gnu-tools-for-stm32.10.3-2021.10.win32_1.0.200.202301161003/tools/bin/../lib/gcc/arm-none-eabi/10.3.1/../../../../arm-none-eabi/lib/thumb/v7e-m+fp/hard\libc_nano.a(lib_a-lseekr.o)
                0x0000000008010404                _lseek_r
 .text.malloc   0x0000000008010428       0x10 c:/st/stm32cubeide_1.12.0/stm32cubeide/plugins/com.st.stm32cube.ide.mcu.externaltools.gnu-tools-for-stm32.10.3-2021.10.win32_1.0.200.202301161003/tools/bin/../lib/gcc/arm-none-eabi/10.3.1/../../../../arm-none-eabi/lib/thumb/v7e-m+fp/hard\libc_nano.a(lib_a-malloc.o)
                0x0000000008010428                malloc
 .text.__ascii_mbtowc
                0x0000000008010438       0x24 c:/st/stm32cubeide_1.12.0/stm32cubeide/plugins/com.st.stm32cube.ide.mcu.externaltools.gnu-tools-for-stm32.10.3-2021.10.win32_1.0.200.202301161003/tools/bin/../lib/gcc/arm-none-eabi/10.3.1/../../../../arm-none-eabi/lib/thumb/v7e-m+fp/hard\libc_nano.a(lib_a-mbtowc_r.o)
                0x0000000008010438                __ascii_mbtowc
 .text._Balloc  0x000000000801045c       0x80 c:/st/stm32cubeide_1.12.0/stm32cubeide/plugins/com.st.stm32cube.ide.mcu.externaltools.gnu-tools-for-stm32.10.3-2021.10.win32_1.0.200.202301161003/tools/bin/../lib/gcc/arm-none-eabi/10.3.1/../../../../arm-none-eabi/lib/thumb/v7e-m+fp/hard\libc_nano.a(lib_a-mprec.o)
                0x000000000801045c                _Balloc
 .text._Bfree   0x00000000080104dc       0x44 c:/st/stm32cubeide_1.12.0/stm32cubeide/plugins/com.st.stm32cube.ide.mcu.externaltools.gnu-tools-for-stm32.10.3-2021.10.win32_1.0.200.202301161003/tools/bin/../lib/gcc/arm-none-eabi/10.3.1/../../../../arm-none-eabi/lib/thumb/v7e-m+fp/hard\libc_nano.a(lib_a-mprec.o)
                0x00000000080104dc                _Bfree
 .text.__multadd
                0x0000000008010520       0x8c c:/st/stm32cubeide_1.12.0/stm32cubeide/plugins/com.st.stm32cube.ide.mcu.externaltools.gnu-tools-for-stm32.10.3-2021.10.win32_1.0.200.202301161003/tools/bin/../lib/gcc/arm-none-eabi/10.3.1/../../../../arm-none-eabi/lib/thumb/v7e-m+fp/hard\libc_nano.a(lib_a-mprec.o)
                0x0000000008010520                __multadd
 .text.__s2b    0x00000000080105ac       0x94 c:/st/stm32cubeide_1.12.0/stm32cubeide/plugins/com.st.stm32cube.ide.mcu.externaltools.gnu-tools-for-stm32.10.3-2021.10.win32_1.0.200.202301161003/tools/bin/../lib/gcc/arm-none-eabi/10.3.1/../../../../arm-none-eabi/lib/thumb/v7e-m+fp/hard\libc_nano.a(lib_a-mprec.o)
                0x00000000080105ac                __s2b
 .text.__hi0bits
                0x0000000008010640       0x40 c:/st/stm32cubeide_1.12.0/stm32cubeide/plugins/com.st.stm32cube.ide.mcu.externaltools.gnu-tools-for-stm32.10.3-2021.10.win32_1.0.200.202301161003/tools/bin/../lib/gcc/arm-none-eabi/10.3.1/../../../../arm-none-eabi/lib/thumb/v7e-m+fp/hard\libc_nano.a(lib_a-mprec.o)
                0x0000000008010640                __hi0bits
 .text.__lo0bits
                0x0000000008010680       0x5e c:/st/stm32cubeide_1.12.0/stm32cubeide/plugins/com.st.stm32cube.ide.mcu.externaltools.gnu-tools-for-stm32.10.3-2021.10.win32_1.0.200.202301161003/tools/bin/../lib/gcc/arm-none-eabi/10.3.1/../../../../arm-none-eabi/lib/thumb/v7e-m+fp/hard\libc_nano.a(lib_a-mprec.o)
                0x0000000008010680                __lo0bits
 *fill*         0x00000000080106de        0x2 
 .text.__i2b    0x00000000080106e0       0x2c c:/st/stm32cubeide_1.12.0/stm32cubeide/plugins/com.st.stm32cube.ide.mcu.externaltools.gnu-tools-for-stm32.10.3-2021.10.win32_1.0.200.202301161003/tools/bin/../lib/gcc/arm-none-eabi/10.3.1/../../../../arm-none-eabi/lib/thumb/v7e-m+fp/hard\libc_nano.a(lib_a-mprec.o)
                0x00000000080106e0                __i2b
 .text.__multiply
                0x000000000801070c      0x154 c:/st/stm32cubeide_1.12.0/stm32cubeide/plugins/com.st.stm32cube.ide.mcu.externaltools.gnu-tools-for-stm32.10.3-2021.10.win32_1.0.200.202301161003/tools/bin/../lib/gcc/arm-none-eabi/10.3.1/../../../../arm-none-eabi/lib/thumb/v7e-m+fp/hard\libc_nano.a(lib_a-mprec.o)
                0x000000000801070c                __multiply
 .text.__pow5mult
                0x0000000008010860       0xb4 c:/st/stm32cubeide_1.12.0/stm32cubeide/plugins/com.st.stm32cube.ide.mcu.externaltools.gnu-tools-for-stm32.10.3-2021.10.win32_1.0.200.202301161003/tools/bin/../lib/gcc/arm-none-eabi/10.3.1/../../../../arm-none-eabi/lib/thumb/v7e-m+fp/hard\libc_nano.a(lib_a-mprec.o)
                0x0000000008010860                __pow5mult
 .text.__lshift
                0x0000000008010914       0xe0 c:/st/stm32cubeide_1.12.0/stm32cubeide/plugins/com.st.stm32cube.ide.mcu.externaltools.gnu-tools-for-stm32.10.3-2021.10.win32_1.0.200.202301161003/tools/bin/../lib/gcc/arm-none-eabi/10.3.1/../../../../arm-none-eabi/lib/thumb/v7e-m+fp/hard\libc_nano.a(lib_a-mprec.o)
                0x0000000008010914                __lshift
 .text.__mcmp   0x00000000080109f4       0x38 c:/st/stm32cubeide_1.12.0/stm32cubeide/plugins/com.st.stm32cube.ide.mcu.externaltools.gnu-tools-for-stm32.10.3-2021.10.win32_1.0.200.202301161003/tools/bin/../lib/gcc/arm-none-eabi/10.3.1/../../../../arm-none-eabi/lib/thumb/v7e-m+fp/hard\libc_nano.a(lib_a-mprec.o)
                0x00000000080109f4                __mcmp
 .text.__mdiff  0x0000000008010a2c      0x114 c:/st/stm32cubeide_1.12.0/stm32cubeide/plugins/com.st.stm32cube.ide.mcu.externaltools.gnu-tools-for-stm32.10.3-2021.10.win32_1.0.200.202301161003/tools/bin/../lib/gcc/arm-none-eabi/10.3.1/../../../../arm-none-eabi/lib/thumb/v7e-m+fp/hard\libc_nano.a(lib_a-mprec.o)
                0x0000000008010a2c                __mdiff
 .text.__ulp    0x0000000008010b40       0x58 c:/st/stm32cubeide_1.12.0/stm32cubeide/plugins/com.st.stm32cube.ide.mcu.externaltools.gnu-tools-for-stm32.10.3-2021.10.win32_1.0.200.202301161003/tools/bin/../lib/gcc/arm-none-eabi/10.3.1/../../../../arm-none-eabi/lib/thumb/v7e-m+fp/hard\libc_nano.a(lib_a-mprec.o)
                0x0000000008010b40                __ulp
 .text.__b2d    0x0000000008010b98       0xa0 c:/st/stm32cubeide_1.12.0/stm32cubeide/plugins/com.st.stm32cube.ide.mcu.externaltools.gnu-tools-for-stm32.10.3-2021.10.win32_1.0.200.202301161003/tools/bin/../lib/gcc/arm-none-eabi/10.3.1/../../../../arm-none-eabi/lib/thumb/v7e-m+fp/hard\libc_nano.a(lib_a-mprec.o)
                0x0000000008010b98                __b2d
 .text.__d2b    0x0000000008010c38       0xb8 c:/st/stm32cubeide_1.12.0/stm32cubeide/plugins/com.st.stm32cube.ide.mcu.externaltools.gnu-tools-for-stm32.10.3-2021.10.win32_1.0.200.202301161003/tools/bin/../lib/gcc/arm-none-eabi/10.3.1/../../../../arm-none-eabi/lib/thumb/v7e-m+fp/hard\libc_nano.a(lib_a-mprec.o)
                0x0000000008010c38                __d2b
 .text.__ratio  0x0000000008010cf0       0x66 c:/st/stm32cubeide_1.12.0/stm32cubeide/plugins/com.st.stm32cube.ide.mcu.externaltools.gnu-tools-for-stm32.10.3-2021.10.win32_1.0.200.202301161003/tools/bin/../lib/gcc/arm-none-eabi/10.3.1/../../../../arm-none-eabi/lib/thumb/v7e-m+fp/hard\libc_nano.a(lib_a-mprec.o)
                0x0000000008010cf0                __ratio
 .text.__copybits
                0x0000000008010d56       0x46 c:/st/stm32cubeide_1.12.0/stm32cubeide/plugins/com.st.stm32cube.ide.mcu.externaltools.gnu-tools-for-stm32.10.3-2021.10.win32_1.0.200.202301161003/tools/bin/../lib/gcc/arm-none-eabi/10.3.1/../../../../arm-none-eabi/lib/thumb/v7e-m+fp/hard\libc_nano.a(lib_a-mprec.o)
                0x0000000008010d56                __copybits
 .text.__any_on
                0x0000000008010d9c       0x42 c:/st/stm32cubeide_1.12.0/stm32cubeide/plugins/com.st.stm32cube.ide.mcu.externaltools.gnu-tools-for-stm32.10.3-2021.10.win32_1.0.200.202301161003/tools/bin/../lib/gcc/arm-none-eabi/10.3.1/../../../../arm-none-eabi/lib/thumb/v7e-m+fp/hard\libc_nano.a(lib_a-mprec.o)
                0x0000000008010d9c                __any_on
 .text._calloc_r
                0x0000000008010dde       0x2c c:/st/stm32cubeide_1.12.0/stm32cubeide/plugins/com.st.stm32cube.ide.mcu.externaltools.gnu-tools-for-stm32.10.3-2021.10.win32_1.0.200.202301161003/tools/bin/../lib/gcc/arm-none-eabi/10.3.1/../../../../arm-none-eabi/lib/thumb/v7e-m+fp/hard\libc_nano.a(lib_a-nano-callocr.o)
                0x0000000008010dde                _calloc_r
 *fill*         0x0000000008010e0a        0x2 
 .text._free_r  0x0000000008010e0c       0x98 c:/st/stm32cubeide_1.12.0/stm32cubeide/plugins/com.st.stm32cube.ide.mcu.externaltools.gnu-tools-for-stm32.10.3-2021.10.win32_1.0.200.202301161003/tools/bin/../lib/gcc/arm-none-eabi/10.3.1/../../../../arm-none-eabi/lib/thumb/v7e-m+fp/hard\libc_nano.a(lib_a-nano-freer.o)
                0x0000000008010e0c                _free_r
 .text.sbrk_aligned
                0x0000000008010ea4       0x40 c:/st/stm32cubeide_1.12.0/stm32cubeide/plugins/com.st.stm32cube.ide.mcu.externaltools.gnu-tools-for-stm32.10.3-2021.10.win32_1.0.200.202301161003/tools/bin/../lib/gcc/arm-none-eabi/10.3.1/../../../../arm-none-eabi/lib/thumb/v7e-m+fp/hard\libc_nano.a(lib_a-nano-mallocr.o)
 .text._malloc_r
                0x0000000008010ee4       0xe8 c:/st/stm32cubeide_1.12.0/stm32cubeide/plugins/com.st.stm32cube.ide.mcu.externaltools.gnu-tools-for-stm32.10.3-2021.10.win32_1.0.200.202301161003/tools/bin/../lib/gcc/arm-none-eabi/10.3.1/../../../../arm-none-eabi/lib/thumb/v7e-m+fp/hard\libc_nano.a(lib_a-nano-mallocr.o)
                0x0000000008010ee4                _malloc_r
 .text.__ssputs_r
                0x0000000008010fcc       0xb6 c:/st/stm32cubeide_1.12.0/stm32cubeide/plugins/com.st.stm32cube.ide.mcu.externaltools.gnu-tools-for-stm32.10.3-2021.10.win32_1.0.200.202301161003/tools/bin/../lib/gcc/arm-none-eabi/10.3.1/../../../../arm-none-eabi/lib/thumb/v7e-m+fp/hard\libc_nano.a(lib_a-nano-svfprintf.o)
                0x0000000008010fcc                __ssputs_r
 *fill*         0x0000000008011082        0x2 
 .text._svfprintf_r
                0x0000000008011084      0x200 c:/st/stm32cubeide_1.12.0/stm32cubeide/plugins/com.st.stm32cube.ide.mcu.externaltools.gnu-tools-for-stm32.10.3-2021.10.win32_1.0.200.202301161003/tools/bin/../lib/gcc/arm-none-eabi/10.3.1/../../../../arm-none-eabi/lib/thumb/v7e-m+fp/hard\libc_nano.a(lib_a-nano-svfprintf.o)
                0x0000000008011084                _svfiprintf_r
                0x0000000008011084                _svfprintf_r
 .text._sungetc_r
                0x0000000008011284       0x7a c:/st/stm32cubeide_1.12.0/stm32cubeide/plugins/com.st.stm32cube.ide.mcu.externaltools.gnu-tools-for-stm32.10.3-2021.10.win32_1.0.200.202301161003/tools/bin/../lib/gcc/arm-none-eabi/10.3.1/../../../../arm-none-eabi/lib/thumb/v7e-m+fp/hard\libc_nano.a(lib_a-nano-svfscanf.o)
                0x0000000008011284                _sungetc_r
 .text.__ssrefill_r
                0x00000000080112fe       0x3a c:/st/stm32cubeide_1.12.0/stm32cubeide/plugins/com.st.stm32cube.ide.mcu.externaltools.gnu-tools-for-stm32.10.3-2021.10.win32_1.0.200.202301161003/tools/bin/../lib/gcc/arm-none-eabi/10.3.1/../../../../arm-none-eabi/lib/thumb/v7e-m+fp/hard\libc_nano.a(lib_a-nano-svfscanf.o)
                0x00000000080112fe                __ssrefill_r
 .text.__ssvfscanf_r
                0x0000000008011338      0x2f0 c:/st/stm32cubeide_1.12.0/stm32cubeide/plugins/com.st.stm32cube.ide.mcu.externaltools.gnu-tools-for-stm32.10.3-2021.10.win32_1.0.200.202301161003/tools/bin/../lib/gcc/arm-none-eabi/10.3.1/../../../../arm-none-eabi/lib/thumb/v7e-m+fp/hard\libc_nano.a(lib_a-nano-svfscanf.o)
                0x0000000008011338                __ssvfiscanf_r
                0x0000000008011338                __ssvfscanf_r
 .text._scanf_chars
                0x0000000008011628       0xb4 c:/st/stm32cubeide_1.12.0/stm32cubeide/plugins/com.st.stm32cube.ide.mcu.externaltools.gnu-tools-for-stm32.10.3-2021.10.win32_1.0.200.202301161003/tools/bin/../lib/gcc/arm-none-eabi/10.3.1/../../../../arm-none-eabi/lib/thumb/v7e-m+fp/hard\libc_nano.a(lib_a-nano-vfscanf_i.o)
                0x0000000008011628                _scanf_chars
 .text._scanf_i
                0x00000000080116dc      0x1f0 c:/st/stm32cubeide_1.12.0/stm32cubeide/plugins/com.st.stm32cube.ide.mcu.externaltools.gnu-tools-for-stm32.10.3-2021.10.win32_1.0.200.202301161003/tools/bin/../lib/gcc/arm-none-eabi/10.3.1/../../../../arm-none-eabi/lib/thumb/v7e-m+fp/hard\libc_nano.a(lib_a-nano-vfscanf_i.o)
                0x00000000080116dc                _scanf_i
 .text._read_r  0x00000000080118cc       0x24 c:/st/stm32cubeide_1.12.0/stm32cubeide/plugins/com.st.stm32cube.ide.mcu.externaltools.gnu-tools-for-stm32.10.3-2021.10.win32_1.0.200.202301161003/tools/bin/../lib/gcc/arm-none-eabi/10.3.1/../../../../arm-none-eabi/lib/thumb/v7e-m+fp/hard\libc_nano.a(lib_a-readr.o)
                0x00000000080118cc                _read_r
 .text.nan      0x00000000080118f0       0x10 c:/st/stm32cubeide_1.12.0/stm32cubeide/plugins/com.st.stm32cube.ide.mcu.externaltools.gnu-tools-for-stm32.10.3-2021.10.win32_1.0.200.202301161003/tools/bin/../lib/gcc/arm-none-eabi/10.3.1/../../../../arm-none-eabi/lib/thumb/v7e-m+fp/hard\libc_nano.a(lib_a-s_nan.o)
                0x00000000080118f0                nan
 .text._sbrk_r  0x0000000008011900       0x20 c:/st/stm32cubeide_1.12.0/stm32cubeide/plugins/com.st.stm32cube.ide.mcu.externaltools.gnu-tools-for-stm32.10.3-2021.10.win32_1.0.200.202301161003/tools/bin/../lib/gcc/arm-none-eabi/10.3.1/../../../../arm-none-eabi/lib/thumb/v7e-m+fp/hard\libc_nano.a(lib_a-sbrkr.o)
                0x0000000008011900                _sbrk_r
 .text.__sccl   0x0000000008011920       0x70 c:/st/stm32cubeide_1.12.0/stm32cubeide/plugins/com.st.stm32cube.ide.mcu.externaltools.gnu-tools-for-stm32.10.3-2021.10.win32_1.0.200.202301161003/tools/bin/../lib/gcc/arm-none-eabi/10.3.1/../../../../arm-none-eabi/lib/thumb/v7e-m+fp/hard\libc_nano.a(lib_a-sccl.o)
                0x0000000008011920                __sccl
 .text._strtoul_l.constprop.0
                0x0000000008011990       0xe4 c:/st/stm32cubeide_1.12.0/stm32cubeide/plugins/com.st.stm32cube.ide.mcu.externaltools.gnu-tools-for-stm32.10.3-2021.10.win32_1.0.200.202301161003/tools/bin/../lib/gcc/arm-none-eabi/10.3.1/../../../../arm-none-eabi/lib/thumb/v7e-m+fp/hard\libc_nano.a(lib_a-strtoul.o)
 .text._strtoul_r
                0x0000000008011a74        0x4 c:/st/stm32cubeide_1.12.0/stm32cubeide/plugins/com.st.stm32cube.ide.mcu.externaltools.gnu-tools-for-stm32.10.3-2021.10.win32_1.0.200.202301161003/tools/bin/../lib/gcc/arm-none-eabi/10.3.1/../../../../arm-none-eabi/lib/thumb/v7e-m+fp/hard\libc_nano.a(lib_a-strtoul.o)
                0x0000000008011a74                _strtoul_r
 .text.__submore
                0x0000000008011a78       0x74 c:/st/stm32cubeide_1.12.0/stm32cubeide/plugins/com.st.stm32cube.ide.mcu.externaltools.gnu-tools-for-stm32.10.3-2021.10.win32_1.0.200.202301161003/tools/bin/../lib/gcc/arm-none-eabi/10.3.1/../../../../arm-none-eabi/lib/thumb/v7e-m+fp/hard\libc_nano.a(lib_a-ungetc.o)
                0x0000000008011a78                __submore
 .text.__ascii_wctomb
                0x0000000008011aec       0x1a c:/st/stm32cubeide_1.12.0/stm32cubeide/plugins/com.st.stm32cube.ide.mcu.externaltools.gnu-tools-for-stm32.10.3-2021.10.win32_1.0.200.202301161003/tools/bin/../lib/gcc/arm-none-eabi/10.3.1/../../../../arm-none-eabi/lib/thumb/v7e-m+fp/hard\libc_nano.a(lib_a-wctomb_r.o)
                0x0000000008011aec                __ascii_wctomb
 *fill*         0x0000000008011b06        0x2 
 .text.__assert_func
                0x0000000008011b08       0x3c c:/st/stm32cubeide_1.12.0/stm32cubeide/plugins/com.st.stm32cube.ide.mcu.externaltools.gnu-tools-for-stm32.10.3-2021.10.win32_1.0.200.202301161003/tools/bin/../lib/gcc/arm-none-eabi/10.3.1/../../../../arm-none-eabi/lib/thumb/v7e-m+fp/hard\libc_nano.a(lib_a-assert.o)
                0x0000000008011b08                __assert_func
 .text.__sflush_r
                0x0000000008011b44      0x10c c:/st/stm32cubeide_1.12.0/stm32cubeide/plugins/com.st.stm32cube.ide.mcu.externaltools.gnu-tools-for-stm32.10.3-2021.10.win32_1.0.200.202301161003/tools/bin/../lib/gcc/arm-none-eabi/10.3.1/../../../../arm-none-eabi/lib/thumb/v7e-m+fp/hard\libc_nano.a(lib_a-fflush.o)
                0x0000000008011b44                __sflush_r
 .text._fflush_r