../Middlewares/kalman-clib-master/include/matrix.h:128:41:matrix_get	16	static
../Middlewares/kalman-clib-master/include/matrix.h:141:27:matrix_set	16	static
../Middlewares/kalman-clib-master/include/matrix.h:154:27:matrix_set_symmetric	32	static
../Middlewares/kalman-clib-master/include/matrix.h:166:27:matrix_get_row_pointer	16	static
../Middlewares/kalman-clib-master/include/matrix.h:178:31:matrix_get_column_copy	24	static
../Middlewares/kalman-clib-master/include/matrix.h:204:27:matrix_get_row_copy	24	static
../Middlewares/kalman-clib-master/include/matrix.h:224:27:matrix_copy	32	static
../Middlewares/kalman-clib-master/include/matrix.h:245:31:matrix_sub	48	static
../Middlewares/kalman-clib-master/include/matrix.h:266:31:matrix_sub_inplace_b	32	static
../Middlewares/kalman-clib-master/include/matrix.h:286:31:matrix_add_inplace	32	static
../Middlewares/kalman-clib-master/include/kalman.h:268:27:kalman_predict	16	static
../Middlewares/kalman-clib-master/include/kalman.h:295:31:kalman_predict_tuned	16	static
../Middlewares/kalman-clib-master/include/kalman.h:323:41:kalman_get_state_vector	16	static
../Middlewares/kalman-clib-master/include/kalman.h:333:41:kalman_get_state_transition	16	static
../Middlewares/kalman-clib-master/include/kalman.h:343:37:kalman_get_system_covariance	16	static
../Middlewares/kalman-clib-master/include/kalman.h:353:41:kalman_get_input_vector	16	static
../Middlewares/kalman-clib-master/include/kalman.h:363:41:kalman_get_input_transition	16	static
../Middlewares/kalman-clib-master/include/kalman.h:373:41:kalman_get_input_covariance	16	static
../Middlewares/kalman-clib-master/include/kalman.h:383:41:kalman_get_measurement_vector	16	static
../Middlewares/kalman-clib-master/include/kalman.h:393:41:kalman_get_measurement_transformation	16	static
../Middlewares/kalman-clib-master/include/kalman.h:403:41:kalman_get_process_noise	16	static
../Middlewares/kalman-clib-master/src/kalman.c:26:6:kalman_filter_initialize	24	static
../Middlewares/kalman-clib-master/src/kalman.c:69:6:kalman_measurement_initialize	24	static
../Middlewares/kalman-clib-master/src/kalman.c:101:6:kalman_predict_x	24	static
../Middlewares/kalman-clib-master/src/kalman.c:124:6:kalman_predict_Q	40	static
../Middlewares/kalman-clib-master/src/kalman.c:157:6:kalman_predict_Q_tuned	48	static
../Middlewares/kalman-clib-master/src/kalman.c:193:6:kalman_correct	64	static
