../Middlewares/kalman-clib-master/include/matrix.h:128:41:matrix_get	16	static
../Middlewares/kalman-clib-master/include/matrix.h:141:27:matrix_set	16	static
../Middlewares/kalman-clib-master/include/matrix.h:154:27:matrix_set_symmetric	32	static
../Middlewares/kalman-clib-master/include/matrix.h:166:27:matrix_get_row_pointer	16	static
../Middlewares/kalman-clib-master/include/matrix.h:178:31:matrix_get_column_copy	24	static
../Middlewares/kalman-clib-master/include/matrix.h:204:27:matrix_get_row_copy	24	static
../Middlewares/kalman-clib-master/include/matrix.h:224:27:matrix_copy	32	static
../Middlewares/kalman-clib-master/include/matrix.h:245:31:matrix_sub	48	static
../Middlewares/kalman-clib-master/include/matrix.h:266:31:matrix_sub_inplace_b	32	static
../Middlewares/kalman-clib-master/include/matrix.h:286:31:matrix_add_inplace	32	static
../Middlewares/kalman-clib-master/src/matrix_unittests.c:13:6:test_matrix_inverse	120	static
../Middlewares/kalman-clib-master/src/matrix_unittests.c:48:6:test_matrix_copy_cols_and_rows	96	static
../Middlewares/kalman-clib-master/src/matrix_unittests.c:90:6:test_matrix_multiply_aux	200	static
../Middlewares/kalman-clib-master/src/matrix_unittests.c:125:6:test_matrix_multiply_transb	160	static
../Middlewares/kalman-clib-master/src/matrix_unittests.c:158:6:test_matrix_multscale_transb	160	static
../Middlewares/kalman-clib-master/src/matrix_unittests.c:191:6:test_matrix_multadd_transb	160	static
../Middlewares/kalman-clib-master/src/matrix_unittests.c:224:6:test_matrix_multiply_vector	112	static
../Middlewares/kalman-clib-master/src/matrix_unittests.c:252:6:test_matrix_multiplyadd_vector	112	static
../Middlewares/kalman-clib-master/src/matrix_unittests.c:280:6:test_matrix_add_inplace	112	static
../Middlewares/kalman-clib-master/src/matrix_unittests.c:308:6:test_matrix_sub_inplace_b	112	static
../Middlewares/kalman-clib-master/src/matrix_unittests.c:336:6:test_matrix_sub	112	static
../Middlewares/kalman-clib-master/src/matrix_unittests.c:364:6:test_matrix_copy	112	static
../Middlewares/kalman-clib-master/src/matrix_unittests.c:392:6:matrix_unittests	8	static
